Component: ARM Compiler 5.06 update 6 (build 750) Tool: armlink [4d35ed]

==============================================================================

Section Cross References

    bsp.o(i.BSP_Accelerometer_Init) refers to bsp.o(i.adcinit) for adcinit
    bsp.o(i.BSP_Buzzer_Init) refers to bsp.o(.data) for ClockFrequency
    bsp.o(i.BSP_Buzzer_Set) refers to bsp.o(.data) for PWMCycles
    bsp.o(i.BSP_Clock_GetFreq) refers to bsp.o(.data) for ClockFrequency
    bsp.o(i.BSP_Clock_InitFastest) refers to bsp.o(.data) for ClockFrequency
    bsp.o(i.BSP_Delay1ms) refers to bsp.o(.emb_text) for parrotdelay
    bsp.o(i.BSP_Joystick_Init) refers to bsp.o(i.adcinit) for adcinit
    bsp.o(i.BSP_LCD_DrawString) refers to bsp.o(i.BSP_LCD_DrawChar) for BSP_LCD_DrawChar
    bsp.o(i.BSP_LCD_Init) refers to bsp.o(i.ST7735_InitR) for ST7735_InitR
    bsp.o(i.BSP_LCD_Init) refers to bsp.o(i.BSP_UART0_OutString) for BSP_UART0_OutString
    bsp.o(i.BSP_LCD_OutUDec) refers to bsp.o(i.fillmessage) for fillmessage
    bsp.o(i.BSP_LCD_OutUDec) refers to bsp.o(i.BSP_LCD_DrawString) for BSP_LCD_DrawString
    bsp.o(i.BSP_LCD_OutUDec) refers to bsp.o(i.BSP_LCD_DrawChar) for BSP_LCD_DrawChar
    bsp.o(i.BSP_LCD_OutUDec) refers to bsp.o(.data) for StTextColor
    bsp.o(i.BSP_LCD_OutUDec) refers to bsp.o(.bss) for Message
    bsp.o(i.BSP_LCD_OutUDec4) refers to bsp.o(i.fillmessage4) for fillmessage4
    bsp.o(i.BSP_LCD_OutUDec4) refers to bsp.o(i.BSP_LCD_DrawString) for BSP_LCD_DrawString
    bsp.o(i.BSP_LCD_OutUDec4) refers to bsp.o(i.BSP_LCD_DrawChar) for BSP_LCD_DrawChar
    bsp.o(i.BSP_LCD_OutUDec4) refers to bsp.o(.data) for Messageindex
    bsp.o(i.BSP_LCD_OutUDec4) refers to bsp.o(.bss) for Message
    bsp.o(i.BSP_LCD_OutUDec5) refers to bsp.o(i.fillmessage5) for fillmessage5
    bsp.o(i.BSP_LCD_OutUDec5) refers to bsp.o(i.BSP_LCD_DrawString) for BSP_LCD_DrawString
    bsp.o(i.BSP_LCD_OutUDec5) refers to bsp.o(i.BSP_LCD_DrawChar) for BSP_LCD_DrawChar
    bsp.o(i.BSP_LCD_OutUDec5) refers to bsp.o(.data) for Messageindex
    bsp.o(i.BSP_LCD_OutUDec5) refers to bsp.o(.bss) for Message
    bsp.o(i.BSP_LCD_OutUFix2_1) refers to bsp.o(i.fillmessage2_1) for fillmessage2_1
    bsp.o(i.BSP_LCD_OutUFix2_1) refers to bsp.o(i.BSP_LCD_DrawString) for BSP_LCD_DrawString
    bsp.o(i.BSP_LCD_OutUFix2_1) refers to bsp.o(i.BSP_LCD_DrawChar) for BSP_LCD_DrawChar
    bsp.o(i.BSP_LCD_OutUFix2_1) refers to bsp.o(.data) for StY
    bsp.o(i.BSP_LCD_OutUFix2_1) refers to bsp.o(.bss) for Message
    bsp.o(i.BSP_LCD_OutUHex2) refers to bsp.o(i.fillmessage2_Hex) for fillmessage2_Hex
    bsp.o(i.BSP_LCD_OutUHex2) refers to bsp.o(i.BSP_LCD_DrawString) for BSP_LCD_DrawString
    bsp.o(i.BSP_LCD_OutUHex2) refers to bsp.o(i.BSP_LCD_DrawChar) for BSP_LCD_DrawChar
    bsp.o(i.BSP_LCD_OutUHex2) refers to bsp.o(.data) for StY
    bsp.o(i.BSP_LCD_OutUHex2) refers to bsp.o(.bss) for Message
    bsp.o(i.BSP_LCD_SetCursor) refers to bsp.o(i.BSP_LCD_DrawChar) for BSP_LCD_DrawChar
    bsp.o(i.BSP_LCD_SetCursor) refers to bsp.o(.data) for StX
    bsp.o(i.BSP_LightSensor_End) refers to bsp.o(i.BSP_Time_Get) for BSP_Time_Get
    bsp.o(i.BSP_LightSensor_End) refers to bsp.o(.data) for LightBusy
    bsp.o(i.BSP_LightSensor_Init) refers to bsp.o(i.i2cinit) for i2cinit
    bsp.o(i.BSP_LightSensor_Input) refers to bsp.o(i.BSP_Time_Get) for BSP_Time_Get
    bsp.o(i.BSP_LightSensor_Input) refers to bsp.o(.data) for LightBusy
    bsp.o(i.BSP_LightSensor_Start) refers to bsp.o(i.BSP_Time_Get) for BSP_Time_Get
    bsp.o(i.BSP_LightSensor_Start) refers to bsp.o(.data) for LightBusy
    bsp.o(i.BSP_Microphone_Init) refers to bsp.o(i.adcinit) for adcinit
    bsp.o(i.BSP_PeriodicTask_Init) refers to startup_tm4c123.o(.text) for StartCritical
    bsp.o(i.BSP_PeriodicTask_Init) refers to bsp.o(.data) for PeriodicTask
    bsp.o(i.BSP_PeriodicTask_InitB) refers to startup_tm4c123.o(.text) for StartCritical
    bsp.o(i.BSP_PeriodicTask_InitB) refers to bsp.o(.data) for PeriodicTaskB
    bsp.o(i.BSP_PeriodicTask_InitC) refers to startup_tm4c123.o(.text) for StartCritical
    bsp.o(i.BSP_PeriodicTask_InitC) refers to bsp.o(.data) for PeriodicTaskC
    bsp.o(i.BSP_TempSensor_End) refers to bsp.o(i.BSP_Time_Get) for BSP_Time_Get
    bsp.o(i.BSP_TempSensor_End) refers to bsp.o(.data) for TempBusy
    bsp.o(i.BSP_TempSensor_Init) refers to bsp.o(i.i2cinit) for i2cinit
    bsp.o(i.BSP_TempSensor_Input) refers to bsp.o(i.BSP_Time_Get) for BSP_Time_Get
    bsp.o(i.BSP_TempSensor_Input) refers to bsp.o(.data) for TempBusy
    bsp.o(i.BSP_TempSensor_Start) refers to bsp.o(i.BSP_Time_Get) for BSP_Time_Get
    bsp.o(i.BSP_TempSensor_Start) refers to bsp.o(.data) for TempBusy
    bsp.o(i.BSP_Time_Init) refers to startup_tm4c123.o(.text) for StartCritical
    bsp.o(i.BSP_UART0_OutString) refers to bsp.o(i.BSP_UART0_OutChar) for BSP_UART0_OutChar
    bsp.o(i.ST7735_InitR) refers to bsp.o(i.commonInit) for commonInit
    bsp.o(i.ST7735_InitR) refers to bsp.o(.constdata) for Rcmd1
[...]
    ../clib/angel/sys.s                      0x00000000   Number         0  sys_stackheap_outer.o ABSOLUTE
    ../clib/angel/sys.s                      0x00000000   Number         0  libspace.o ABSOLUTE
    ../clib/angel/sys.s                      0x00000000   Number         0  indicate_semi.o ABSOLUTE
    ../clib/angel/sysapp.c                   0x00000000   Number         0  sys_command.o ABSOLUTE
    ../clib/angel/sysapp.c                   0x00000000   Number         0  sys_exit.o ABSOLUTE
    ../clib/angel/sysapp.c                   0x00000000   Number         0  sys_wrch.o ABSOLUTE
    ../clib/armsys.c                         0x00000000   Number         0  _get_argv_nomalloc.o ABSOLUTE
    ../clib/armsys.c                         0x00000000   Number         0  no_argv.o ABSOLUTE
    ../clib/armsys.c                         0x00000000   Number         0  argv_veneer.o ABSOLUTE
    ../clib/armsys.c                         0x00000000   Number         0  argv_veneer.o ABSOLUTE
    ../clib/heapalloc.c                      0x00000000   Number         0  hrguard.o ABSOLUTE
    ../clib/heapaux.c                        0x00000000   Number         0  heapauxi.o ABSOLUTE
    ../clib/libinit.s                        0x00000000   Number         0  libshutdown2.o ABSOLUTE
    ../clib/libinit.s                        0x00000000   Number         0  libinit.o ABSOLUTE
    ../clib/libinit.s                        0x00000000   Number         0  libshutdown.o ABSOLUTE
    ../clib/libinit.s                        0x00000000   Number         0  libinit2.o ABSOLUTE
    ../clib/signal.c                         0x00000000   Number         0  defsig_rtmem_formal.o ABSOLUTE
    ../clib/signal.c                         0x00000000   Number         0  defsig_rtmem_outer.o ABSOLUTE
    ../clib/signal.c                         0x00000000   Number         0  defsig_other.o ABSOLUTE
    ../clib/signal.c                         0x00000000   Number         0  defsig_abrt_inner.o ABSOLUTE
    ../clib/signal.c                         0x00000000   Number         0  defsig_rtmem_inner.o ABSOLUTE
    ../clib/signal.c                         0x00000000   Number         0  __raise.o ABSOLUTE
    ../clib/signal.c                         0x00000000   Number         0  defsig_general.o ABSOLUTE
    ../clib/signal.c                         0x00000000   Number         0  defsig_fpe_inner.o ABSOLUTE
    ../clib/signal.c                         0x00000000   Number         0  defsig_rtred_inner.o ABSOLUTE
    ../clib/signal.c                         0x00000000   Number         0  defsig_stak_inner.o ABSOLUTE
    ../clib/signal.c                         0x00000000   Number         0  defsig_exit.o ABSOLUTE
    ../clib/signal.c                         0x00000000   Number         0  defsig_pvfn_inner.o ABSOLUTE
    ../clib/signal.c                         0x00000000   Number         0  defsig_cppl_inner.o ABSOLUTE
    ../clib/signal.c                         0x00000000   Number         0  defsig_segv_inner.o ABSOLUTE
    ../clib/signal.s                         0x00000000   Number         0  defsig.o ABSOLUTE
    ../clib/stdlib.c                         0x00000000   Number         0  exit.o ABSOLUTE
    ../fplib/ddiv.s                          0x00000000   Number         0  ddiv.o ABSOLUTE
    ../fplib/dfixu.s                         0x00000000   Number         0  dfixu.o ABSOLUTE
    ../fplib/dflt.s                          0x00000000   Number         0  dflt_clz.o ABSOLUTE
    ../fplib/dnaninf.s                       0x00000000   Number         0  dnaninf.o ABSOLUTE
    ../fplib/dretinf.s                       0x00000000   Number         0  dretinf.o ABSOLUTE
    ../fplib/fpinit.s                        0x00000000   Number         0  fpinit.o ABSOLUTE
    ../fplib/usenofp.s                       0x00000000   Number         0  usenofp.o ABSOLUTE
    ..\\inc\\BSP.c                           0x00000000   Number         0  bsp.o ABSOLUTE
    ..\inc\BSP.c                             0x00000000   Number         0  bsp.o ABSOLUTE
    ..\inc\Profile.c                         0x00000000   Number         0  profile.o ABSOLUTE
    Lab3.c                                   0x00000000   Number         0  lab3.o ABSOLUTE
    RTE\Device\TM4C123GH6PM\startup_TM4C123.s 0x00000000   Number         0  startup_tm4c123.o ABSOLUTE
    RTE\Device\TM4C123GH6PM\system_TM4C123.c 0x00000000   Number         0  system_tm4c123.o ABSOLUTE
    RTE\\Device\\TM4C123GH6PM\\system_TM4C123.c 0x00000000   Number         0  system_tm4c123.o ABSOLUTE
    Texas.c                                  0x00000000   Number         0  texas.o ABSOLUTE
    dc.s                                     0x00000000   Number         0  dc.o ABSOLUTE
    os.c                                     0x00000000   Number         0  os.o ABSOLUTE
    osasm.s                                  0x00000000   Number         0  osasm.o ABSOLUTE
    !!!main                                  0x0000026c   Section        8  __main.o(!!!main)
    !!!scatter                               0x00000274   Section       52  __scatter.o(!!!scatter)
    !!dczerorl                               0x000002a8   Section       58  __dczerorl.o(!!dczerorl)
    !!handler_zi                             0x000002e4   Section       28  __scatter_zi.o(!!handler_zi)
    .ARM.Collect$$libinit$$00000000          0x00000300   Section        2  libinit.o(.ARM.Collect$$libinit$$00000000)
    .ARM.Collect$$libinit$$00000002          0x00000302   Section        0  libinit2.o(.ARM.Collect$$libinit$$00000002)
    .ARM.Collect$$libinit$$00000004          0x00000302   Section        0  libinit2.o(.ARM.Collect$$libinit$$00000004)
    .ARM.Collect$$libinit$$0000000A          0x00000302   Section        0  libinit2.o(.ARM.Collect$$libinit$$0000000A)
    .ARM.Collect$$libinit$$0000000C          0x00000302   Section        0  libinit2.o(.ARM.Collect$$libinit$$0000000C)
    .ARM.Collect$$libinit$$0000000E          0x00000302   Section        0  libinit2.o(.ARM.Collect$$libinit$$0000000E)
    .ARM.Collect$$libinit$$00000011          0x00000302   Section        0  libinit2.o(.ARM.Collect$$libinit$$00000011)
    .ARM.Collect$$libinit$$00000013          0x00000302   Section        0  libinit2.o(.ARM.Collect$$libinit$$00000013)
    .ARM.Collect$$libinit$$00000015          0x00000302   Section        0  libinit2.o(.ARM.Collect$$libinit$$00000015)
    .ARM.Collect$$libinit$$00000017          0x00000302   Section        0  libinit2.o(.ARM.Collect$$libinit$$00000017)
    .ARM.Collect$$libinit$$00000019          0x00000302   Section        0  libinit2.o(.ARM.Collect$$libinit$$00000019)
    .ARM.Collect$$libinit$$0000001B          0x00000302   Section        0  libinit2.o(.ARM.Collect$$libinit$$0000001B)
    .ARM.Collect$$libinit$$0000001D          0x00000302   Section        0  libinit2.o(.ARM.Collect$$libinit$$0000001D)
    .ARM.Collect$$libinit$$0000001F          0x00000302   Section        0  libinit2.o(.ARM.Collect$$libinit$$0000001F)
    .ARM.Collect$$libinit$$00000021          0x00000302   Section        0  libinit2.o(.ARM.Collect$$libinit$$00000021)
    .ARM.Collect$$libinit$$00000023          0x00000302   Section        0  libinit2.o(.ARM.Collect$$libinit$$00000023)
    .ARM.Collect$$libinit$$00000025          0x00000302   Section        0  libinit2.o(.ARM.Collect$$libinit$$00000025)
    .ARM.Collect$$libinit$$0000002C          0x00000302   Section        0  libinit2.o(.ARM.Collect$$libinit$$0000002C)
    .ARM.Collect$$libinit$$0000002E          0x00000302   Section        0  libinit2.o(.ARM.Collect$$libinit$$0000002E)
    .ARM.Collect$$libinit$$00000030          0x00000302   Section        0  libinit2.o(.ARM.Collect$$libinit$$00000030)
    .ARM.Collect$$libinit$$00000032          0x00000302   Section        0  libinit2.o(.ARM.Collect$$libinit$$00000032)
    .ARM.Collect$$libinit$$00000033          0x00000302   Section        2  libinit2.o(.ARM.Collect$$libinit$$00000033)
    .ARM.Collect$$libshutdown$$00000000      0x00000304   Section        2  libshutdown.o(.ARM.Collect$$libshutdown$$00000000)
    .ARM.Collect$$libshutdown$$00000002      0x00000306   Section        0  libshutdown2.o(.ARM.Collect$$libshutdown$$00000002)
    .ARM.Collect$$libshutdown$$00000004      0x00000306   Section        0  libshutdown2.o(.ARM.Collect$$libshutdown$$00000004)
    .ARM.Collect$$libshutdown$$00000007      0x00000306   Section        0  libshutdown2.o(.ARM.Collect$$libshutdown$$00000007)
    .ARM.Collect$$libshutdown$$0000000A      0x00000306   Section        0  libshutdown2.o(.ARM.Collect$$libshutdown$$0000000A)
    .ARM.Collect$$libshutdown$$0000000C      0x00000306   Section        0  libshutdown2.o(.ARM.Collect$$libshutdown$$0000000C)
    .ARM.Collect$$libshutdown$$0000000F      0x00000306   Section        0  libshutdown2.o(.ARM.Collect$$libshutdown$$0000000F)
    .ARM.Collect$$libshutdown$$00000010      0x00000306   Section        2  libshutdown2.o(.ARM.Collect$$libshutdown$$00000010)
    .ARM.Collect$$rtentry$$00000000          0x00000308   Section        0  __rtentry.o(.ARM.Collect$$rtentry$$00000000)
    .ARM.Collect$$rtentry$$00000002          0x00000308   Section        0  __rtentry2.o(.ARM.Collect$$rtentry$$00000002)
    .ARM.Collect$$rtentry$$00000004          0x00000308   Section        6  __rtentry4.o(.ARM.Collect$$rtentry$$00000004)
    .ARM.Collect$$rtentry$$00000009          0x0000030e   Section        0  __rtentry2.o(.ARM.Collect$$rtentry$$00000009)
    .ARM.Collect$$rtentry$$0000000A          0x0000030e   Section        4  __rtentry2.o(.ARM.Collect$$rtentry$$0000000A)
    .ARM.Collect$$rtentry$$0000000C          0x00000312   Section        0  __rtentry2.o(.ARM.Collect$$rtentry$$0000000C)
    .ARM.Collect$$rtentry$$0000000D          0x00000312   Section        8  __rtentry2.o(.ARM.Collect$$rtentry$$0000000D)
    .ARM.Collect$$rtexit$$00000000           0x0000031a   Section        2  rtexit.o(.ARM.Collect$$rtexit$$00000000)
    .ARM.Collect$$rtexit$$00000002           0x0000031c   Section        0  rtexit2.o(.ARM.Collect$$rtexit$$00000002)
    .ARM.Collect$$rtexit$$00000003           0x0000031c   Section        4  rtexit2.o(.ARM.Collect$$rtexit$$00000003)
    .ARM.Collect$$rtexit$$00000004           0x00000320   Section        6  rtexit2.o(.ARM.Collect$$rtexit$$00000004)
    .text                                    0x00000328   Section       72  osasm.o(.text)
    .text                                    0x00000370   Section      292  startup_tm4c123.o(.text)
    .text                                    0x00000494   Section        0  heapauxi.o(.text)
    .text                                    0x0000049a   Section       74  sys_stackheap_outer.o(.text)
    .text                                    0x000004e4   Section        0  exit.o(.text)
    .text                                    0x000004f8   Section        8  libspace.o(.text)
    .text                                    0x00000500   Section        0  sys_exit.o(.text)
    .text                                    0x0000050c   Section        2  use_no_semi.o(.text)
    .text                                    0x0000050e   Section        0  indicate_semi.o(.text)
    i.BSP_Accelerometer_Init                 0x00000510   Section        0  bsp.o(i.BSP_Accelerometer_Init)
    i.BSP_Accelerometer_Input                0x000005c0   Section        0  bsp.o(i.BSP_Accelerometer_Input)
    i.BSP_Button1_Init                       0x00000608   Section        0  bsp.o(i.BSP_Button1_Init)
    i.BSP_Button1_Input                      0x00000688   Section        0  bsp.o(i.BSP_Button1_Input)
    i.BSP_Button2_Init                       0x00000694   Section        0  bsp.o(i.BSP_Button2_Init)
    i.BSP_Button2_Input                      0x00000724   Section        0  bsp.o(i.BSP_Button2_Input)
    i.BSP_Buzzer_Init                        0x00000730   Section        0  bsp.o(i.BSP_Buzzer_Init)
    i.BSP_Buzzer_Set                         0x00000804   Section        0  bsp.o(i.BSP_Buzzer_Set)
    i.BSP_Clock_GetFreq                      0x00000824   Section        0  bsp.o(i.BSP_Clock_GetFreq)
    i.BSP_Clock_InitFastest                  0x00000830   Section        0  bsp.o(i.BSP_Clock_InitFastest)
    i.BSP_LCD_Color565                       0x000008bc   Section        0  bsp.o(i.BSP_LCD_Color565)
    i.BSP_LCD_DrawChar                       0x000008d4   Section        0  bsp.o(i.BSP_LCD_DrawChar)
    i.BSP_LCD_DrawString                     0x000008f4   Section        0  bsp.o(i.BSP_LCD_DrawString)
    i.BSP_LCD_Drawaxes                       0x0000094a   Section        0  bsp.o(i.BSP_LCD_Drawaxes)
    i.BSP_LCD_FillScreen                     0x00000954   Section        0  bsp.o(i.BSP_LCD_FillScreen)
    i.BSP_LCD_Init                           0x00000958   Section        0  bsp.o(i.BSP_LCD_Init)
    i.BSP_LCD_OutUDec4                       0x0000098c   Section        0  bsp.o(i.BSP_LCD_OutUDec4)
    i.BSP_LCD_OutUFix2_1                     0x00000a14   Section        0  bsp.o(i.BSP_LCD_OutUFix2_1)
    i.BSP_LCD_PlotIncrement                  0x00000a84   Section        0  bsp.o(i.BSP_LCD_PlotIncrement)
    i.BSP_LCD_PlotPoint                      0x00000a86   Section        0  bsp.o(i.BSP_LCD_PlotPoint)
    i.BSP_LCD_SetCursor                      0x00000a88   Section        0  bsp.o(i.BSP_LCD_SetCursor)
    i.BSP_LightSensor_End                    0x00000b78   Section        0  bsp.o(i.BSP_LightSensor_End)
    i.BSP_LightSensor_Init                   0x00000bd4   Section        0  bsp.o(i.BSP_LightSensor_Init)
    i.BSP_LightSensor_Start                  0x00000bdc   Section        0  bsp.o(i.BSP_LightSensor_Start)
    i.BSP_Microphone_Init                    0x00000bfc   Section        0  bsp.o(i.BSP_Microphone_Init)
    i.BSP_Microphone_Input                   0x00000ca8   Section        0  bsp.o(i.BSP_Microphone_Input)
    i.BSP_PeriodicTask_Init                  0x00000cd4   Section        0  bsp.o(i.BSP_PeriodicTask_Init)
    i.BSP_PeriodicTask_InitB                 0x00000d94   Section        0  bsp.o(i.BSP_PeriodicTask_InitB)
    i.BSP_PeriodicTask_InitC                 0x00000e50   Section        0  bsp.o(i.BSP_PeriodicTask_InitC)
    i.BSP_RGB_Init                           0x00000f0c   Section        0  bsp.o(i.BSP_RGB_Init)
    i.BSP_RGB_Set                            0x00000f0e   Section        0  bsp.o(i.BSP_RGB_Set)
    i.BSP_TempSensor_End                     0x00000f10   Section        0  bsp.o(i.BSP_TempSensor_End)
    i.BSP_TempSensor_Init                    0x00000f70   Section        0  bsp.o(i.BSP_TempSensor_Init)
    i.BSP_TempSensor_Start                   0x00000f78   Section        0  bsp.o(i.BSP_TempSensor_Start)
    i.BSP_Time_Get                           0x00000f98   Section        0  bsp.o(i.BSP_Time_Get)
    i.BSP_Time_Init                          0x00000fa8   Section        0  bsp.o(i.BSP_Time_Init)
    i.BSP_UART0_OutChar                      0x00001014   Section        0  bsp.o(i.BSP_UART0_OutChar)
    i.BSP_UART0_OutString                    0x0000102c   Section        0  bsp.o(i.BSP_UART0_OutString)
    i.Encrypt                                0x00001044   Section        0  texas.o(i.Encrypt)
    Encrypt                                  0x00001045   Thumb Code    86  texas.o(i.Encrypt)
    i.Grader                                 0x000010ac   Section        0  texas.o(i.Grader)
    i.LogicAnalyzer                          0x0000155c   Section        0  texas.o(i.LogicAnalyzer)
    i.NonrealTimeResults                     0x00001570   Section        0  texas.o(i.NonrealTimeResults)
    i.OS_AddPeriodicEventThread              0x00001610   Section        0  os.o(i.OS_AddPeriodicEventThread)
    i.OS_AddThreads                          0x000016d4   Section        0  os.o(i.OS_AddThreads)
    i.OS_FIFO_Get                            0x0000179c   Section        0  os.o(i.OS_FIFO_Get)
    i.OS_FIFO_Init                           0x000017d4   Section        0  os.o(i.OS_FIFO_Init)
    i.OS_FIFO_Put                            0x00001800   Section        0  os.o(i.OS_FIFO_Put)
    i.OS_Init                                0x00001854   Section        0  os.o(i.OS_Init)
    i.OS_InitSemaphore                       0x00001870   Section        0  os.o(i.OS_InitSemaphore)
    i.OS_Launch                              0x00001874   Section        0  os.o(i.OS_Launch)
    i.OS_Signal                              0x000018a8   Section        0  os.o(i.OS_Signal)
    i.OS_Sleep                               0x000018dc   Section        0  os.o(i.OS_Sleep)
    i.OS_Suspend                             0x000018f0   Section        0  os.o(i.OS_Suspend)
    i.OS_Wait                                0x00001908   Section        0  os.o(i.OS_Wait)
    i.PeriodicTask2_Init                     0x00001934   Section        0  texas.o(i.PeriodicTask2_Init)
    i.PeriodicTask2_Stop                     0x000019f0   Section        0  texas.o(i.PeriodicTask2_Stop)
    i.Profile_Init                           0x00001a14   Section        0  profile.o(i.Profile_Init)
    i.RealTimeResults                        0x00001be8   Section        0  texas.o(i.RealTimeResults)
    i.RealTimeResultsNoJitter                0x00001ca0   Section        0  texas.o(i.RealTimeResultsNoJitter)
    i.ST7735_InitR                           0x00001d54   Section        0  bsp.o(i.ST7735_InitR)
    ST7735_InitR                             0x00001d55   Thumb Code    12  bsp.o(i.ST7735_InitR)
    i.Scheduler                              0x00001d64   Section        0  os.o(i.Scheduler)
    i.SetGrade                               0x00001d9c   Section        0  texas.o(i.SetGrade)
    SetGrade                                 0x00001d9d   Thumb Code   196  texas.o(i.SetGrade)
    i.SetInitialStack                        0x00001e68   Section        0  os.o(i.SetInitialStack)
    i.Step2Test                              0x00001fb8   Section        0  texas.o(i.Step2Test)
    i.Step3Test                              0x00002354   Section        0  texas.o(i.Step3Test)
    i.Step4Test                              0x000026a0   Section        0  texas.o(i.Step4Test)
    i.Step5Test                              0x00002a44   Section        0  texas.o(i.Step5Test)
    i.TExaS_Init                             0x00002e6c   Section        0  texas.o(i.TExaS_Init)
    i.TExaS_Stop                             0x00003078   Section        0  texas.o(i.TExaS_Stop)
    i.TExaS_Task0                            0x00003080   Section        0  texas.o(i.TExaS_Task0)
    i.TExaS_Task1                            0x000030c0   Section        0  texas.o(i.TExaS_Task1)
    i.TExaS_Task2                            0x00003100   Section        0  texas.o(i.TExaS_Task2)
    i.TExaS_Task3                            0x00003140   Section        0  texas.o(i.TExaS_Task3)
    i.TExaS_Task4                            0x00003180   Section        0  texas.o(i.TExaS_Task4)
    i.TExaS_Task5                            0x000031c0   Section        0  texas.o(i.TExaS_Task5)
    i.TExaS_Task6                            0x00003200   Section        0  texas.o(i.TExaS_Task6)
    i.TIMER5A_Handler                        0x00003240   Section        0  texas.o(i.TIMER5A_Handler)
    i.Task0                                  0x00003258   Section        0  lab3.o(i.Task0)
    i.Task0_Init                             0x000032e4   Section        0  lab3.o(i.Task0_Init)
    i.Task1                                  0x000032f8   Section        0  lab3.o(i.Task1)
    i.Task1_Init                             0x0000336c   Section        0  lab3.o(i.Task1_Init)
    i.Task2                                  0x000033d4   Section        0  lab3.o(i.Task2)
    i.Task3                                  0x00003598   Section        0  lab3.o(i.Task3)
    i.Task4                                  0x000036e0   Section        0  lab3.o(i.Task4)
    i.Task5                                  0x00003748   Section        0  lab3.o(i.Task5)
    i.Task6                                  0x000038d0   Section        0  lab3.o(i.Task6)
    i.Task7                                  0x00003938   Section        0  lab3.o(i.Task7)
    i.UART_Init                              0x00003954   Section        0  texas.o(i.UART_Init)
    i.UART_OutChar                           0x000039f8   Section        0  texas.o(i.UART_OutChar)
    i.UART_OutString                         0x00003a10   Section        0  texas.o(i.UART_OutString)
    i.UART_OutUDec                           0x00003a28   Section        0  texas.o(i.UART_OutUDec)
    i.UART_OutUDec7                          0x00003a54   Section        0  texas.o(i.UART_OutUDec7)
    i.UART_OutUFix1                          0x00003a98   Section        0  texas.o(i.UART_OutUFix1)
    i.WideTimer3A_Handler                    0x00003ac8   Section        0  bsp.o(i.WideTimer3A_Handler)
    i.WideTimer4A_Handler                    0x00003ae0   Section        0  bsp.o(i.WideTimer4A_Handler)
    i.WideTimer5A_Handler                    0x00003af8   Section        0  bsp.o(i.WideTimer5A_Handler)
    i.adcinit                                0x00003b10   Section        0  bsp.o(i.adcinit)
    adcinit                                  0x00003b11   Thumb Code    58  bsp.o(i.adcinit)
    i.commonInit                             0x00003b5c   Section        0  bsp.o(i.commonInit)
    commonInit                               0x00003b5d   Thumb Code   118  bsp.o(i.commonInit)
    i.drawaxes                               0x00003be4   Section        0  lab3.o(i.drawaxes)
    i.fillmessage                            0x00003cf8   Section        0  bsp.o(i.fillmessage)
    fillmessage                              0x00003cf9   Thumb Code    64  bsp.o(i.fillmessage)
    i.fillmessage2_1                         0x00003d40   Section        0  bsp.o(i.fillmessage2_1)
    fillmessage2_1                           0x00003d41   Thumb Code    90  bsp.o(i.fillmessage2_1)
    i.fillmessage4                           0x00003da0   Section        0  bsp.o(i.fillmessage4)
    fillmessage4                             0x00003da1   Thumb Code    90  bsp.o(i.fillmessage4)
    i.fillmessage7b                          0x00003e04   Section        0  texas.o(i.fillmessage7b)
    fillmessage7b                            0x00003e05   Thumb Code   174  texas.o(i.fillmessage7b)
    i.fillmessageb                           0x00003ec8   Section        0  texas.o(i.fillmessageb)
    fillmessageb                             0x00003ec9   Thumb Code    64  texas.o(i.fillmessageb)
    i.i2cinit                                0x00003f10   Section        0  bsp.o(i.i2cinit)
    i2cinit                                  0x00003f11   Thumb Code    18  bsp.o(i.i2cinit)
    i.main                                   0x00003f28   Section        0  lab3.o(i.main)
    i.runperiodicevents                      0x00004004   Section        0  os.o(i.runperiodicevents)
    runperiodicevents                        0x00004005   Thumb Code    42  os.o(i.runperiodicevents)
    i.sqrt32                                 0x00004034   Section        0  lab3.o(i.sqrt32)
    x$fpl$ddiv                               0x00004054   Section      688  ddiv.o(x$fpl$ddiv)
    ddiv_entry                               0x0000405b   Thumb Code     0  ddiv.o(x$fpl$ddiv)
    x$fpl$dfixu                              0x00004304   Section       90  dfixu.o(x$fpl$dfixu)
    x$fpl$dfltu                              0x0000435e   Section       38  dflt_clz.o(x$fpl$dfltu)
    x$fpl$dnaninf                            0x00004384   Section      156  dnaninf.o(x$fpl$dnaninf)
    x$fpl$dretinf                            0x00004420   Section       12  dretinf.o(x$fpl$dretinf)
    .constdata                               0x0000442c   Section      128  bsp.o(.constdata)
    x$fpl$usenofp                            0x0000442c   Section        0  usenofp.o(x$fpl$usenofp)
    Rcmd1                                    0x0000442c   Data          59  bsp.o(.constdata)
    Rcmd2green                               0x00004467   Data          13  bsp.o(.constdata)
    Rcmd2red                                 0x00004474   Data          13  bsp.o(.constdata)
    Rcmd3                                    0x00004481   Data          43  bsp.o(.constdata)
    .constdata                               0x000044ac   Section       72  texas.o(.constdata)
    .data                                    0x20000000   Section       92  bsp.o(.data)
    ClockFrequency                           0x20000000   Data           4  bsp.o(.data)
    PWMCycles                                0x20000004   Data           2  bsp.o(.data)
    firstCall                                0x20000050   Data           4  bsp.o(.data)
    x                                        0x20000054   Data           4  bsp.o(.data)
    y                                        0x20000058   Data           4  bsp.o(.data)
    .data                                    0x2000005c   Section      234  lab3.o(.data)
    soundSum                                 0x2000013c   Data           4  lab3.o(.data)
    time                                     0x20000140   Data           4  lab3.o(.data)
    prev1                                    0x20000144   Data           1  lab3.o(.data)
    prev2                                    0x20000145   Data           1  lab3.o(.data)
    .data                                    0x20000148   Section       24  os.o(.data)
    .data                                    0x20000160   Section       72  texas.o(.data)
    count                                    0x20000194   Data           4  texas.o(.data)
    count                                    0x20000198   Data           4  texas.o(.data)
    count                                    0x2000019c   Data           4  texas.o(.data)
    count                                    0x200001a0   Data           4  texas.o(.data)
    count                                    0x200001a4   Data           4  texas.o(.data)
    .bss                                     0x200001a8   Section       12  bsp.o(.bss)
    .bss                                     0x200001b4   Section     2000  lab3.o(.bss)
    .bss                                     0x20000984   Section     2568  os.o(.bss)
    .bss                                     0x2000138c   Section     1740  texas.o(.bss)
    .bss                                     0x20001a58   Section       96  libspace.o(.bss)
    HEAP                                     0x20001ab8   Section        0  startup_tm4c123.o(HEAP)
    STACK                                    0x20001ab8   Section      512  startup_tm4c123.o(STACK)
    Heap_Mem                                 0x20001ab8   Data           0  startup_tm4c123.o(HEAP)
    Stack_Mem                                0x20001ab8   Data         512  startup_tm4c123.o(STACK)
    __initial_sp                             0x20001cb8   Data           0  startup_tm4c123.o(STACK)

    Global Symbols

    Symbol Name                              Value     Ov Type        Size  Object(Section)

    BuildAttributes$$THM_ISAv4$E$P$D$K$B$S$7EM$PE$A:L22UL41UL21$X:L11$S22US41US21$IEEE1$IW$USESV6$~STKCKD$USESV7$~SHL$OSPACE$ROPI$EBA8$UX$STANDARDLIB$REQ8$PRES8$EABIv2 0x00000000   Number         0  anon$$obj.o ABSOLUTE
    __ARM_use_no_argv                        0x00000000   Number         0  lab3.o ABSOLUTE
    __Vectors                                0x00000000   Data           4  startup_tm4c123.o(RESET)
    __ARM_exceptions_init                     - Undefined Weak Reference
    __alloca_initialize                       - Undefined Weak Reference
    __arm_preinit_                            - Undefined Weak Reference
    __cpp_initialize__aeabi_                  - Undefined Weak Reference
    __cxa_finalize                            - Undefined Weak Reference
    __rt_locale                               - Undefined Weak Reference
    __sigvec_lookup                           - Undefined Weak Reference
    _atexit_init                              - Undefined Weak Reference
    _call_atexit_fns                          - Undefined Weak Reference
    _clock_init                               - Undefined Weak Reference
    _fp_trap_init                             - Undefined Weak Reference
    _fp_trap_shutdown                         - Undefined Weak Reference
    _get_lc_collate                           - Undefined Weak Reference
    _get_lc_ctype                             - Undefined Weak Reference
    _get_lc_monetary                          - Undefined Weak Reference
    _get_lc_numeric                           - Undefined Weak Reference
    _get_lc_time                              - Undefined Weak Reference
    _getenv_init                              - Undefined Weak Reference
    _handle_redirection                       - Undefined Weak Reference
    _init_alloc                               - Undefined Weak Reference
    _init_user_alloc                          - Undefined Weak Reference
    _initio                                   - Undefined Weak Reference
    _rand_init                                - Undefined Weak Reference
    _signal_finish                            - Undefined Weak Reference
    _signal_init                              - Undefined Weak Reference
    _terminate_alloc                          - Undefined Weak Reference
    _terminate_user_alloc                     - Undefined Weak Reference
    _terminateio                              - Undefined Weak Reference
    __Vectors_End                            0x0000026c   Data           0  startup_tm4c123.o(RESET)
    __Vectors_Size                           0x0000026c   Number         0  startup_tm4c123.o ABSOLUTE
    __main                                   0x0000026d   Thumb Code     8  __main.o(!!!main)
    __scatterload                            0x00000275   Thumb Code     0  __scatter.o(!!!scatter)
    __scatterload_rt2                        0x00000275   Thumb Code    44  __scatter.o(!!!scatter)
    __scatterload_rt2_thumb_only             0x00000275   Thumb Code     0  __scatter.o(!!!scatter)
    __scatterload_null                       0x00000283   Thumb Code     0  __scatter.o(!!!scatter)
    __decompress                             0x000002a9   Thumb Code    58  __dczerorl.o(!!dczerorl)
    __decompress0                            0x000002a9   Thumb Code     0  __dczerorl.o(!!dczerorl)
    __scatterload_zeroinit                   0x000002e5   Thumb Code    28  __scatter_zi.o(!!handler_zi)
    __rt_lib_init                            0x00000301   Thumb Code     0  libinit.o(.ARM.Collect$$libinit$$00000000)
    __rt_lib_init_alloca_1                   0x00000303   Thumb Code     0  libinit2.o(.ARM.Collect$$libinit$$0000002E)
    __rt_lib_init_argv_1                     0x00000303   Thumb Code     0  libinit2.o(.ARM.Collect$$libinit$$0000002C)
    __rt_lib_init_atexit_1                   0x00000303   Thumb Code     0  libinit2.o(.ARM.Collect$$libinit$$0000001B)
    __rt_lib_init_clock_1                    0x00000303   Thumb Code     0  libinit2.o(.ARM.Collect$$libinit$$00000021)
    __rt_lib_init_cpp_1                      0x00000303   Thumb Code     0  libinit2.o(.ARM.Collect$$libinit$$00000032)
    __rt_lib_init_exceptions_1               0x00000303   Thumb Code     0  libinit2.o(.ARM.Collect$$libinit$$00000030)
    __rt_lib_init_fp_1                       0x00000303   Thumb Code     0  libinit2.o(.ARM.Collect$$libinit$$00000002)
    __rt_lib_init_fp_trap_1                  0x00000303   Thumb Code     0  libinit2.o(.ARM.Collect$$libinit$$0000001F)
    __rt_lib_init_getenv_1                   0x00000303   Thumb Code     0  libinit2.o(.ARM.Collect$$libinit$$00000023)
    __rt_lib_init_heap_1                     0x00000303   Thumb Code     0  libinit2.o(.ARM.Collect$$libinit$$0000000A)
    __rt_lib_init_lc_collate_1               0x00000303   Thumb Code     0  libinit2.o(.ARM.Collect$$libinit$$00000011)
    __rt_lib_init_lc_ctype_1                 0x00000303   Thumb Code     0  libinit2.o(.ARM.Collect$$libinit$$00000013)
    __rt_lib_init_lc_monetary_1              0x00000303   Thumb Code     0  libinit2.o(.ARM.Collect$$libinit$$00000015)
    __rt_lib_init_lc_numeric_1               0x00000303   Thumb Code     0  libinit2.o(.ARM.Collect$$libinit$$00000017)
    __rt_lib_init_lc_time_1                  0x00000303   Thumb Code     0  libinit2.o(.ARM.Collect$$libinit$$00000019)
    __rt_lib_init_preinit_1                  0x00000303   Thumb Code     0  libinit2.o(.ARM.Collect$$libinit$$00000004)
    __rt_lib_init_rand_1                     0x00000303   Thumb Code     0  libinit2.o(.ARM.Collect$$libinit$$0000000E)
    __rt_lib_init_return                     0x00000303   Thumb Code     0  libinit2.o(.ARM.Collect$$libinit$$00000033)
    __rt_lib_init_signal_1                   0x00000303   Thumb Code     0  libinit2.o(.ARM.Collect$$libinit$$0000001D)
    __rt_lib_init_stdio_1                    0x00000303   Thumb Code     0  libinit2.o(.ARM.Collect$$libinit$$00000025)
    __rt_lib_init_user_alloc_1               0x00000303   Thumb Code     0  libinit2.o(.ARM.Collect$$libinit$$0000000C)
    __rt_lib_shutdown                        0x00000305   Thumb Code     0  libshutdown.o(.ARM.Collect$$libshutdown$$00000000)
    __rt_lib_shutdown_cpp_1                  0x00000307   Thumb Code     0  libshutdown2.o(.ARM.Collect$$libshutdown$$00000002)
    __rt_lib_shutdown_fp_trap_1              0x00000307   Thumb Code     0  libshutdown2.o(.ARM.Collect$$libshutdown$$00000007)
    __rt_lib_shutdown_heap_1                 0x00000307   Thumb Code     0  libshutdown2.o(.ARM.Collect$$libshutdown$$0000000F)
    __rt_lib_shutdown_return                 0x00000307   Thumb Code     0  libshutdown2.o(.ARM.Collect$$libshutdown$$00000010)
    __rt_lib_shutdown_signal_1               0x00000307   Thumb Code     0  libshutdown2.o(.ARM.Collect$$libshutdown$$0000000A)
    __rt_lib_shutdown_stdio_1                0x00000307   Thumb Code     0  libshutdown2.o(.ARM.Collect$$libshutdown$$00000004)
    __rt_lib_shutdown_user_alloc_1           0x00000307   Thumb Code     0  libshutdown2.o(.ARM.Collect$$libshutdown$$0000000C)
    __rt_entry                               0x00000309   Thumb Code     0  __rtentry.o(.ARM.Collect$$rtentry$$00000000)
    __rt_entry_presh_1                       0x00000309   Thumb Code     0  __rtentry2.o(.ARM.Collect$$rtentry$$00000002)
    __rt_entry_sh                            0x00000309   Thumb Code     0  __rtentry4.o(.ARM.Collect$$rtentry$$00000004)
    __rt_entry_li                            0x0000030f   Thumb Code     0  __rtentry2.o(.ARM.Collect$$rtentry$$0000000A)
    __rt_entry_postsh_1                      0x0000030f   Thumb Code     0  __rtentry2.o(.ARM.Collect$$rtentry$$00000009)
    __rt_entry_main                          0x00000313   Thumb Code     0  __rtentry2.o(.ARM.Collect$$rtentry$$0000000D)
    __rt_entry_postli_1                      0x00000313   Thumb Code     0  __rtentry2.o(.ARM.Collect$$rtentry$$0000000C)
    __rt_exit                                0x0000031b   Thumb Code     0  rtexit.o(.ARM.Collect$$rtexit$$00000000)
    __rt_exit_ls                             0x0000031d   Thumb Code     0  rtexit2.o(.ARM.Collect$$rtexit$$00000003)
    __rt_exit_prels_1                        0x0000031d   Thumb Code     0  rtexit2.o(.ARM.Collect$$rtexit$$00000002)
    __rt_exit_exit                           0x00000321   Thumb Code     0  rtexit2.o(.ARM.Collect$$rtexit$$00000004)
    SysTick_Handler                          0x00000329   Thumb Code     0  osasm.o(.text)
    StartOS                                  0x0000034f   Thumb Code     0  osasm.o(.text)
    Reset_Handler                            0x00000371   Thumb Code     4  startup_tm4c123.o(.text)
    NMI_Handler                              0x00000375   Thumb Code     2  startup_tm4c123.o(.text)
    HardFault_Handler                        0x00000377   Thumb Code     2  startup_tm4c123.o(.text)
    MemManage_Handler                        0x00000379   Thumb Code     2  startup_tm4c123.o(.text)
    BusFault_Handler                         0x0000037b   Thumb Code     2  startup_tm4c123.o(.text)
    UsageFault_Handler                       0x0000037d   Thumb Code     2  startup_tm4c123.o(.text)
    SVC_Handler                              0x0000037f   Thumb Code     2  startup_tm4c123.o(.text)
    DebugMon_Handler                         0x00000381   Thumb Code     2  startup_tm4c123.o(.text)
    PendSV_Handler                           0x00000383   Thumb Code     2  startup_tm4c123.o(.text)
    GPIOPortA_Handler                        0x00000387   Thumb Code     2  startup_tm4c123.o(.text)
    GPIOPortB_Handler                        0x00000389   Thumb Code     2  startup_tm4c123.o(.text)
    GPIOPortC_Handler                        0x0000038b   Thumb Code     2  startup_tm4c123.o(.text)
    GPIOPortD_Handler                        0x0000038d   Thumb Code     2  startup_tm4c123.o(.text)
    GPIOPortE_Handler                        0x0000038f   Thumb Code     2  startup_tm4c123.o(.text)
    UART0_Handler                            0x00000391   Thumb Code     2  startup_tm4c123.o(.text)
    UART1_Handler                            0x00000393   Thumb Code     2  startup_tm4c123.o(.text)
    SSI0_Handler                             0x00000395   Thumb Code     2  startup_tm4c123.o(.text)
    I2C0_Handler                             0x00000397   Thumb Code     2  startup_tm4c123.o(.text)
    PMW0_FAULT_Handler                       0x00000399   Thumb Code     2  startup_tm4c123.o(.text)
    PWM0Generator0_Handler                   0x0000039b   Thumb Code     2  startup_tm4c123.o(.text)
    PWM0Generator1_Handler                   0x0000039d   Thumb Code     2  startup_tm4c123.o(.text)
    PWM0Generator2_Handler                   0x0000039f   Thumb Code     2  startup_tm4c123.o(.text)
    Quadrature0_Handler                      0x000003a1   Thumb Code     2  startup_tm4c123.o(.text)
    ADC0Seq0_Handler                         0x000003a3   Thumb Code     2  startup_tm4c123.o(.text)
    ADC0Seq1_Handler                         0x000003a5   Thumb Code     2  startup_tm4c123.o(.text)
    ADC0Seq2_Handler                         0x000003a7   Thumb Code     2  startup_tm4c123.o(.text)
    ADC0Seq3_Handler                         0x000003a9   Thumb Code     2  startup_tm4c123.o(.text)
    WDT_Handler                              0x000003ab   Thumb Code     2  startup_tm4c123.o(.text)
    TIMER0A_Handler                          0x000003ad   Thumb Code     2  startup_tm4c123.o(.text)
    TIMER0B_Handler                          0x000003af   Thumb Code     2  startup_tm4c123.o(.text)
    TIMER1A_Handler                          0x000003b1   Thumb Code     2  startup_tm4c123.o(.text)
    TIMER1B_Handler                          0x000003b3   Thumb Code     2  startup_tm4c123.o(.text)
    TIMER2A_Handler                          0x000003b5   Thumb Code     2  startup_tm4c123.o(.text)
    TIMER2B_Handler                          0x000003b7   Thumb Code     2  startup_tm4c123.o(.text)
    COMP0_Handler                            0x000003b9   Thumb Code     2  startup_tm4c123.o(.text)
    COMP1_Handler                            0x000003bb   Thumb Code     2  startup_tm4c123.o(.text)
    COMP2_Handler                            0x000003bd   Thumb Code     2  startup_tm4c123.o(.text)
    SYSCTL_Handler                           0x000003bf   Thumb Code     2  startup_tm4c123.o(.text)
    FlashCtl_Handler                         0x000003c1   Thumb Code     2  startup_tm4c123.o(.text)
    GPIOPortF_Handler                        0x000003c3   Thumb Code     2  startup_tm4c123.o(.text)
    GPIOPortG_Handler                        0x000003c5   Thumb Code     2  startup_tm4c123.o(.text)
    GPIOPortH_Handler                        0x000003c7   Thumb Code     2  startup_tm4c123.o(.text)
    UART2_Handler                            0x000003c9   Thumb Code     2  startup_tm4c123.o(.text)
    SSI1_Handler                             0x000003cb   Thumb Code     2  startup_tm4c123.o(.text)
    TIMER3A_Handler                          0x000003cd   Thumb Code     2  startup_tm4c123.o(.text)
    TIMER3B_Handler                          0x000003cf   Thumb Code     2  startup_tm4c123.o(.text)
    I2C1_Handler                             0x000003d1   Thumb Code     2  startup_tm4c123.o(.text)
    Quadrature1_Handler                      0x000003d3   Thumb Code     2  startup_tm4c123.o(.text)
    CAN0_Handler                             0x000003d5   Thumb Code     2  startup_tm4c123.o(.text)
    CAN1_Handler                             0x000003d7   Thumb Code     2  startup_tm4c123.o(.text)
    CAN2_Handler                             0x000003d9   Thumb Code     2  startup_tm4c123.o(.text)
    Hibernate_Handler                        0x000003db   Thumb Code     2  startup_tm4c123.o(.text)
    USB0_Handler                             0x000003dd   Thumb Code     2  startup_tm4c123.o(.text)
    PWM0Generator3_Handler                   0x000003df   Thumb Code     2  startup_tm4c123.o(.text)
    UDMA_Handler                             0x000003e1   Thumb Code     2  startup_tm4c123.o(.text)
    UDMAERR_Handler                          0x000003e3   Thumb Code     2  startup_tm4c123.o(.text)
    ADC1Seq0_Handler                         0x000003e5   Thumb Code     2  startup_tm4c123.o(.text)
    ADC1Seq1_Handler                         0x000003e7   Thumb Code     2  startup_tm4c123.o(.text)
    ADC1Seq2_Handler                         0x000003e9   Thumb Code     2  startup_tm4c123.o(.text)
    ADC1Seq3_Handler                         0x000003eb   Thumb Code     2  startup_tm4c123.o(.text)
    GPIOPortJ_Handler                        0x000003ed   Thumb Code     2  startup_tm4c123.o(.text)
    GPIOPortK_Handler                        0x000003ef   Thumb Code     2  startup_tm4c123.o(.text)
    GPIOPortL_Handler                        0x000003f1   Thumb Code     2  startup_tm4c123.o(.text)
    SSI2_Handler                             0x000003f3   Thumb Code     2  startup_tm4c123.o(.text)
    SSI3_Handler                             0x000003f5   Thumb Code     2  startup_tm4c123.o(.text)
    UART3_Handler                            0x000003f7   Thumb Code     2  startup_tm4c123.o(.text)
    UART4_Handler                            0x000003f9   Thumb Code     2  startup_tm4c123.o(.text)
    UART5_Handler                            0x000003fb   Thumb Code     2  startup_tm4c123.o(.text)
    UART6_Handler                            0x000003fd   Thumb Code     2  startup_tm4c123.o(.text)
    UART7_Handler                            0x000003ff   Thumb Code     2  startup_tm4c123.o(.text)
    I2C2_Handler                             0x00000401   Thumb Code     2  startup_tm4c123.o(.text)
    I2C3_Handler                             0x00000403   Thumb Code     2  startup_tm4c123.o(.text)
    TIMER4A_Handler                          0x00000405   Thumb Code     2  startup_tm4c123.o(.text)
    TIMER4B_Handler                          0x00000407   Thumb Code     2  startup_tm4c123.o(.text)
    TIMER5B_Handler                          0x0000040b   Thumb Code     2  startup_tm4c123.o(.text)
    WideTimer0A_Handler                      0x0000040d   Thumb Code     2  startup_tm4c123.o(.text)
    WideTimer0B_Handler                      0x0000040f   Thumb Code     2  startup_tm4c123.o(.text)
    WideTimer1A_Handler                      0x00000411   Thumb Code     2  startup_tm4c123.o(.text)
    WideTimer1B_Handler                      0x00000413   Thumb Code     2  startup_tm4c123.o(.text)
    WideTimer2A_Handler                      0x00000415   Thumb Code     2  startup_tm4c123.o(.text)
    WideTimer2B_Handler                      0x00000417   Thumb Code     2  startup_tm4c123.o(.text)
    WideTimer3B_Handler                      0x0000041b   Thumb Code     2  startup_tm4c123.o(.text)
    WideTimer4B_Handler                      0x0000041f   Thumb Code     2  startup_tm4c123.o(.text)
    WideTimer5B_Handler                      0x00000423   Thumb Code     2  startup_tm4c123.o(.text)
    FPU_Handler                              0x00000425   Thumb Code     2  startup_tm4c123.o(.text)
    I2C4_Handler                             0x00000427   Thumb Code     2  startup_tm4c123.o(.text)
    I2C5_Handler                             0x00000429   Thumb Code     2  startup_tm4c123.o(.text)
    GPIOPortM_Handler                        0x0000042b   Thumb Code     2  startup_tm4c123.o(.text)
    GPIOPortN_Handler                        0x0000042d   Thumb Code     2  startup_tm4c123.o(.text)
    QEI2_Handler                             0x0000042f   Thumb Code     2  startup_tm4c123.o(.text)
    GPIOPortP0_Handler                       0x00000431   Thumb Code     2  startup_tm4c123.o(.text)
    GPIOPortP1_Handler                       0x00000433   Thumb Code     2  startup_tm4c123.o(.text)
    GPIOPortP2_Handler                       0x00000435   Thumb Code     2  startup_tm4c123.o(.text)
    GPIOPortP3_Handler                       0x00000437   Thumb Code     2  startup_tm4c123.o(.text)
    GPIOPortP4_Handler                       0x00000439   Thumb Code     2  startup_tm4c123.o(.text)
    GPIOPortP5_Handler                       0x0000043b   Thumb Code     2  startup_tm4c123.o(.text)
    GPIOPortP6_Handler                       0x0000043d   Thumb Code     2  startup_tm4c123.o(.text)
    GPIOPortP7_Handler                       0x0000043f   Thumb Code     2  startup_tm4c123.o(.text)
    GPIOPortQ0_Handler                       0x00000441   Thumb Code     2  startup_tm4c123.o(.text)
    GPIOPortQ1_Handler                       0x00000443   Thumb Code     2  startup_tm4c123.o(.text)
    GPIOPortQ2_Handler                       0x00000445   Thumb Code     2  startup_tm4c123.o(.text)
    GPIOPortQ3_Handler                       0x00000447   Thumb Code     2  startup_tm4c123.o(.text)
    GPIOPortQ4_Handler                       0x00000449   Thumb Code     2  startup_tm4c123.o(.text)
    GPIOPortQ5_Handler                       0x0000044b   Thumb Code     2  startup_tm4c123.o(.text)
    GPIOPortQ6_Handler                       0x0000044d   Thumb Code     2  startup_tm4c123.o(.text)
    GPIOPortQ7_Handler                       0x0000044f   Thumb Code     2  startup_tm4c123.o(.text)
    GPIOPortR_Handler                        0x00000451   Thumb Code     2  startup_tm4c123.o(.text)
    GPIOPortS_Handler                        0x00000453   Thumb Code     2  startup_tm4c123.o(.text)
    PWM1Generator0_Handler                   0x00000455   Thumb Code     2  startup_tm4c123.o(.text)
    PWM1Generator1_Handler                   0x00000457   Thumb Code     2  startup_tm4c123.o(.text)
    PWM1Generator2_Handler                   0x00000459   Thumb Code     2  startup_tm4c123.o(.text)
    PWM1Generator3_Handler                   0x0000045b   Thumb Code     2  startup_tm4c123.o(.text)
    PWM1Fault_Handler                        0x0000045d   Thumb Code     2  startup_tm4c123.o(.text)
    DisableInterrupts                        0x00000465   Thumb Code     0  startup_tm4c123.o(.text)
    EnableInterrupts                         0x00000469   Thumb Code     0  startup_tm4c123.o(.text)
    StartCritical                            0x0000046d   Thumb Code     0  startup_tm4c123.o(.text)
    EndCritical                              0x00000475   Thumb Code     0  startup_tm4c123.o(.text)
    WaitForInterrupt                         0x0000047b   Thumb Code     0  startup_tm4c123.o(.text)
    __user_initial_stackheap                 0x0000047f   Thumb Code     0  startup_tm4c123.o(.text)
    __use_two_region_memory                  0x00000495   Thumb Code     2  heapauxi.o(.text)
    __rt_heap_escrow$2region                 0x00000497   Thumb Code     2  heapauxi.o(.text)
    __rt_heap_expand$2region                 0x00000499   Thumb Code     2  heapauxi.o(.text)
    __user_setup_stackheap                   0x0000049b   Thumb Code    74  sys_stackheap_outer.o(.text)
    exit                                     0x000004e5   Thumb Code    18  exit.o(.text)
    __user_libspace                          0x000004f9   Thumb Code     8  libspace.o(.text)
    __user_perproc_libspace                  0x000004f9   Thumb Code     0  libspace.o(.text)
    __user_perthread_libspace                0x000004f9   Thumb Code     0  libspace.o(.text)
    _sys_exit                                0x00000501   Thumb Code     8  sys_exit.o(.text)
    __I$use$semihosting                      0x0000050d   Thumb Code     0  use_no_semi.o(.text)
    __use_no_semihosting_swi                 0x0000050d   Thumb Code     2  use_no_semi.o(.text)
    __semihosting_library_function           0x0000050f   Thumb Code     0  indicate_semi.o(.text)
    BSP_Accelerometer_Init                   0x00000511   Thumb Code   156  bsp.o(i.BSP_Accelerometer_Init)
    BSP_Accelerometer_Input                  0x000005c1   Thumb Code    66  bsp.o(i.BSP_Accelerometer_Input)
    BSP_Button1_Init                         0x00000609   Thumb Code   112  bsp.o(i.BSP_Button1_Init)
    BSP_Button1_Input                        0x00000689   Thumb Code     8  bsp.o(i.BSP_Button1_Input)
    BSP_Button2_Init                         0x00000695   Thumb Code   124  bsp.o(i.BSP_Button2_Init)
    BSP_Button2_Input                        0x00000725   Thumb Code     8  bsp.o(i.BSP_Button2_Input)
    BSP_Buzzer_Init                          0x00000731   Thumb Code   184  bsp.o(i.BSP_Buzzer_Init)
    BSP_Buzzer_Set                           0x00000805   Thumb Code    24  bsp.o(i.BSP_Buzzer_Set)
    BSP_Clock_GetFreq                        0x00000825   Thumb Code     6  bsp.o(i.BSP_Clock_GetFreq)
    BSP_Clock_InitFastest                    0x00000831   Thumb Code   126  bsp.o(i.BSP_Clock_InitFastest)
    BSP_LCD_Color565                         0x000008bd   Thumb Code    24  bsp.o(i.BSP_LCD_Color565)
    BSP_LCD_DrawChar                         0x000008d5   Thumb Code    26  bsp.o(i.BSP_LCD_DrawChar)
    BSP_LCD_DrawString                       0x000008f5   Thumb Code    86  bsp.o(i.BSP_LCD_DrawString)
    BSP_LCD_Drawaxes                         0x0000094b   Thumb Code    10  bsp.o(i.BSP_LCD_Drawaxes)
    BSP_LCD_FillScreen                       0x00000955   Thumb Code     2  bsp.o(i.BSP_LCD_FillScreen)
    BSP_LCD_Init                             0x00000959   Thumb Code    16  bsp.o(i.BSP_LCD_Init)
    BSP_LCD_OutUDec4                         0x0000098d   Thumb Code   116  bsp.o(i.BSP_LCD_OutUDec4)
    BSP_LCD_OutUFix2_1                       0x00000a15   Thumb Code    96  bsp.o(i.BSP_LCD_OutUFix2_1)
    BSP_LCD_PlotIncrement                    0x00000a85   Thumb Code     2  bsp.o(i.BSP_LCD_PlotIncrement)
    BSP_LCD_PlotPoint                        0x00000a87   Thumb Code     2  bsp.o(i.BSP_LCD_PlotPoint)
    BSP_LCD_SetCursor                        0x00000a89   Thumb Code   214  bsp.o(i.BSP_LCD_SetCursor)
    BSP_LightSensor_End                      0x00000b79   Thumb Code    74  bsp.o(i.BSP_LightSensor_End)
    BSP_LightSensor_Init                     0x00000bd5   Thumb Code     8  bsp.o(i.BSP_LightSensor_Init)
    BSP_LightSensor_Start                    0x00000bdd   Thumb Code    24  bsp.o(i.BSP_LightSensor_Start)
    BSP_Microphone_Init                      0x00000bfd   Thumb Code   152  bsp.o(i.BSP_Microphone_Init)
    BSP_Microphone_Input                     0x00000ca9   Thumb Code    40  bsp.o(i.BSP_Microphone_Input)
    BSP_PeriodicTask_Init                    0x00000cd5   Thumb Code   162  bsp.o(i.BSP_PeriodicTask_Init)
    BSP_PeriodicTask_InitB                   0x00000d95   Thumb Code   160  bsp.o(i.BSP_PeriodicTask_InitB)
    BSP_PeriodicTask_InitC                   0x00000e51   Thumb Code   160  bsp.o(i.BSP_PeriodicTask_InitC)
    BSP_RGB_Init                             0x00000f0d   Thumb Code     2  bsp.o(i.BSP_RGB_Init)
    BSP_RGB_Set                              0x00000f0f   Thumb Code     2  bsp.o(i.BSP_RGB_Set)
    BSP_TempSensor_End                       0x00000f11   Thumb Code    78  bsp.o(i.BSP_TempSensor_End)
    BSP_TempSensor_Init                      0x00000f71   Thumb Code     8  bsp.o(i.BSP_TempSensor_Init)
    BSP_TempSensor_Start                     0x00000f79   Thumb Code    24  bsp.o(i.BSP_TempSensor_Start)
    BSP_Time_Get                             0x00000f99   Thumb Code    10  bsp.o(i.BSP_Time_Get)
    BSP_Time_Init                            0x00000fa9   Thumb Code    94  bsp.o(i.BSP_Time_Init)
    BSP_UART0_OutChar                        0x00001015   Thumb Code    20  bsp.o(i.BSP_UART0_OutChar)
    BSP_UART0_OutString                      0x0000102d   Thumb Code    24  bsp.o(i.BSP_UART0_OutString)
    Grader                                   0x000010ad   Thumb Code  1170  texas.o(i.Grader)
    LogicAnalyzer                            0x0000155d   Thumb Code    12  texas.o(i.LogicAnalyzer)
    NonrealTimeResults                       0x00001571   Thumb Code    78  texas.o(i.NonrealTimeResults)
    OS_AddPeriodicEventThread                0x00001611   Thumb Code   186  os.o(i.OS_AddPeriodicEventThread)
    OS_AddThreads                            0x000016d5   Thumb Code   186  os.o(i.OS_AddThreads)
    OS_FIFO_Get                              0x0000179d   Thumb Code    42  os.o(i.OS_FIFO_Get)
    OS_FIFO_Init                             0x000017d5   Thumb Code    28  os.o(i.OS_FIFO_Init)
    OS_FIFO_Put                              0x00001801   Thumb Code    68  os.o(i.OS_FIFO_Put)
    OS_Init                                  0x00001855   Thumb Code    22  os.o(i.OS_Init)
    OS_InitSemaphore                         0x00001871   Thumb Code     4  os.o(i.OS_InitSemaphore)
    OS_Launch                                0x00001875   Thumb Code    48  os.o(i.OS_Launch)
    OS_Signal                                0x000018a9   Thumb Code    46  os.o(i.OS_Signal)
    OS_Sleep                                 0x000018dd   Thumb Code    16  os.o(i.OS_Sleep)
    OS_Suspend                               0x000018f1   Thumb Code    18  os.o(i.OS_Suspend)
    OS_Wait                                  0x00001909   Thumb Code    40  os.o(i.OS_Wait)
    PeriodicTask2_Init                       0x00001935   Thumb Code   164  texas.o(i.PeriodicTask2_Init)
    PeriodicTask2_Stop                       0x000019f1   Thumb Code    24  texas.o(i.PeriodicTask2_Stop)
    Profile_Init                             0x00001a15   Thumb Code   418  profile.o(i.Profile_Init)
    RealTimeResults                          0x00001be9   Thumb Code   108  texas.o(i.RealTimeResults)
    RealTimeResultsNoJitter                  0x00001ca1   Thumb Code    96  texas.o(i.RealTimeResultsNoJitter)
    Scheduler                                0x00001d65   Thumb Code    50  os.o(i.Scheduler)
    SetInitialStack                          0x00001e69   Thumb Code   326  os.o(i.SetInitialStack)
    Step2Test                                0x00001fb9   Thumb Code   850  texas.o(i.Step2Test)
    Step3Test                                0x00002355   Thumb Code   770  texas.o(i.Step3Test)
    Step4Test                                0x000026a1   Thumb Code   864  texas.o(i.Step4Test)
    Step5Test                                0x00002a45   Thumb Code   984  texas.o(i.Step5Test)
    TExaS_Init                               0x00002e6d   Thumb Code   188  texas.o(i.TExaS_Init)
    TExaS_Stop                               0x00003079   Thumb Code     8  texas.o(i.TExaS_Stop)
    TExaS_Task0                              0x00003081   Thumb Code    50  texas.o(i.TExaS_Task0)
    TExaS_Task1                              0x000030c1   Thumb Code    50  texas.o(i.TExaS_Task1)
    TExaS_Task2                              0x00003101   Thumb Code    50  texas.o(i.TExaS_Task2)
    TExaS_Task3                              0x00003141   Thumb Code    50  texas.o(i.TExaS_Task3)
    TExaS_Task4                              0x00003181   Thumb Code    50  texas.o(i.TExaS_Task4)
    TExaS_Task5                              0x000031c1   Thumb Code    50  texas.o(i.TExaS_Task5)
    TExaS_Task6                              0x00003201   Thumb Code    50  texas.o(i.TExaS_Task6)
    TIMER5A_Handler                          0x00003241   Thumb Code    16  texas.o(i.TIMER5A_Handler)
    Task0                                    0x00003259   Thumb Code   110  lab3.o(i.Task0)
    Task0_Init                               0x000032e5   Thumb Code    14  lab3.o(i.Task0_Init)
    Task1                                    0x000032f9   Thumb Code    90  lab3.o(i.Task1)
    Task1_Init                               0x0000336d   Thumb Code    74  lab3.o(i.Task1_Init)
    Task2                                    0x000033d5   Thumb Code   406  lab3.o(i.Task2)
    Task3                                    0x00003599   Thumb Code   302  lab3.o(i.Task3)
    Task4                                    0x000036e1   Thumb Code    90  lab3.o(i.Task4)
    Task5                                    0x00003749   Thumb Code   312  lab3.o(i.Task5)
    Task6                                    0x000038d1   Thumb Code    88  lab3.o(i.Task6)
    Task7                                    0x00003939   Thumb Code    24  lab3.o(i.Task7)
    UART_Init                                0x00003955   Thumb Code   148  texas.o(i.UART_Init)
    UART_OutChar                             0x000039f9   Thumb Code    20  texas.o(i.UART_OutChar)
    UART_OutString                           0x00003a11   Thumb Code    24  texas.o(i.UART_OutString)
    UART_OutUDec                             0x00003a29   Thumb Code    42  texas.o(i.UART_OutUDec)
    UART_OutUDec7                            0x00003a55   Thumb Code    48  texas.o(i.UART_OutUDec7)
    UART_OutUFix1                            0x00003a99   Thumb Code    46  texas.o(i.UART_OutUFix1)
    WideTimer3A_Handler                      0x00003ac9   Thumb Code    16  bsp.o(i.WideTimer3A_Handler)
    WideTimer4A_Handler                      0x00003ae1   Thumb Code    16  bsp.o(i.WideTimer4A_Handler)
    WideTimer5A_Handler                      0x00003af9   Thumb Code    16  bsp.o(i.WideTimer5A_Handler)
    drawaxes                                 0x00003be5   Thumb Code   218  lab3.o(i.drawaxes)
    main                                     0x00003f29   Thumb Code   172  lab3.o(i.main)
    sqrt32                                   0x00004035   Thumb Code    30  lab3.o(i.sqrt32)
    __aeabi_ddiv                             0x00004055   Thumb Code     0  ddiv.o(x$fpl$ddiv)
    _ddiv                                    0x00004055   Thumb Code   552  ddiv.o(x$fpl$ddiv)
    __aeabi_d2uiz                            0x00004305   Thumb Code     0  dfixu.o(x$fpl$dfixu)
    _dfixu                                   0x00004305   Thumb Code    90  dfixu.o(x$fpl$dfixu)
    __aeabi_ui2d                             0x0000435f   Thumb Code     0  dflt_clz.o(x$fpl$dfltu)
    _dfltu                                   0x0000435f   Thumb Code    38  dflt_clz.o(x$fpl$dfltu)
    __fpl_dnaninf                            0x00004385   Thumb Code   156  dnaninf.o(x$fpl$dnaninf)
    __fpl_dretinf                            0x00004421   Thumb Code    12  dretinf.o(x$fpl$dretinf)
    __I$use$fp                               0x0000442c   Number         0  usenofp.o(x$fpl$usenofp)
    Key                                      0x000044ac   Data           8  texas.o(.constdata)
    Scramble                                 0x000044b4   Data          32  texas.o(.constdata)
    DeScramble                               0x000044d4   Data          32  texas.o(.constdata)
    Region$$Table$$Base                      0x000044f4   Number         0  anon$$obj.o(Region$$Table)
    Region$$Table$$Limit                     0x00004514   Number         0  anon$$obj.o(Region$$Table)
    StX                                      0x20000008   Data           4  bsp.o(.data)
    StY                                      0x2000000c   Data           4  bsp.o(.data)
    StTextColor                              0x20000010   Data           2  bsp.o(.data)
    Messageindex                             0x20000014   Data           4  bsp.o(.data)
    TimeIndex                                0x20000018   Data           4  bsp.o(.data)
    Ymax                                     0x2000001c   Data           4  bsp.o(.data)
    Ymin                                     0x20000020   Data           4  bsp.o(.data)
    Yrange                                   0x20000024   Data           4  bsp.o(.data)
    PlotBGColor                              0x20000028   Data           2  bsp.o(.data)
    PeriodicTask                             0x2000002c   Data           4  bsp.o(.data)
    PeriodicTaskB                            0x20000030   Data           4  bsp.o(.data)
    PeriodicTaskC                            0x20000034   Data           4  bsp.o(.data)
    LightBusy                                0x20000038   Data           4  bsp.o(.data)
    LightStart                               0x2000003c   Data           4  bsp.o(.data)
    LightCalls                               0x20000040   Data           4  bsp.o(.data)
    TempBusy                                 0x20000044   Data           4  bsp.o(.data)
    TempStart                                0x20000048   Data           4  bsp.o(.data)
    TempCalls                                0x2000004c   Data           4  bsp.o(.data)
    Time                                     0x2000005c   Data           4  lab3.o(.data)
    Steps                                    0x20000060   Data           4  lab3.o(.data)
    Magnitude                                0x20000064   Data           4  lab3.o(.data)
    EWMA                                     0x20000068   Data           4  lab3.o(.data)
    SoundData                                0x2000006c   Data           2  lab3.o(.data)
    SoundAvg                                 0x20000070   Data           4  lab3.o(.data)
    SoundRMS                                 0x20000074   Data           4  lab3.o(.data)
    LightData                                0x20000078   Data           4  lab3.o(.data)
    TemperatureData                          0x2000007c   Data           4  lab3.o(.data)
    NewData                                  0x20000080   Data           4  lab3.o(.data)
    LCDmutex                                 0x20000084   Data           4  lab3.o(.data)
    I2Cmutex                                 0x20000088   Data           4  lab3.o(.data)
    ReDrawAxes                               0x2000008c   Data           4  lab3.o(.data)
    PlotState                                0x20000090   Data           1  lab3.o(.data)
    LostTask1Data                            0x20000094   Data           4  lab3.o(.data)
    AccX                                     0x20000098   Data           2  lab3.o(.data)
    AccY                                     0x2000009a   Data           2  lab3.o(.data)
    AccZ                                     0x2000009c   Data           2  lab3.o(.data)
    AlgorithmState                           0x2000009e   Data           1  lab3.o(.data)
    Count7                                   0x200000a0   Data           4  lab3.o(.data)
    s1                                       0x200000a4   Data           4  lab3.o(.data)
    s2                                       0x200000a8   Data           4  lab3.o(.data)
    sAB                                      0x200000ac   Data           4  lab3.o(.data)
    sCD                                      0x200000b0   Data           4  lab3.o(.data)
    sEF                                      0x200000b4   Data           4  lab3.o(.data)
    CountA                                   0x200000b8   Data           4  lab3.o(.data)
    CountB                                   0x200000bc   Data           4  lab3.o(.data)
    CountC                                   0x200000c0   Data           4  lab3.o(.data)
    CountD                                   0x200000c4   Data           4  lab3.o(.data)
    CountE                                   0x200000c8   Data           4  lab3.o(.data)
    CountF                                   0x200000cc   Data           4  lab3.o(.data)
    TaskGdata                                0x200000d0   Data           4  lab3.o(.data)
    TaskHexpected                            0x200000d4   Data           4  lab3.o(.data)
    TaskHactual                              0x200000d8   Data           4  lab3.o(.data)
    TaskHLostData                            0x200000dc   Data           4  lab3.o(.data)
    CountI                                   0x200000e0   Data           4  lab3.o(.data)
    CountJ                                   0x200000e4   Data           4  lab3.o(.data)
    CountK                                   0x200000e8   Data           4  lab3.o(.data)
    CountL                                   0x200000ec   Data           4  lab3.o(.data)
    TaskMdata                                0x200000f0   Data           4  lab3.o(.data)
    TaskNexpected                            0x200000f4   Data           4  lab3.o(.data)
    TaskNactual                              0x200000f8   Data           4  lab3.o(.data)
    TaskNLostData                            0x200000fc   Data           4  lab3.o(.data)
    CountO                                   0x20000100   Data           4  lab3.o(.data)
    CountP                                   0x20000104   Data           4  lab3.o(.data)
    CountQ                                   0x20000108   Data           4  lab3.o(.data)
    CountR                                   0x2000010c   Data           4  lab3.o(.data)
    TaskSdata                                0x20000110   Data           4  lab3.o(.data)
    TaskTexpected                            0x20000114   Data           4  lab3.o(.data)
    TaskTactual                              0x20000118   Data           4  lab3.o(.data)
    TaskTLostData                            0x2000011c   Data           4  lab3.o(.data)
    CountU                                   0x20000120   Data           4  lab3.o(.data)
    sUV                                      0x20000124   Data           4  lab3.o(.data)
    CountV                                   0x20000128   Data           4  lab3.o(.data)
    CountW                                   0x2000012c   Data           4  lab3.o(.data)
    CountX                                   0x20000130   Data           4  lab3.o(.data)
    CountY                                   0x20000134   Data           4  lab3.o(.data)
    CountZ                                   0x20000138   Data           4  lab3.o(.data)
    RunPt                                    0x20000148   Data           4  os.o(.data)
    periodic_Counter                         0x2000014c   Data           4  os.o(.data)
    PutI                                     0x20000150   Data           4  os.o(.data)
    GetI                                     0x20000154   Data           4  os.o(.data)
    CurrentSize                              0x20000158   Data           4  os.o(.data)
    LostData                                 0x2000015c   Data           4  os.o(.data)
    LogicData                                0x20000160   Data           1  texas.o(.data)
    Id                                       0x20000164   Data           4  texas.o(.data)
    Index0                                   0x20000168   Data           4  texas.o(.data)
    Index1                                   0x2000016c   Data           4  texas.o(.data)
    Index2                                   0x20000170   Data           4  texas.o(.data)
    Index3                                   0x20000174   Data           4  texas.o(.data)
    Index4                                   0x20000178   Data           4  texas.o(.data)
    Index5                                   0x2000017c   Data           4  texas.o(.data)
    Index6                                   0x20000180   Data           4  texas.o(.data)
    PeriodicTask2                            0x20000184   Data           4  texas.o(.data)
    Messageindexb                            0x20000188   Data           4  texas.o(.data)
    Messageb                                 0x2000018c   Data           8  texas.o(.data)
    Message                                  0x200001a8   Data          12  bsp.o(.bss)
    SoundArray                               0x200001b4   Data        2000  lab3.o(.bss)
    tcbs                                     0x20000984   Data          96  os.o(.bss)
    eventPeriod                              0x200009e4   Data          32  os.o(.bss)
    Stacks                                   0x20000a04   Data        2400  os.o(.bss)
    Fifo                                     0x20001364   Data          40  os.o(.bss)
    MagicCode                                0x2000138c   Data          10  texas.o(.bss)
    EncriptedMagicCode                       0x20001396   Data          10  texas.o(.bss)
    TimeBuffer0                              0x200013a0   Data         400  texas.o(.bss)
    TimeBuffer1                              0x20001530   Data         400  texas.o(.bss)
    TimeBuffer2                              0x200016c0   Data         400  texas.o(.bss)
    TimeBuffer3                              0x20001850   Data         400  texas.o(.bss)
    TimeBuffer4                              0x200019e0   Data          40  texas.o(.bss)
    TimeBuffer5                              0x20001a08   Data          40  texas.o(.bss)
    TimeBuffer6                              0x20001a30   Data          40  texas.o(.bss)
    __libspace_start                         0x20001a58   Data          96  libspace.o(.bss)
    __temporary_stack_top$libspace           0x20001ab8   Data           0  libspace.o(.bss)



==============================================================================

Memory Map of the image

  Image Entry point : 0x00000371

  Load Region LR_1 (Base: 0x00000000, Size: 0x000046bc, Max: 0xffffffff, ABSOLUTE, COMPRESSED[0x00004524])

    Execution Region ER_RO (Exec base: 0x00000000, Load base: 0x00000000, Size: 0x00004514, Max: 0xffffffff, ABSOLUTE)

    Exec Addr    Load Addr    Size         Type   Attr      Idx    E Section Name        Object

    0x00000000   0x00000000   0x0000026c   Data   RO         1141    RESET               startup_tm4c123.o
    0x0000026c   0x0000026c   0x00000008   Code   RO         1213  * !!!main             c_w.l(__main.o)
    0x00000274   0x00000274   0x00000034   Code   RO         1391    !!!scatter          c_w.l(__scatter.o)
    0x000002a8   0x000002a8   0x0000003a   Code   RO         1389    !!dczerorl          c_w.l(__dczerorl.o)
    0x000002e2   0x000002e2   0x00000002   PAD
    0x000002e4   0x000002e4   0x0000001c   Code   RO         1393    !!handler_zi        c_w.l(__scatter_zi.o)
    0x00000300   0x00000300   0x00000002   Code   RO         1259    .ARM.Collect$$libinit$$00000000  c_w.l(libinit.o)
    0x00000302   0x00000302   0x00000000   Code   RO         1266    .ARM.Collect$$libinit$$00000002  c_w.l(libinit2.o)
    0x00000302   0x00000302   0x00000000   Code   RO         1268    .ARM.Collect$$libinit$$00000004  c_w.l(libinit2.o)
    0x00000302   0x00000302   0x00000000   Code   RO         1271    .ARM.Collect$$libinit$$0000000A  c_w.l(libinit2.o)
    0x00000302   0x00000302   0x00000000   Code   RO         1273    .ARM.Collect$$libinit$$0000000C  c_w.l(libinit2.o)
    0x00000302   0x00000302   0x00000000   Code   RO         1275    .ARM.Collect$$libinit$$0000000E  c_w.l(libinit2.o)
    0x00000302   0x00000302   0x00000000   Code   RO         1278    .ARM.Collect$$libinit$$00000011  c_w.l(libinit2.o)
    0x00000302   0x00000302   0x00000000   Code   RO         1280    .ARM.Collect$$libinit$$00000013  c_w.l(libinit2.o)
    0x00000302   0x00000302   0x00000000   Code   RO         1282    .ARM.Collect$$libinit$$00000015  c_w.l(libinit2.o)
    0x00000302   0x00000302   0x00000000   Code   RO         1284    .ARM.Collect$$libinit$$00000017  c_w.l(libinit2.o)
    0x00000302   0x00000302   0x00000000   Code   RO         1286    .ARM.Collect$$libinit$$00000019  c_w.l(libinit2.o)
    0x00000302   0x00000302   0x00000000   Code   RO         1288    .ARM.Collect$$libinit$$0000001B  c_w.l(libinit2.o)
    0x00000302   0x00000302   0x00000000   Code   RO         1290    .ARM.Collect$$libinit$$0000001D  c_w.l(libinit2.o)
    0x00000302   0x00000302   0x00000000   Code   RO         1292    .ARM.Collect$$libinit$$0000001F  c_w.l(libinit2.o)
    0x00000302   0x00000302   0x00000000   Code   RO         1294    .ARM.Collect$$libinit$$00000021  c_w.l(libinit2.o)
    0x00000302   0x00000302   0x00000000   Code   RO         1296    .ARM.Collect$$libinit$$00000023  c_w.l(libinit2.o)
    0x00000302   0x00000302   0x00000000   Code   RO         1298    .ARM.Collect$$libinit$$00000025  c_w.l(libinit2.o)
    0x00000302   0x00000302   0x00000000   Code   RO         1302    .ARM.Collect$$libinit$$0000002C  c_w.l(libinit2.o)
    0x00000302   0x00000302   0x00000000   Code   RO         1304    .ARM.Collect$$libinit$$0000002E  c_w.l(libinit2.o)
    0x00000302   0x00000302   0x00000000   Code   RO         1306    .ARM.Collect$$libinit$$00000030  c_w.l(libinit2.o)
    0x00000302   0x00000302   0x00000000   Code   RO         1308    .ARM.Collect$$libinit$$00000032  c_w.l(libinit2.o)
    0x00000302   0x00000302   0x00000002   Code   RO         1309    .ARM.Collect$$libinit$$00000033  c_w.l(libinit2.o)
    0x00000304   0x00000304   0x00000002   Code   RO         1329    .ARM.Collect$$libshutdown$$00000000  c_w.l(libshutdown.o)
    0x00000306   0x00000306   0x00000000   Code   RO         1342    .ARM.Collect$$libshutdown$$00000002  c_w.l(libshutdown2.o)
    0x00000306   0x00000306   0x00000000   Code   RO         1344    .ARM.Collect$$libshutdown$$00000004  c_w.l(libshutdown2.o)
    0x00000306   0x00000306   0x00000000   Code   RO         1347    .ARM.Collect$$libshutdown$$00000007  c_w.l(libshutdown2.o)
    0x00000306   0x00000306   0x00000000   Code   RO         1350    .ARM.Collect$$libshutdown$$0000000A  c_w.l(libshutdown2.o)
    0x00000306   0x00000306   0x00000000   Code   RO         1352    .ARM.Collect$$libshutdown$$0000000C  c_w.l(libshutdown2.o)
    0x00000306   0x00000306   0x00000000   Code   RO         1355    .ARM.Collect$$libshutdown$$0000000F  c_w.l(libshutdown2.o)
    0x00000306   0x00000306   0x00000002   Code   RO         1356    .ARM.Collect$$libshutdown$$00000010  c_w.l(libshutdown2.o)
    0x00000308   0x00000308   0x00000000   Code   RO         1229    .ARM.Collect$$rtentry$$00000000  c_w.l(__rtentry.o)
    0x00000308   0x00000308   0x00000000   Code   RO         1236    .ARM.Collect$$rtentry$$00000002  c_w.l(__rtentry2.o)
    0x00000308   0x00000308   0x00000006   Code   RO         1248    .ARM.Collect$$rtentry$$00000004  c_w.l(__rtentry4.o)
    0x0000030e   0x0000030e   0x00000000   Code   RO         1238    .ARM.Collect$$rtentry$$00000009  c_w.l(__rtentry2.o)
    0x0000030e   0x0000030e   0x00000004   Code   RO         1239    .ARM.Collect$$rtentry$$0000000A  c_w.l(__rtentry2.o)
    0x00000312   0x00000312   0x00000000   Code   RO         1241    .ARM.Collect$$rtentry$$0000000C  c_w.l(__rtentry2.o)
    0x00000312   0x00000312   0x00000008   Code   RO         1242    .ARM.Collect$$rtentry$$0000000D  c_w.l(__rtentry2.o)
    0x0000031a   0x0000031a   0x00000002   Code   RO         1263    .ARM.Collect$$rtexit$$00000000  c_w.l(rtexit.o)
    0x0000031c   0x0000031c   0x00000000   Code   RO         1311    .ARM.Collect$$rtexit$$00000002  c_w.l(rtexit2.o)
    0x0000031c   0x0000031c   0x00000004   Code   RO         1312    .ARM.Collect$$rtexit$$00000003  c_w.l(rtexit2.o)
    0x00000320   0x00000320   0x00000006   Code   RO         1313    .ARM.Collect$$rtexit$$00000004  c_w.l(rtexit2.o)
    0x00000326   0x00000326   0x00000002   PAD
    0x00000328   0x00000328   0x00000048   Code   RO          732    .text               osasm.o
    0x00000370   0x00000370   0x00000124   Code   RO         1142  * .text               startup_tm4c123.o
    0x00000494   0x00000494   0x00000006   Code   RO         1211    .text               c_w.l(heapauxi.o)
    0x0000049a   0x0000049a   0x0000004a   Code   RO         1250    .text               c_w.l(sys_stackheap_outer.o)
    0x000004e4   0x000004e4   0x00000012   Code   RO         1252    .text               c_w.l(exit.o)
    0x000004f6   0x000004f6   0x00000002   PAD
    0x000004f8   0x000004f8   0x00000008   Code   RO         1260    .text               c_w.l(libspace.o)
    0x00000500   0x00000500   0x0000000c   Code   RO         1321    .text               c_w.l(sys_exit.o)
    0x0000050c   0x0000050c   0x00000002   Code   RO         1332    .text               c_w.l(use_no_semi.o)
    0x0000050e   0x0000050e   0x00000000   Code   RO         1334    .text               c_w.l(indicate_semi.o)
    0x0000050e   0x0000050e   0x00000002   PAD
    0x00000510   0x00000510   0x000000b0   Code   RO            2    i.BSP_Accelerometer_Init  bsp.o
    0x000005c0   0x000005c0   0x00000048   Code   RO            3    i.BSP_Accelerometer_Input  bsp.o
    0x00000608   0x00000608   0x00000080   Code   RO            4    i.BSP_Button1_Init  bsp.o
    0x00000688   0x00000688   0x0000000c   Code   RO            5    i.BSP_Button1_Input  bsp.o
    0x00000694   0x00000694   0x00000090   Code   RO            6    i.BSP_Button2_Init  bsp.o
    0x00000724   0x00000724   0x0000000c   Code   RO            7    i.BSP_Button2_Input  bsp.o
    0x00000730   0x00000730   0x000000d4   Code   RO            8    i.BSP_Buzzer_Init   bsp.o
    0x00000804   0x00000804   0x00000020   Code   RO            9    i.BSP_Buzzer_Set    bsp.o
    0x00000824   0x00000824   0x0000000c   Code   RO           10    i.BSP_Clock_GetFreq  bsp.o
    0x00000830   0x00000830   0x0000008c   Code   RO           11    i.BSP_Clock_InitFastest  bsp.o
    0x000008bc   0x000008bc   0x00000018   Code   RO           15    i.BSP_LCD_Color565  bsp.o
    0x000008d4   0x000008d4   0x00000020   Code   RO           17    i.BSP_LCD_DrawChar  bsp.o
    0x000008f4   0x000008f4   0x00000056   Code   RO           22    i.BSP_LCD_DrawString  bsp.o
    0x0000094a   0x0000094a   0x0000000a   Code   RO           23    i.BSP_LCD_Drawaxes  bsp.o
    0x00000954   0x00000954   0x00000002   Code   RO           25    i.BSP_LCD_FillScreen  bsp.o
    0x00000956   0x00000956   0x00000002   PAD
    0x00000958   0x00000958   0x00000034   Code   RO           26    i.BSP_LCD_Init      bsp.o
    0x0000098c   0x0000098c   0x00000088   Code   RO           28    i.BSP_LCD_OutUDec4  bsp.o
    0x00000a14   0x00000a14   0x00000070   Code   RO           30    i.BSP_LCD_OutUFix2_1  bsp.o
    0x00000a84   0x00000a84   0x00000002   Code   RO           32    i.BSP_LCD_PlotIncrement  bsp.o
    0x00000a86   0x00000a86   0x00000002   Code   RO           33    i.BSP_LCD_PlotPoint  bsp.o
    0x00000a88   0x00000a88   0x000000f0   Code   RO           34    i.BSP_LCD_SetCursor  bsp.o
    0x00000b78   0x00000b78   0x0000005c   Code   RO           36    i.BSP_LightSensor_End  bsp.o
    0x00000bd4   0x00000bd4   0x00000008   Code   RO           37    i.BSP_LightSensor_Init  bsp.o
    0x00000bdc   0x00000bdc   0x00000020   Code   RO           39    i.BSP_LightSensor_Start  bsp.o
    0x00000bfc   0x00000bfc   0x000000ac   Code   RO           40    i.BSP_Microphone_Init  bsp.o
    0x00000ca8   0x00000ca8   0x0000002c   Code   RO           41    i.BSP_Microphone_Input  bsp.o
    0x00000cd4   0x00000cd4   0x000000c0   Code   RO           42    i.BSP_PeriodicTask_Init  bsp.o
    0x00000d94   0x00000d94   0x000000bc   Code   RO           43    i.BSP_PeriodicTask_InitB  bsp.o
    0x00000e50   0x00000e50   0x000000bc   Code   RO           44    i.BSP_PeriodicTask_InitC  bsp.o
    0x00000f0c   0x00000f0c   0x00000002   Code   RO           51    i.BSP_RGB_Init      bsp.o
    0x00000f0e   0x00000f0e   0x00000002   Code   RO           52    i.BSP_RGB_Set       bsp.o
    0x00000f10   0x00000f10   0x00000060   Code   RO           53    i.BSP_TempSensor_End  bsp.o
    0x00000f70   0x00000f70   0x00000008   Code   RO           54    i.BSP_TempSensor_Init  bsp.o
    0x00000f78   0x00000f78   0x00000020   Code   RO           56    i.BSP_TempSensor_Start  bsp.o
    0x00000f98   0x00000f98   0x00000010   Code   RO           57    i.BSP_Time_Get      bsp.o
    0x00000fa8   0x00000fa8   0x0000006c   Code   RO           58    i.BSP_Time_Init     bsp.o
    0x00001014   0x00001014   0x00000018   Code   RO           59    i.BSP_UART0_OutChar  bsp.o
    0x0000102c   0x0000102c   0x00000018   Code   RO           60    i.BSP_UART0_OutString  bsp.o
    0x00001044   0x00001044   0x00000068   Code   RO          858    i.Encrypt           texas.o
    0x000010ac   0x000010ac   0x000004b0   Code   RO          859    i.Grader            texas.o
    0x0000155c   0x0000155c   0x00000014   Code   RO          860    i.LogicAnalyzer     texas.o
    0x00001570   0x00001570   0x000000a0   Code   RO          861    i.NonrealTimeResults  texas.o
    0x00001610   0x00001610   0x000000c4   Code   RO          735    i.OS_AddPeriodicEventThread  os.o
    0x000016d4   0x000016d4   0x000000c8   Code   RO          736    i.OS_AddThreads     os.o
    0x0000179c   0x0000179c   0x00000038   Code   RO          737    i.OS_FIFO_Get       os.o
    0x000017d4   0x000017d4   0x0000002c   Code   RO          738    i.OS_FIFO_Init      os.o
    0x00001800   0x00001800   0x00000054   Code   RO          739    i.OS_FIFO_Put       os.o
    0x00001854   0x00001854   0x0000001c   Code   RO          740    i.OS_Init           os.o
    0x00001870   0x00001870   0x00000004   Code   RO          741    i.OS_InitSemaphore  os.o
    0x00001874   0x00001874   0x00000034   Code   RO          742    i.OS_Launch         os.o
    0x000018a8   0x000018a8   0x00000034   Code   RO          743    i.OS_Signal         os.o
    0x000018dc   0x000018dc   0x00000014   Code   RO          744    i.OS_Sleep          os.o
    0x000018f0   0x000018f0   0x00000018   Code   RO          745    i.OS_Suspend        os.o
    0x00001908   0x00001908   0x0000002c   Code   RO          746    i.OS_Wait           os.o
    0x00001934   0x00001934   0x000000bc   Code   RO          862    i.PeriodicTask2_Init  texas.o
    0x000019f0   0x000019f0   0x00000024   Code   RO          863    i.PeriodicTask2_Stop  texas.o
    0x00001a14   0x00001a14   0x000001d4   Code   RO          841    i.Profile_Init      profile.o
    0x00001be8   0x00001be8   0x000000b8   Code   RO          864    i.RealTimeResults   texas.o
    0x00001ca0   0x00001ca0   0x000000b4   Code   RO          865    i.RealTimeResultsNoJitter  texas.o
    0x00001d54   0x00001d54   0x00000010   Code   RO           61    i.ST7735_InitR      bsp.o
    0x00001d64   0x00001d64   0x00000038   Code   RO          747    i.Scheduler         os.o
    0x00001d9c   0x00001d9c   0x000000cc   Code   RO          866    i.SetGrade          texas.o
    0x00001e68   0x00001e68   0x00000150   Code   RO          748    i.SetInitialStack   os.o
    0x00001fb8   0x00001fb8   0x0000039c   Code   RO          867    i.Step2Test         texas.o
    0x00002354   0x00002354   0x0000034c   Code   RO          868    i.Step3Test         texas.o
    0x000026a0   0x000026a0   0x000003a4   Code   RO          869    i.Step4Test         texas.o
    0x00002a44   0x00002a44   0x00000428   Code   RO          870    i.Step5Test         texas.o
    0x00002e6c   0x00002e6c   0x0000020c   Code   RO          871    i.TExaS_Init        texas.o
    0x00003078   0x00003078   0x00000008   Code   RO          872    i.TExaS_Stop        texas.o
    0x00003080   0x00003080   0x00000040   Code   RO          873    i.TExaS_Task0       texas.o
    0x000030c0   0x000030c0   0x00000040   Code   RO          874    i.TExaS_Task1       texas.o
    0x00003100   0x00003100   0x00000040   Code   RO          875    i.TExaS_Task2       texas.o
    0x00003140   0x00003140   0x00000040   Code   RO          876    i.TExaS_Task3       texas.o
    0x00003180   0x00003180   0x00000040   Code   RO          877    i.TExaS_Task4       texas.o
    0x000031c0   0x000031c0   0x00000040   Code   RO          878    i.TExaS_Task5       texas.o
    0x00003200   0x00003200   0x00000040   Code   RO          879    i.TExaS_Task6       texas.o
    0x00003240   0x00003240   0x00000018   Code   RO          880    i.TIMER5A_Handler   texas.o
    0x00003258   0x00003258   0x0000008c   Code   RO          445    i.Task0             lab3.o
    0x000032e4   0x000032e4   0x00000014   Code   RO          446    i.Task0_Init        lab3.o
    0x000032f8   0x000032f8   0x00000074   Code   RO          447    i.Task1             lab3.o
    0x0000336c   0x0000336c   0x00000068   Code   RO          448    i.Task1_Init        lab3.o
    0x000033d4   0x000033d4   0x000001c4   Code   RO          449    i.Task2             lab3.o
    0x00003598   0x00003598   0x00000148   Code   RO          450    i.Task3             lab3.o
    0x000036e0   0x000036e0   0x00000068   Code   RO          451    i.Task4             lab3.o
    0x00003748   0x00003748   0x00000188   Code   RO          452    i.Task5             lab3.o
    0x000038d0   0x000038d0   0x00000068   Code   RO          453    i.Task6             lab3.o
    0x00003938   0x00003938   0x0000001c   Code   RO          454    i.Task7             lab3.o
    0x00003954   0x00003954   0x000000a4   Code   RO          886    i.UART_Init         texas.o
    0x000039f8   0x000039f8   0x00000018   Code   RO          887    i.UART_OutChar      texas.o
    0x00003a10   0x00003a10   0x00000018   Code   RO          889    i.UART_OutString    texas.o
    0x00003a28   0x00003a28   0x0000002a   Code   RO          890    i.UART_OutUDec      texas.o
    0x00003a52   0x00003a52   0x00000002   PAD
    0x00003a54   0x00003a54   0x00000044   Code   RO          894    i.UART_OutUDec7     texas.o
    0x00003a98   0x00003a98   0x0000002e   Code   RO          895    i.UART_OutUFix1     texas.o
    0x00003ac6   0x00003ac6   0x00000002   PAD
    0x00003ac8   0x00003ac8   0x00000018   Code   RO           62    i.WideTimer3A_Handler  bsp.o
    0x00003ae0   0x00003ae0   0x00000018   Code   RO           63    i.WideTimer4A_Handler  bsp.o
    0x00003af8   0x00003af8   0x00000018   Code   RO           64    i.WideTimer5A_Handler  bsp.o
    0x00003b10   0x00003b10   0x0000004c   Code   RO           65    i.adcinit           bsp.o
    0x00003b5c   0x00003b5c   0x00000088   Code   RO           66    i.commonInit        bsp.o
    0x00003be4   0x00003be4   0x00000114   Code   RO          481    i.drawaxes          lab3.o
    0x00003cf8   0x00003cf8   0x00000048   Code   RO           67    i.fillmessage       bsp.o
    0x00003d40   0x00003d40   0x00000060   Code   RO           68    i.fillmessage2_1    bsp.o
    0x00003da0   0x00003da0   0x00000064   Code   RO           70    i.fillmessage4      bsp.o
    0x00003e04   0x00003e04   0x000000c4   Code   RO          900    i.fillmessage7b     texas.o
    0x00003ec8   0x00003ec8   0x00000048   Code   RO          901    i.fillmessageb      texas.o
    0x00003f10   0x00003f10   0x00000018   Code   RO           72    i.i2cinit           bsp.o
    0x00003f28   0x00003f28   0x000000dc   Code   RO          482    i.main              lab3.o
    0x00004004   0x00004004   0x00000030   Code   RO          749    i.runperiodicevents  os.o
    0x00004034   0x00004034   0x0000001e   Code   RO          488    i.sqrt32            lab3.o
    0x00004052   0x00004052   0x00000002   PAD
    0x00004054   0x00004054   0x000002b0   Code   RO         1216    x$fpl$ddiv          fz_ws.l(ddiv.o)
    0x00004304   0x00004304   0x0000005a   Code   RO         1219    x$fpl$dfixu         fz_ws.l(dfixu.o)
    0x0000435e   0x0000435e   0x00000026   Code   RO         1223    x$fpl$dfltu         fz_ws.l(dflt_clz.o)
    0x00004384   0x00004384   0x0000009c   Code   RO         1230    x$fpl$dnaninf       fz_ws.l(dnaninf.o)
    0x00004420   0x00004420   0x0000000c   Code   RO         1232    x$fpl$dretinf       fz_ws.l(dretinf.o)
    0x0000442c   0x0000442c   0x00000000   Code   RO         1234    x$fpl$usenofp       fz_ws.l(usenofp.o)
    0x0000442c   0x0000442c   0x00000080   Data   RO           74    .constdata          bsp.o
    0x000044ac   0x000044ac   0x00000048   Data   RO          903    .constdata          texas.o
    0x000044f4   0x000044f4   0x00000020   Data   RO         1387    Region$$Table       anon$$obj.o


    Execution Region ER_RW (Exec base: 0x20000000, Load base: 0x00004514, Size: 0x000001a8, Max: 0xffffffff, ABSOLUTE, COMPRESSED[0x00000010])

    Exec Addr    Load Addr    Size         Type   Attr      Idx    E Section Name        Object

    0x20000000   COMPRESSED   0x0000005c   Data   RW           75    .data               bsp.o
    0x2000005c   COMPRESSED   0x000000ea   Data   RW          490    .data               lab3.o
    0x20000146   COMPRESSED   0x00000002   PAD
    0x20000148   COMPRESSED   0x00000018   Data   RW          751    .data               os.o
    0x20000160   COMPRESSED   0x00000048   Data   RW          904    .data               texas.o


    Execution Region ER_ZI (Exec base: 0x200001a8, Load base: 0x00004524, Size: 0x00001b10, Max: 0xffffffff, ABSOLUTE)

    Exec Addr    Load Addr    Size         Type   Attr      Idx    E Section Name        Object

    0x200001a8        -       0x0000000c   Zero   RW           73    .bss                bsp.o
    0x200001b4        -       0x000007d0   Zero   RW          489    .bss                lab3.o
    0x20000984        -       0x00000a08   Zero   RW          750    .bss                os.o
    0x2000138c        -       0x000006cc   Zero   RW          902    .bss                texas.o
    0x20001a58        -       0x00000060   Zero   RW         1261    .bss                c_w.l(libspace.o)
    0x20001ab8        -       0x00000000   Zero   RW         1140    HEAP                startup_tm4c123.o
    0x20001ab8        -       0x00000200   Zero   RW         1139    STACK               startup_tm4c123.o


==============================================================================

Image component sizes


      Code (inc. data)   RO Data    RW Data    ZI Data      Debug   Object Name

      3458        510        128         92         12      31500   bsp.o
      2314        384          0        234       2000       9540   lab3.o
      1244        122          0         24       2568       8181   os.o
        72          4          0          0          0        228   osasm.o
       468         50          0          0          0        523   profile.o
       292         18        620          0        512       5660   startup_tm4c123.o
      7680       1260         72         72       1740      25891   texas.o

    ----------------------------------------------------------------------
     15536       2348        852        424       6832      81523   Object Totals
         0          0         32          0          0          0   (incl. Generated)
         8          0          0          2          0          0   (incl. Padding)

    ----------------------------------------------------------------------

      Code (inc. data)   RO Data    RW Data    ZI Data      Debug   Library Member Name

        58          0          0          0          0          0   __dczerorl.o
         8          0          0          0          0         68   __main.o
         0          0          0          0          0          0   __rtentry.o
        12          0          0          0          0          0   __rtentry2.o
         6          0          0          0          0          0   __rtentry4.o
        52          8          0          0          0          0   __scatter.o
        28          0          0          0          0          0   __scatter_zi.o
        18          0          0          0          0         80   exit.o
         6          0          0          0          0        152   heapauxi.o
         0          0          0          0          0          0   indicate_semi.o
         2          0          0          0          0          0   libinit.o
         2          0          0          0          0          0   libinit2.o
         2          0          0          0          0          0   libshutdown.o
         2          0          0          0          0          0   libshutdown2.o
         8          4          0          0         96         68   libspace.o
         2          0          0          0          0          0   rtexit.o
        10          0          0          0          0          0   rtexit2.o
        12          4          0          0          0         68   sys_exit.o
        74          0          0          0          0         80   sys_stackheap_outer.o
         2          0          0          0          0         68   use_no_semi.o
       688        140          0          0          0        208   ddiv.o
        90          4          0          0          0         92   dfixu.o
        38          0          0          0          0         68   dflt_clz.o
       156          4          0          0          0         92   dnaninf.o
        12          0          0          0          0         68   dretinf.o
         0          0          0          0          0          0   usenofp.o

    ----------------------------------------------------------------------
      1296        164          0          0         96       1112   Library Totals
         8          0          0          0          0          0   (incl. Padding)

    ----------------------------------------------------------------------

      Code (inc. data)   RO Data    RW Data    ZI Data      Debug   Library Name

       304         16          0          0         96        584   c_w.l
       984        148          0          0          0        528   fz_ws.l

    ----------------------------------------------------------------------
      1296        164          0          0         96       1112   Library Totals

    ----------------------------------------------------------------------

==============================================================================


      Code (inc. data)   RO Data    RW Data    ZI Data      Debug   

     16832       2512        852        424       6928      76859   Grand Totals
     16832       2512        852         16       6928      76859   ELF Image Totals (compressed)
     16832       2512        852         16          0          0   ROM Totals

==============================================================================

    Total RO  Size (Code + RO Data)                17684 (  17.27kB)
    Total RW  Size (RW Data + ZI Data)              7352 (   7.18kB)
    Total ROM Size (Code + RO Data + RW Data)      17700 (  17.29kB)

==============================================================================

