Component: ARM Compiler 5.06 update 6 (build 750) Tool: armlink [4d35ed]

==============================================================================

Section Cross References

    bsp.o(i.BSP_Accelerometer_Init) refers to bsp.o(i.adcinit) for adcinit
    bsp.o(i.BSP_Buzzer_Init) refers to bsp.o(.data) for ClockFrequency
    bsp.o(i.BSP_Buzzer_Set) refers to bsp.o(.data) for PWMCycles
    bsp.o(i.BSP_Clock_GetFreq) refers to bsp.o(.data) for ClockFrequency
    bsp.o(i.BSP_Clock_InitFastest) refers to bsp.o(.data) for ClockFrequency
    bsp.o(i.BSP_Delay1ms) refers to bsp.o(.emb_text) for parrotdelay
    bsp.o(i.BSP_Joystick_Init) refers to bsp.o(i.adcinit) for adcinit
    bsp.o(i.BSP_LCD_DrawString) refers to bsp.o(i.BSP_LCD_DrawChar) for BSP_LCD_DrawChar
    bsp.o(i.BSP_LCD_Init) refers to bsp.o(i.ST7735_InitR) for ST7735_InitR
    bsp.o(i.BSP_LCD_Init) refers to bsp.o(i.BSP_UART0_OutString) for BSP_UART0_OutString
    bsp.o(i.BSP_LCD_OutUDec) refers to bsp.o(i.fillmessage) for fillmessage
    bsp.o(i.BSP_LCD_OutUDec) refers to bsp.o(i.BSP_LCD_DrawString) for BSP_LCD_DrawString
    bsp.o(i.BSP_LCD_OutUDec) refers to bsp.o(i.BSP_LCD_DrawChar) for BSP_LCD_DrawChar
    bsp.o(i.BSP_LCD_OutUDec) refers to bsp.o(.data) for StTextColor
    bsp.o(i.BSP_LCD_OutUDec) refers to bsp.o(.bss) for Message
    bsp.o(i.BSP_LCD_OutUDec4) refers to bsp.o(i.fillmessage4) for fillmessage4
    bsp.o(i.BSP_LCD_OutUDec4) refers to bsp.o(i.BSP_LCD_DrawString) for BSP_LCD_DrawString
    bsp.o(i.BSP_LCD_OutUDec4) refers to bsp.o(i.BSP_LCD_DrawChar) for BSP_LCD_DrawChar
    bsp.o(i.BSP_LCD_OutUDec4) refers to bsp.o(.data) for Messageindex
    bsp.o(i.BSP_LCD_OutUDec4) refers to bsp.o(.bss) for Message
    bsp.o(i.BSP_LCD_OutUDec5) refers to bsp.o(i.fillmessage5) for fillmessage5
    bsp.o(i.BSP_LCD_OutUDec5) refers to bsp.o(i.BSP_LCD_DrawString) for BSP_LCD_DrawString
    bsp.o(i.BSP_LCD_OutUDec5) refers to bsp.o(i.BSP_LCD_DrawChar) for BSP_LCD_DrawChar
    bsp.o(i.BSP_LCD_OutUDec5) refers to bsp.o(.data) for Messageindex
    bsp.o(i.BSP_LCD_OutUDec5) refers to bsp.o(.bss) for Message
    bsp.o(i.BSP_LCD_OutUFix2_1) refers to bsp.o(i.fillmessage2_1) for fillmessage2_1
    bsp.o(i.BSP_LCD_OutUFix2_1) refers to bsp.o(i.BSP_LCD_DrawString) for BSP_LCD_DrawString
    bsp.o(i.BSP_LCD_OutUFix2_1) refers to bsp.o(i.BSP_LCD_DrawChar) for BSP_LCD_DrawChar
    bsp.o(i.BSP_LCD_OutUFix2_1) refers to bsp.o(.data) for StY
    bsp.o(i.BSP_LCD_OutUFix2_1) refers to bsp.o(.bss) for Message
    bsp.o(i.BSP_LCD_OutUHex2) refers to bsp.o(i.fillmessage2_Hex) for fillmessage2_Hex
    bsp.o(i.BSP_LCD_OutUHex2) refers to bsp.o(i.BSP_LCD_DrawString) for BSP_LCD_DrawString
    bsp.o(i.BSP_LCD_OutUHex2) refers to bsp.o(i.BSP_LCD_DrawChar) for BSP_LCD_DrawChar
    bsp.o(i.BSP_LCD_OutUHex2) refers to bsp.o(.data) for StY
    bsp.o(i.BSP_LCD_OutUHex2) refers to bsp.o(.bss) for Message
    bsp.o(i.BSP_LCD_SetCursor) refers to bsp.o(i.BSP_LCD_DrawChar) for BSP_LCD_DrawChar
    bsp.o(i.BSP_LCD_SetCursor) refers to bsp.o(.data) for StX
    bsp.o(i.BSP_LightSensor_End) refers to bsp.o(i.BSP_Time_Get) for BSP_Time_Get
    bsp.o(i.BSP_LightSensor_End) refers to bsp.o(.data) for LightBusy
    bsp.o(i.BSP_LightSensor_Init) refers to bsp.o(i.i2cinit) for i2cinit
    bsp.o(i.BSP_LightSensor_Input) refers to bsp.o(i.BSP_Time_Get) for BSP_Time_Get
    bsp.o(i.BSP_LightSensor_Input) refers to bsp.o(.data) for LightBusy
    bsp.o(i.BSP_LightSensor_Start) refers to bsp.o(i.BSP_Time_Get) for BSP_Time_Get
    bsp.o(i.BSP_LightSensor_Start) refers to bsp.o(.data) for LightBusy
    bsp.o(i.BSP_Microphone_Init) refers to bsp.o(i.adcinit) for adcinit
    bsp.o(i.BSP_PeriodicTask_Init) refers to startup_tm4c123.o(.text) for StartCritical
    bsp.o(i.BSP_PeriodicTask_Init) refers to bsp.o(.data) for PeriodicTask
    bsp.o(i.BSP_PeriodicTask_InitB) refers to startup_tm4c123.o(.text) for StartCritical
    bsp.o(i.BSP_PeriodicTask_InitB) refers to bsp.o(.data) for PeriodicTaskB
    bsp.o(i.BSP_PeriodicTask_InitC) refers to startup_tm4c123.o(.text) for StartCritical
    bsp.o(i.BSP_PeriodicTask_InitC) refers to bsp.o(.data) for PeriodicTaskC
    bsp.o(i.BSP_TempSensor_End) refers to bsp.o(i.BSP_Time_Get) for BSP_Time_Get
    bsp.o(i.BSP_TempSensor_End) refers to bsp.o(.data) for TempBusy
    bsp.o(i.BSP_TempSensor_Init) refers to bsp.o(i.i2cinit) for i2cinit
    bsp.o(i.BSP_TempSensor_Input) refers to bsp.o(i.BSP_Time_Get) for BSP_Time_Get
    bsp.o(i.BSP_TempSensor_Input) refers to bsp.o(.data) for TempBusy
    bsp.o(i.BSP_TempSensor_Start) refers to bsp.o(i.BSP_Time_Get) for BSP_Time_Get
    bsp.o(i.BSP_TempSensor_Start) refers to bsp.o(.data) for TempBusy
    bsp.o(i.BSP_Time_Init) refers to startup_tm4c123.o(.text) for StartCritical
    bsp.o(i.BSP_UART0_OutString) refers to bsp.o(i.BSP_UART0_OutChar) for BSP_UART0_OutChar
    bsp.o(i.ST7735_InitR) refers to bsp.o(i.commonInit) for commonInit
    bsp.o(i.ST7735_InitR) refers to bsp.o(.constdata) for Rcmd1
[...]
    efile.o(i.OS_File_Format) refers to efile.o(.bss) for Directory
    efile.o(i.OS_File_Format) refers to efile.o(.data) for bDirectoryLoaded
    efile.o(i.OS_File_New) refers to efile.o(.bss) for Directory
    efile.o(i.OS_File_Read) refers to edisk.o(i.eDisk_ReadSector) for eDisk_ReadSector
    efile.o(i.OS_File_Read) refers to efile.o(.bss) for Directory
    efile.o(i.OS_File_Size) refers to efile.o(.bss) for Directory
    efile.o(i.appendfat) refers to efile.o(.bss) for Directory
    efile.o(i.findfreesector) refers to efile.o(i.lastsector) for lastsector
    efile.o(i.findfreesector) refers to efile.o(i.max) for max
    efile.o(i.findfreesector) refers to efile.o(.bss) for Directory
    efile.o(i.lastsector) refers to efile.o(.bss) for FAT
    texas.o(i.Encrypt) refers to texas.o(.bss) for MagicCode
    texas.o(i.Encrypt) refers to texas.o(.constdata) for Key
    texas.o(i.LogicAnalyzer) refers to texas.o(.data) for LogicData
    texas.o(i.PeriodicTask2_Init) refers to startup_tm4c123.o(.text) for StartCritical
    texas.o(i.PeriodicTask2_Init) refers to bsp.o(i.BSP_Clock_GetFreq) for BSP_Clock_GetFreq
    texas.o(i.PeriodicTask2_Init) refers to texas.o(.data) for PeriodicTask2
    texas.o(i.SetGrade) refers to texas.o(i.Encrypt) for Encrypt
    texas.o(i.SetGrade) refers to texas.o(.bss) for MagicCode
    texas.o(i.TExaS_Init) refers to bsp.o(i.BSP_Time_Init) for BSP_Time_Init
    texas.o(i.TExaS_Init) refers to texas.o(i.UART_Init) for UART_Init
    texas.o(i.TExaS_Init) refers to texas.o(i.PeriodicTask2_Init) for PeriodicTask2_Init
    texas.o(i.TExaS_Init) refers to texas.o(i.UART_OutString) for UART_OutString
    texas.o(i.TExaS_Init) refers to texas.o(i.UART_OutUHex) for UART_OutUHex
    texas.o(i.TExaS_Init) refers to flashprogram.o(i.Flash_Erase) for Flash_Erase
    texas.o(i.TExaS_Init) refers to texas.o(i.UART_OutUDec) for UART_OutUDec
    texas.o(i.TExaS_Init) refers to flashprogram.o(i.Flash_Write) for Flash_Write
    texas.o(i.TExaS_Init) refers to flashprogram.o(i.Flash_WriteArray) for Flash_WriteArray
    texas.o(i.TExaS_Init) refers to flashprogram.o(i.Flash_FastWrite) for Flash_FastWrite
    texas.o(i.TExaS_Init) refers to edisk.o(i.eDisk_Init) for eDisk_Init
    texas.o(i.TExaS_Init) refers to edisk.o(i.eDisk_Format) for eDisk_Format
    texas.o(i.TExaS_Init) refers to edisk.o(i.eDisk_WriteSector) for eDisk_WriteSector
    texas.o(i.TExaS_Init) refers to texas.o(.data) for Id
    texas.o(i.TExaS_Init) refers to texas.o(i.LogicAnalyzer) for LogicAnalyzer
    texas.o(i.TExaS_Init) refers to texas.o(.bss) for blockBuffer
    texas.o(i.TExaS_Init) refers to texas.o(.conststring) for .conststring
    texas.o(i.TExaS_Init) refers to edisk.o(i.eDisk_ReadSector) for eDisk_ReadSector
    texas.o(i.TExaS_Init) refers to efile.o(i.OS_File_Format) for OS_File_Format
    texas.o(i.TExaS_Init) refers to efile.o(i.OS_File_New) for OS_File_New
    texas.o(i.TExaS_Init) refers to texas.o(i.texasbuildbuff) for texasbuildbuff
    texas.o(i.TExaS_Init) refers to efile.o(i.OS_File_Append) for OS_File_Append
    texas.o(i.TExaS_Init) refers to efile.o(i.OS_File_Flush) for OS_File_Flush
    texas.o(i.TExaS_Init) refers to efile.o(i.OS_File_Size) for OS_File_Size
    texas.o(i.TExaS_Init) refers to efile.o(i.OS_File_Read) for OS_File_Read
    texas.o(i.TExaS_Init) refers to texas.o(i.texascompare) for texascompare
    texas.o(i.TExaS_Init) refers to texas.o(i.SetGrade) for SetGrade
    texas.o(i.TExaS_Stop) refers to texas.o(i.PeriodicTask2_Stop) for PeriodicTask2_Stop
    texas.o(i.TExaS_Task0) refers to texas.o(.data) for LogicData
    texas.o(i.TExaS_Task1) refers to texas.o(.data) for LogicData
    texas.o(i.TExaS_Task2) refers to texas.o(.data) for LogicData
    texas.o(i.TExaS_Task3) refers to texas.o(.data) for LogicData
    texas.o(i.TExaS_Task4) refers to texas.o(.data) for LogicData
    texas.o(i.TExaS_Task5) refers to texas.o(.data) for LogicData
    texas.o(i.TExaS_Task6) refers to texas.o(.data) for LogicData
    texas.o(i.TIMER5A_Handler) refers to texas.o(.data) for PeriodicTask2
    texas.o(i.UART_InString) refers to texas.o(i.UART_InChar) for UART_InChar
    texas.o(i.UART_InString) refers to texas.o(i.UART_OutChar) for UART_OutChar
    texas.o(i.UART_InUDec) refers to texas.o(i.UART_InChar) for UART_InChar
    texas.o(i.UART_InUDec) refers to texas.o(i.UART_OutChar) for UART_OutChar
    texas.o(i.UART_InUHex) refers to texas.o(i.UART_InChar) for UART_InChar
    texas.o(i.UART_InUHex) refers to texas.o(i.UART_OutChar) for UART_OutChar
    texas.o(i.UART_OutString) refers to texas.o(i.UART_OutChar) for UART_OutChar
    texas.o(i.UART_OutUDec) refers to texas.o(i.UART_OutChar) for UART_OutChar
    texas.o(i.UART_OutUDec4) refers to texas.o(i.UART_OutString) for UART_OutString
    texas.o(i.UART_OutUDec4) refers to texas.o(i.fillmessage4b) for fillmessage4b
    texas.o(i.UART_OutUDec4) refers to texas.o(.data) for Messageindexb
    texas.o(i.UART_OutUDec5) refers to texas.o(i.UART_OutString) for UART_OutString
    texas.o(i.UART_OutUDec5) refers to texas.o(i.fillmessage5b) for fillmessage5b
    texas.o(i.UART_OutUDec5) refers to texas.o(.data) for Messageindexb
    texas.o(i.UART_OutUFix1) refers to texas.o(i.UART_OutUDec) for UART_OutUDec
    texas.o(i.UART_OutUFix1) refers to texas.o(i.UART_OutChar) for UART_OutChar
    texas.o(i.UART_OutUHex) refers to texas.o(i.UART_OutChar) for UART_OutChar
    texas.o(i.fillmessage4b) refers to texas.o(i.fillmessageb) for fillmessageb
    texas.o(i.fillmessage4b) refers to texas.o(.data) for Messageindexb
    texas.o(i.fillmessage5b) refers to texas.o(i.fillmessageb) for fillmessageb
    texas.o(i.fillmessage5b) refers to texas.o(.data) for Messageindexb
    texas.o(i.fillmessageb) refers to texas.o(.data) for Messageb
    startup_tm4c123.o(STACK) refers (Special) to heapauxi.o(.text) for __use_two_region_memory
    startup_tm4c123.o(HEAP) refers (Special) to heapauxi.o(.text) for __use_two_region_memory
    startup_tm4c123.o(RESET) refers (Special) to heapauxi.o(.text) for __use_two_region_memory
    startup_tm4c123.o(RESET) refers to startup_tm4c123.o(STACK) for __initial_sp
    startup_tm4c123.o(RESET) refers to startup_tm4c123.o(.text) for Reset_Handler
    startup_tm4c123.o(RESET) refers to texas.o(i.TIMER5A_Handler) for TIMER5A_Handler
    startup_tm4c123.o(RESET) refers to bsp.o(i.WideTimer3A_Handler) for WideTimer3A_Handler
    startup_tm4c123.o(RESET) refers to bsp.o(i.WideTimer4A_Handler) for WideTimer4A_Handler
    startup_tm4c123.o(RESET) refers to bsp.o(i.WideTimer5A_Handler) for WideTimer5A_Handler
    startup_tm4c123.o(.text) refers (Special) to heapauxi.o(.text) for __use_two_region_memory
    startup_tm4c123.o(.text) refers to __main.o(!!!main) for __main
    startup_tm4c123.o(.text) refers to startup_tm4c123.o(HEAP) for Heap_Mem
    startup_tm4c123.o(.text) refers to startup_tm4c123.o(STACK) for Stack_Mem
    system_tm4c123.o(i.SystemCoreClockUpdate) refers to system_tm4c123.o(i.getOscClk) for getOscClk
    system_tm4c123.o(i.SystemCoreClockUpdate) refers to system_tm4c123.o(.data) for SystemCoreClock
    __main.o(!!!main) refers to __rtentry.o(.ARM.Collect$$rtentry$$00000000) for __rt_entry
    __rtentry.o(.ARM.Collect$$rtentry$$00000000) refers (Special) to __rtentry2.o(.ARM.Collect$$rtentry$$0000000A) for __rt_entry_li
    __rtentry.o(.ARM.Collect$$rtentry$$00000000) refers (Special) to __rtentry2.o(.ARM.Collect$$rtentry$$0000000D) for __rt_entry_main
    __rtentry.o(.ARM.Collect$$rtentry$$00000000) refers (Special) to __rtentry2.o(.ARM.Collect$$rtentry$$0000000C) for __rt_entry_postli_1
    __rtentry.o(.ARM.Collect$$rtentry$$00000000) refers (Special) to __rtentry2.o(.ARM.Collect$$rtentry$$00000009) for __rt_entry_postsh_1
    __rtentry.o(.ARM.Collect$$rtentry$$00000000) refers (Special) to __rtentry2.o(.ARM.Collect$$rtentry$$00000002) for __rt_entry_presh_1
    __rtentry.o(.ARM.Collect$$rtentry$$00000000) refers (Special) to __rtentry4.o(.ARM.Collect$$rtentry$$00000004) for __rt_entry_sh
    __rtentry2.o(.ARM.Collect$$rtentry$$00000008) refers to boardinit2.o(.text) for _platform_post_stackheap_init
    __rtentry2.o(.ARM.Collect$$rtentry$$0000000A) refers to libinit.o(.ARM.Collect$$libinit$$00000000) for __rt_lib_init
    __rtentry2.o(.ARM.Collect$$rtentry$$0000000B) refers to boardinit3.o(.text) for _platform_post_lib_init
    __rtentry2.o(.ARM.Collect$$rtentry$$0000000D) refers to lab5.o(i.main) for main
    __rtentry2.o(.ARM.Collect$$rtentry$$0000000D) refers to exit.o(.text) for exit
    __rtentry2.o(.ARM.exidx) refers to __rtentry2.o(.ARM.Collect$$rtentry$$00000001) for .ARM.Collect$$rtentry$$00000001
    __rtentry2.o(.ARM.exidx) refers to __rtentry2.o(.ARM.Collect$$rtentry$$00000008) for .ARM.Collect$$rtentry$$00000008
    __rtentry2.o(.ARM.exidx) refers to __rtentry2.o(.ARM.Collect$$rtentry$$0000000A) for .ARM.Collect$$rtentry$$0000000A
    __rtentry2.o(.ARM.exidx) refers to __rtentry2.o(.ARM.Collect$$rtentry$$0000000B) for .ARM.Collect$$rtentry$$0000000B
    __rtentry2.o(.ARM.exidx) refers to __rtentry2.o(.ARM.Collect$$rtentry$$0000000D) for .ARM.Collect$$rtentry$$0000000D
    __rtentry4.o(.ARM.Collect$$rtentry$$00000004) refers to sys_stackheap_outer.o(.text) for __user_setup_stackheap
    __rtentry4.o(.ARM.exidx) refers to __rtentry4.o(.ARM.Collect$$rtentry$$00000004) for .ARM.Collect$$rtentry$$00000004
    sys_stackheap_outer.o(.text) refers to libspace.o(.text) for __user_perproc_libspace
    sys_stackheap_outer.o(.text) refers to startup_tm4c123.o(.text) for __user_initial_stackheap
    exit.o(.text) refers to rtexit.o(.ARM.Collect$$rtexit$$00000000) for __rt_exit
    libinit.o(.ARM.Collect$$libinit$$00000000) refers (Special) to libinit2.o(.ARM.Collect$$libinit$$0000002E) for __rt_lib_init_alloca_1
    libinit.o(.ARM.Collect$$libinit$$00000000) refers (Special) to libinit2.o(.ARM.Collect$$libinit$$0000002C) for __rt_lib_init_argv_1
    libinit.o(.ARM.Collect$$libinit$$00000000) refers (Special) to libinit2.o(.ARM.Collect$$libinit$$0000001B) for __rt_lib_init_atexit_1
    libinit.o(.ARM.Collect$$libinit$$00000000) refers (Special) to libinit2.o(.ARM.Collect$$libinit$$00000021) for __rt_lib_init_clock_1
    libinit.o(.ARM.Collect$$libinit$$00000000) refers (Special) to libinit2.o(.ARM.Collect$$libinit$$00000032) for __rt_lib_init_cpp_1
    libinit.o(.ARM.Collect$$libinit$$00000000) refers (Special) to libinit2.o(.ARM.Collect$$libinit$$00000030) for __rt_lib_init_exceptions_1
    libinit.o(.ARM.Collect$$libinit$$00000000) refers (Special) to libinit2.o(.ARM.Collect$$libinit$$00000002) for __rt_lib_init_fp_1
    libinit.o(.ARM.Collect$$libinit$$00000000) refers (Special) to libinit2.o(.ARM.Collect$$libinit$$0000001F) for __rt_lib_init_fp_trap_1
    libinit.o(.ARM.Collect$$libinit$$00000000) refers (Special) to libinit2.o(.ARM.Collect$$libinit$$00000023) for __rt_lib_init_getenv_1
    libinit.o(.ARM.Collect$$libinit$$00000000) refers (Special) to libinit2.o(.ARM.Collect$$libinit$$0000000A) for __rt_lib_init_heap_1
    libinit.o(.ARM.Collect$$libinit$$00000000) refers (Special) to libinit2.o(.ARM.Collect$$libinit$$00000011) for __rt_lib_init_lc_collate_1
    libinit.o(.ARM.Collect$$libinit$$00000000) refers (Special) to libinit2.o(.ARM.Collect$$libinit$$00000013) for __rt_lib_init_lc_ctype_1
    libinit.o(.ARM.Collect$$libinit$$00000000) refers (Special) to libinit2.o(.ARM.Collect$$libinit$$00000015) for __rt_lib_init_lc_monetary_1
    libinit.o(.ARM.Collect$$libinit$$00000000) refers (Special) to libinit2.o(.ARM.Collect$$libinit$$00000017) for __rt_lib_init_lc_numeric_1
    libinit.o(.ARM.Collect$$libinit$$00000000) refers (Special) to libinit2.o(.ARM.Collect$$libinit$$00000019) for __rt_lib_init_lc_time_1
    libinit.o(.ARM.Collect$$libinit$$00000000) refers (Special) to libinit2.o(.ARM.Collect$$libinit$$00000004) for __rt_lib_init_preinit_1
    libinit.o(.ARM.Collect$$libinit$$00000000) refers (Special) to libinit2.o(.ARM.Collect$$libinit$$0000000E) for __rt_lib_init_rand_1
    libinit.o(.ARM.Collect$$libinit$$00000000) refers (Special) to libinit2.o(.ARM.Collect$$libinit$$00000033) for __rt_lib_init_return
    libinit.o(.ARM.Collect$$libinit$$00000000) refers (Special) to libinit2.o(.ARM.Collect$$libinit$$0000001D) for __rt_lib_init_signal_1
    libinit.o(.ARM.Collect$$libinit$$00000000) refers (Special) to libinit2.o(.ARM.Collect$$libinit$$00000025) for __rt_lib_init_stdio_1
    libinit.o(.ARM.Collect$$libinit$$00000000) refers (Special) to libinit2.o(.ARM.Collect$$libinit$$0000000C) for __rt_lib_init_user_alloc_1
    libspace.o(.text) refers to libspace.o(.bss) for __libspace_start
    rtexit.o(.ARM.Collect$$rtexit$$00000000) refers (Special) to rtexit2.o(.ARM.Collect$$rtexit$$00000004) for __rt_exit_exit
    rtexit.o(.ARM.Collect$$rtexit$$00000000) refers (Special) to rtexit2.o(.ARM.Collect$$rtexit$$00000003) for __rt_exit_ls
    rtexit.o(.ARM.Collect$$rtexit$$00000000) refers (Special) to rtexit2.o(.ARM.Collect$$rtexit$$00000002) for __rt_exit_prels_1
    rtexit.o(.ARM.exidx) refers (Special) to rtexit2.o(.ARM.Collect$$rtexit$$00000004) for __rt_exit_exit
    rtexit.o(.ARM.exidx) refers (Special) to rtexit2.o(.ARM.Collect$$rtexit$$00000003) for __rt_exit_ls
    rtexit.o(.ARM.exidx) refers (Special) to rtexit2.o(.ARM.Collect$$rtexit$$00000002) for __rt_exit_prels_1
    rtexit.o(.ARM.exidx) refers to rtexit.o(.ARM.Collect$$rtexit$$00000000) for .ARM.Collect$$rtexit$$00000000
    libinit2.o(.ARM.Collect$$libinit$$00000010) refers to libinit2.o(.ARM.Collect$$libinit$$0000000F) for .ARM.Collect$$libinit$$0000000F
    libinit2.o(.ARM.Collect$$libinit$$00000012) refers to libinit2.o(.ARM.Collect$$libinit$$0000000F) for .ARM.Collect$$libinit$$0000000F
    libinit2.o(.ARM.Collect$$libinit$$00000014) refers to libinit2.o(.ARM.Collect$$libinit$$0000000F) for .ARM.Collect$$libinit$$0000000F
    libinit2.o(.ARM.Collect$$libinit$$00000016) refers to libinit2.o(.ARM.Collect$$libinit$$0000000F) for .ARM.Collect$$libinit$$0000000F
    libinit2.o(.ARM.Collect$$libinit$$00000018) refers to libinit2.o(.ARM.Collect$$libinit$$0000000F) for .ARM.Collect$$libinit$$0000000F
    libinit2.o(.ARM.Collect$$libinit$$00000026) refers to argv_veneer.o(.emb_text) for __ARM_argv_veneer
    libinit2.o(.ARM.Collect$$libinit$$00000027) refers to argv_veneer.o(.emb_text) for __ARM_argv_veneer
    rtexit2.o(.ARM.Collect$$rtexit$$00000003) refers to libshutdown.o(.ARM.Collect$$libshutdown$$00000000) for __rt_lib_shutdown
    rtexit2.o(.ARM.Collect$$rtexit$$00000004) refers to sys_exit.o(.text) for _sys_exit
    rtexit2.o(.ARM.exidx) refers to rtexit2.o(.ARM.Collect$$rtexit$$00000001) for .ARM.Collect$$rtexit$$00000001
    rtexit2.o(.ARM.exidx) refers to rtexit2.o(.ARM.Collect$$rtexit$$00000003) for .ARM.Collect$$rtexit$$00000003
    rtexit2.o(.ARM.exidx) refers to rtexit2.o(.ARM.Collect$$rtexit$$00000004) for .ARM.Collect$$rtexit$$00000004
    argv_veneer.o(.emb_text) refers to no_argv.o(.text) for __ARM_get_argv
    sys_exit.o(.text) refers (Special) to use_no_semi.o(.text) for __I$use$semihosting
    sys_exit.o(.text) refers (Special) to indicate_semi.o(.text) for __semihosting_library_function
    _get_argv_nomalloc.o(.text) refers (Special) to hrguard.o(.text) for __heap_region$guard
    _get_argv_nomalloc.o(.text) refers to defsig_rtmem_outer.o(.text) for __rt_SIGRTMEM
    _get_argv_nomalloc.o(.text) refers to sys_command.o(.text) for _sys_command_string
    libshutdown.o(.ARM.Collect$$libshutdown$$00000000) refers (Special) to libshutdown2.o(.ARM.Collect$$libshutdown$$00000002) for __rt_lib_shutdown_cpp_1
    libshutdown.o(.ARM.Collect$$libshutdown$$00000000) refers (Special) to libshutdown2.o(.ARM.Collect$$libshutdown$$00000007) for __rt_lib_shutdown_fp_trap_1
    libshutdown.o(.ARM.Collect$$libshutdown$$00000000) refers (Special) to libshutdown2.o(.ARM.Collect$$libshutdown$$0000000F) for __rt_lib_shutdown_heap_1
    libshutdown.o(.ARM.Collect$$libshutdown$$00000000) refers (Special) to libshutdown2.o(.ARM.Collect$$libshutdown$$00000010) for __rt_lib_shutdown_return
    libshutdown.o(.ARM.Collect$$libshutdown$$00000000) refers (Special) to libshutdown2.o(.ARM.Collect$$libshutdown$$0000000A) for __rt_lib_shutdown_signal_1
    libshutdown.o(.ARM.Collect$$libshutdown$$00000000) refers (Special) to libshutdown2.o(.ARM.Collect$$libshutdown$$00000004) for __rt_lib_shutdown_stdio_1
    libshutdown.o(.ARM.Collect$$libshutdown$$00000000) refers (Special) to libshutdown2.o(.ARM.Collect$$libshutdown$$0000000C) for __rt_lib_shutdown_user_alloc_1
    sys_command.o(.text) refers (Special) to use_no_semi.o(.text) for __I$use$semihosting
    sys_command.o(.text) refers (Special) to indicate_semi.o(.text) for __semihosting_library_function
    defsig_rtmem_outer.o(.text) refers to defsig_rtmem_inner.o(.text) for __rt_SIGRTMEM_inner
    defsig_rtmem_outer.o(.text) refers to defsig_exit.o(.text) for __sig_exit
    defsig_rtmem_formal.o(.text) refers to rt_raise.o(.text) for __rt_raise
    rt_raise.o(.text) refers to __raise.o(.text) for __raise
    rt_raise.o(.text) refers to sys_exit.o(.text) for _sys_exit
    defsig_exit.o(.text) refers to sys_exit.o(.text) for _sys_exit
    defsig_rtmem_inner.o(.text) refers to defsig_general.o(.text) for __default_signal_display
    __raise.o(.text) refers to defsig.o(CL$$defsig) for __default_signal_handler
    defsig_general.o(.text) refers to sys_wrch.o(.text) for _ttywrch
    sys_wrch.o(.text) refers (Special) to use_no_semi.o(.text) for __I$use$semihosting
    sys_wrch.o(.text) refers (Special) to indicate_semi.o(.text) for __semihosting_library_function
    defsig.o(CL$$defsig) refers to defsig_rtmem_inner.o(.text) for __rt_SIGRTMEM_inner
    defsig_abrt_inner.o(.text) refers to defsig_general.o(.text) for __default_signal_display
    defsig_fpe_inner.o(.text) refers to defsig_general.o(.text) for __default_signal_display
    defsig_rtred_inner.o(.text) refers to defsig_general.o(.text) for __default_signal_display
    defsig_stak_inner.o(.text) refers to defsig_general.o(.text) for __default_signal_display
    defsig_pvfn_inner.o(.text) refers to defsig_general.o(.text) for __default_signal_display
    defsig_cppl_inner.o(.text) refers to defsig_general.o(.text) for __default_signal_display
    defsig_segv_inner.o(.text) refers to defsig_general.o(.text) for __default_signal_display
    defsig_other.o(.text) refers to defsig_general.o(.text) for __default_signal_display


==============================================================================

Removing Unused input sections from the image.

    Removing bsp.o(.emb_text), (6 bytes).
    Removing bsp.o(i.BSP_Accelerometer_Init), (176 bytes).
    Removing bsp.o(i.BSP_Accelerometer_Input), (72 bytes).
    Removing bsp.o(i.BSP_Buzzer_Init), (212 bytes).
    Removing bsp.o(i.BSP_Buzzer_Set), (32 bytes).
    Removing bsp.o(i.BSP_Delay1ms), (22 bytes).
    Removing bsp.o(i.BSP_Joystick_Init), (304 bytes).
    Removing bsp.o(i.BSP_Joystick_Input), (64 bytes).
    Removing bsp.o(i.BSP_LCD_Color565), (24 bytes).
    Removing bsp.o(i.BSP_LCD_DrawBitmap), (6 bytes).
    Removing bsp.o(i.BSP_LCD_DrawCharS), (32 bytes).
    Removing bsp.o(i.BSP_LCD_DrawFastHLine), (2 bytes).
    Removing bsp.o(i.BSP_LCD_DrawFastVLine), (2 bytes).
    Removing bsp.o(i.BSP_LCD_DrawPixel), (2 bytes).
    Removing bsp.o(i.BSP_LCD_Drawaxes), (10 bytes).
    Removing bsp.o(i.BSP_LCD_FillRect), (6 bytes).
    Removing bsp.o(i.BSP_LCD_OutUDec), (144 bytes).
    Removing bsp.o(i.BSP_LCD_OutUDec5), (136 bytes).
    Removing bsp.o(i.BSP_LCD_OutUFix2_1), (112 bytes).
    Removing bsp.o(i.BSP_LCD_OutUHex2), (112 bytes).
    Removing bsp.o(i.BSP_LCD_PlotIncrement), (2 bytes).
    Removing bsp.o(i.BSP_LCD_PlotPoint), (2 bytes).
    Removing bsp.o(i.BSP_LCD_SwapColor), (18 bytes).
    Removing bsp.o(i.BSP_LightSensor_End), (92 bytes).
    Removing bsp.o(i.BSP_LightSensor_Init), (8 bytes).
    Removing bsp.o(i.BSP_LightSensor_Input), (76 bytes).
    Removing bsp.o(i.BSP_LightSensor_Start), (32 bytes).
    Removing bsp.o(i.BSP_Microphone_Init), (172 bytes).
    Removing bsp.o(i.BSP_Microphone_Input), (44 bytes).
    Removing bsp.o(i.BSP_PeriodicTask_Init), (192 bytes).
    Removing bsp.o(i.BSP_PeriodicTask_InitB), (188 bytes).
    Removing bsp.o(i.BSP_PeriodicTask_InitC), (188 bytes).
    Removing bsp.o(i.BSP_PeriodicTask_Stop), (24 bytes).
    Removing bsp.o(i.BSP_PeriodicTask_StopB), (24 bytes).
    Removing bsp.o(i.BSP_PeriodicTask_StopC), (24 bytes).
    Removing bsp.o(i.BSP_RGB_D_Init), (2 bytes).
    Removing bsp.o(i.BSP_RGB_D_Set), (2 bytes).
    Removing bsp.o(i.BSP_RGB_D_Toggle), (2 bytes).
    Removing bsp.o(i.BSP_RGB_Init), (2 bytes).
    Removing bsp.o(i.BSP_RGB_Set), (2 bytes).
    Removing bsp.o(i.BSP_TempSensor_End), (96 bytes).
    Removing bsp.o(i.BSP_TempSensor_Init), (8 bytes).
    Removing bsp.o(i.BSP_TempSensor_Input), (80 bytes).
    Removing bsp.o(i.BSP_TempSensor_Start), (32 bytes).
    Removing bsp.o(i.BSP_Time_Get), (16 bytes).
    Removing bsp.o(i.adcinit), (76 bytes).
    Removing bsp.o(i.fillmessage2_1), (96 bytes).
    Removing bsp.o(i.fillmessage2_Hex), (84 bytes).
    Removing bsp.o(i.fillmessage5), (128 bytes).
    Removing bsp.o(i.i2cinit), (24 bytes).
    Removing flashprogram.o(i.Flash_Init), (2 bytes).
    Removing profile.o(i.Profile_Get), (76 bytes).
    Removing texas.o(i.PeriodicTask2_Stop), (36 bytes).
    Removing texas.o(i.TExaS_Stop), (8 bytes).
    Removing texas.o(i.TExaS_Task0), (20 bytes).
    Removing texas.o(i.TExaS_Task1), (20 bytes).
    Removing texas.o(i.TExaS_Task2), (20 bytes).
    Removing texas.o(i.TExaS_Task3), (20 bytes).
    Removing texas.o(i.TExaS_Task4), (20 bytes).
    Removing texas.o(i.TExaS_Task5), (20 bytes).
    Removing texas.o(i.TExaS_Task6), (20 bytes).
    Removing texas.o(i.UART_InChar), (28 bytes).
    Removing texas.o(i.UART_InCharNonBlocking), (28 bytes).
    Removing texas.o(i.UART_InString), (66 bytes).
    Removing texas.o(i.UART_InUDec), (76 bytes).
    Removing texas.o(i.UART_InUHex), (104 bytes).
    Removing texas.o(i.UART_OutCharNonBlock), (12 bytes).
    Removing texas.o(i.UART_OutUDec4), (68 bytes).
    Removing texas.o(i.UART_OutUDec5), (68 bytes).
    Removing texas.o(i.UART_OutUFix1), (46 bytes).
    Removing texas.o(i.fillmessage4b), (88 bytes).
    Removing texas.o(i.fillmessage5b), (128 bytes).
    Removing texas.o(i.fillmessageb), (72 bytes).
    Removing system_tm4c123.o(.rev16_text), (4 bytes).
    Removing system_tm4c123.o(.revsh_text), (4 bytes).
    Removing system_tm4c123.o(.rrx_text), (6 bytes).
    Removing system_tm4c123.o(i.SystemCoreClockUpdate), (196 bytes).
    Removing system_tm4c123.o(i.SystemInit), (136 bytes).
    Removing system_tm4c123.o(i.getOscClk), (248 bytes).
    Removing system_tm4c123.o(.data), (4 bytes).

80 unused section(s) (total 4856 bytes) removed from the image.

==============================================================================

Image Symbol Table

    Local Symbols

    Symbol Name                              Value     Ov Type        Size  Object(Section)

    RESET                                    0x00000000   Section      620  startup_tm4c123.o(RESET)
    ../clib/angel/boardlib.s                 0x00000000   Number         0  boardshut.o ABSOLUTE
    ../clib/angel/boardlib.s                 0x00000000   Number         0  boardinit3.o ABSOLUTE
    ../clib/angel/boardlib.s                 0x00000000   Number         0  boardinit2.o ABSOLUTE
    ../clib/angel/boardlib.s                 0x00000000   Number         0  boardinit1.o ABSOLUTE
    ../clib/angel/handlers.s                 0x00000000   Number         0  __scatter_copy.o ABSOLUTE
    ../clib/angel/handlers.s                 0x00000000   Number         0  __scatter_zi.o ABSOLUTE
    ../clib/angel/kernel.s                   0x00000000   Number         0  __rtentry4.o ABSOLUTE
    ../clib/angel/kernel.s                   0x00000000   Number         0  rtexit.o ABSOLUTE
    ../clib/angel/kernel.s                   0x00000000   Number         0  __rtentry2.o ABSOLUTE
    ../clib/angel/kernel.s                   0x00000000   Number         0  __rtentry.o ABSOLUTE
    ../clib/angel/kernel.s                   0x00000000   Number         0  rtexit2.o ABSOLUTE
    ../clib/angel/rt.s                       0x00000000   Number         0  rt_raise.o ABSOLUTE
    ../clib/angel/scatter.s                  0x00000000   Number         0  __scatter.o ABSOLUTE
    ../clib/angel/startup.s                  0x00000000   Number         0  __main.o ABSOLUTE
    ../clib/angel/sys.s                      0x00000000   Number         0  libspace.o ABSOLUTE
    ../clib/angel/sys.s                      0x00000000   Number         0  sys_stackheap_outer.o ABSOLUTE
    ../clib/angel/sys.s                      0x00000000   Number         0  use_no_semi.o ABSOLUTE
    ../clib/angel/sys.s                      0x00000000   Number         0  indicate_semi.o ABSOLUTE
    ../clib/angel/sysapp.c                   0x00000000   Number         0  sys_exit.o ABSOLUTE
    ../clib/angel/sysapp.c                   0x00000000   Number         0  sys_wrch.o ABSOLUTE
    ../clib/angel/sysapp.c                   0x00000000   Number         0  sys_command.o ABSOLUTE
    ../clib/armsys.c                         0x00000000   Number         0  _get_argv_nomalloc.o ABSOLUTE
    ../clib/armsys.c                         0x00000000   Number         0  no_argv.o ABSOLUTE
    ../clib/armsys.c                         0x00000000   Number         0  argv_veneer.o ABSOLUTE
    ../clib/armsys.c                         0x00000000   Number         0  argv_veneer.o ABSOLUTE
    ../clib/heapalloc.c                      0x00000000   Number         0  hrguard.o ABSOLUTE
    ../clib/heapaux.c                        0x00000000   Number         0  heapauxi.o ABSOLUTE
    ../clib/libinit.s                        0x00000000   Number         0  libshutdown.o ABSOLUTE
    ../clib/libinit.s                        0x00000000   Number         0  libinit2.o ABSOLUTE
    ../clib/libinit.s                        0x00000000   Number         0  libshutdown2.o ABSOLUTE
    ../clib/libinit.s                        0x00000000   Number         0  libinit.o ABSOLUTE
    ../clib/signal.c                         0x00000000   Number         0  defsig_other.o ABSOLUTE
    ../clib/signal.c                         0x00000000   Number         0  defsig_segv_inner.o ABSOLUTE
    ../clib/signal.c                         0x00000000   Number         0  defsig_cppl_inner.o ABSOLUTE
    ../clib/signal.c                         0x00000000   Number         0  defsig_pvfn_inner.o ABSOLUTE
    ../clib/signal.c                         0x00000000   Number         0  defsig_rtred_inner.o ABSOLUTE
    ../clib/signal.c                         0x00000000   Number         0  defsig_fpe_inner.o ABSOLUTE
    ../clib/signal.c                         0x00000000   Number         0  defsig_abrt_inner.o ABSOLUTE
    ../clib/signal.c                         0x00000000   Number         0  defsig_rtmem_outer.o ABSOLUTE
    ../clib/signal.c                         0x00000000   Number         0  defsig_general.o ABSOLUTE
    ../clib/signal.c                         0x00000000   Number         0  __raise.o ABSOLUTE
    ../clib/signal.c                         0x00000000   Number         0  defsig_stak_inner.o ABSOLUTE
    ../clib/signal.c                         0x00000000   Number         0  defsig_rtmem_inner.o ABSOLUTE
    ../clib/signal.c                         0x00000000   Number         0  defsig_exit.o ABSOLUTE
    ../clib/signal.c                         0x00000000   Number         0  defsig_rtmem_formal.o ABSOLUTE
    ../clib/signal.s                         0x00000000   Number         0  defsig.o ABSOLUTE
    ../clib/stdlib.c                         0x00000000   Number         0  exit.o ABSOLUTE
    ../fplib/fpinit.s                        0x00000000   Number         0  fpinit.o ABSOLUTE
    ..\\inc\\BSP.c                           0x00000000   Number         0  bsp.o ABSOLUTE
    ..\inc\BSP.c                             0x00000000   Number         0  bsp.o ABSOLUTE
    ..\inc\Profile.c                         0x00000000   Number         0  profile.o ABSOLUTE
    FlashProgram.c                           0x00000000   Number         0  flashprogram.o ABSOLUTE
    Lab5.c                                   0x00000000   Number         0  lab5.o ABSOLUTE
    RTE\Device\TM4C123GH6PM\startup_TM4C123.s 0x00000000   Number         0  startup_tm4c123.o ABSOLUTE
    RTE\Device\TM4C123GH6PM\system_TM4C123.c 0x00000000   Number         0  system_tm4c123.o ABSOLUTE
    RTE\\Device\\TM4C123GH6PM\\system_TM4C123.c 0x00000000   Number         0  system_tm4c123.o ABSOLUTE
    Texas.c                                  0x00000000   Number         0  texas.o ABSOLUTE
    dc.s                                     0x00000000   Number         0  dc.o ABSOLUTE
    eDisk.c                                  0x00000000   Number         0  edisk.o ABSOLUTE
    eFile.c                                  0x00000000   Number         0  efile.o ABSOLUTE
    !!!main                                  0x0000026c   Section        8  __main.o(!!!main)
    !!!scatter                               0x00000274   Section       52  __scatter.o(!!!scatter)
    !!handler_copy                           0x000002a8   Section       26  __scatter_copy.o(!!handler_copy)
    !!handler_zi                             0x000002c4   Section       28  __scatter_zi.o(!!handler_zi)
    .ARM.Collect$$libinit$$00000000          0x000002e0   Section        2  libinit.o(.ARM.Collect$$libinit$$00000000)
    .ARM.Collect$$libinit$$00000002          0x000002e2   Section        0  libinit2.o(.ARM.Collect$$libinit$$00000002)
    .ARM.Collect$$libinit$$00000004          0x000002e2   Section        0  libinit2.o(.ARM.Collect$$libinit$$00000004)
    .ARM.Collect$$libinit$$0000000A          0x000002e2   Section        0  libinit2.o(.ARM.Collect$$libinit$$0000000A)
    .ARM.Collect$$libinit$$0000000C          0x000002e2   Section        0  libinit2.o(.ARM.Collect$$libinit$$0000000C)
    .ARM.Collect$$libinit$$0000000E          0x000002e2   Section        0  libinit2.o(.ARM.Collect$$libinit$$0000000E)
    .ARM.Collect$$libinit$$00000011          0x000002e2   Section        0  libinit2.o(.ARM.Collect$$libinit$$00000011)
    .ARM.Collect$$libinit$$00000013          0x000002e2   Section        0  libinit2.o(.ARM.Collect$$libinit$$00000013)
    .ARM.Collect$$libinit$$00000015          0x000002e2   Section        0  libinit2.o(.ARM.Collect$$libinit$$00000015)
    .ARM.Collect$$libinit$$00000017          0x000002e2   Section        0  libinit2.o(.ARM.Collect$$libinit$$00000017)
    .ARM.Collect$$libinit$$00000019          0x000002e2   Section        0  libinit2.o(.ARM.Collect$$libinit$$00000019)
    .ARM.Collect$$libinit$$0000001B          0x000002e2   Section        0  libinit2.o(.ARM.Collect$$libinit$$0000001B)
    .ARM.Collect$$libinit$$0000001D          0x000002e2   Section        0  libinit2.o(.ARM.Collect$$libinit$$0000001D)
    .ARM.Collect$$libinit$$0000001F          0x000002e2   Section        0  libinit2.o(.ARM.Collect$$libinit$$0000001F)
    .ARM.Collect$$libinit$$00000021          0x000002e2   Section        0  libinit2.o(.ARM.Collect$$libinit$$00000021)
    .ARM.Collect$$libinit$$00000023          0x000002e2   Section        0  libinit2.o(.ARM.Collect$$libinit$$00000023)
    .ARM.Collect$$libinit$$00000025          0x000002e2   Section        0  libinit2.o(.ARM.Collect$$libinit$$00000025)
    .ARM.Collect$$libinit$$0000002C          0x000002e2   Section        0  libinit2.o(.ARM.Collect$$libinit$$0000002C)
    .ARM.Collect$$libinit$$0000002E          0x000002e2   Section        0  libinit2.o(.ARM.Collect$$libinit$$0000002E)
    .ARM.Collect$$libinit$$00000030          0x000002e2   Section        0  libinit2.o(.ARM.Collect$$libinit$$00000030)
    .ARM.Collect$$libinit$$00000032          0x000002e2   Section        0  libinit2.o(.ARM.Collect$$libinit$$00000032)
    .ARM.Collect$$libinit$$00000033          0x000002e2   Section        2  libinit2.o(.ARM.Collect$$libinit$$00000033)
    .ARM.Collect$$libshutdown$$00000000      0x000002e4   Section        2  libshutdown.o(.ARM.Collect$$libshutdown$$00000000)
    .ARM.Collect$$libshutdown$$00000002      0x000002e6   Section        0  libshutdown2.o(.ARM.Collect$$libshutdown$$00000002)
    .ARM.Collect$$libshutdown$$00000004      0x000002e6   Section        0  libshutdown2.o(.ARM.Collect$$libshutdown$$00000004)
    .ARM.Collect$$libshutdown$$00000007      0x000002e6   Section        0  libshutdown2.o(.ARM.Collect$$libshutdown$$00000007)
    .ARM.Collect$$libshutdown$$0000000A      0x000002e6   Section        0  libshutdown2.o(.ARM.Collect$$libshutdown$$0000000A)
    .ARM.Collect$$libshutdown$$0000000C      0x000002e6   Section        0  libshutdown2.o(.ARM.Collect$$libshutdown$$0000000C)
    .ARM.Collect$$libshutdown$$0000000F      0x000002e6   Section        0  libshutdown2.o(.ARM.Collect$$libshutdown$$0000000F)
    .ARM.Collect$$libshutdown$$00000010      0x000002e6   Section        2  libshutdown2.o(.ARM.Collect$$libshutdown$$00000010)
    .ARM.Collect$$rtentry$$00000000          0x000002e8   Section        0  __rtentry.o(.ARM.Collect$$rtentry$$00000000)
    .ARM.Collect$$rtentry$$00000002          0x000002e8   Section        0  __rtentry2.o(.ARM.Collect$$rtentry$$00000002)
    .ARM.Collect$$rtentry$$00000004          0x000002e8   Section        6  __rtentry4.o(.ARM.Collect$$rtentry$$00000004)
    .ARM.Collect$$rtentry$$00000009          0x000002ee   Section        0  __rtentry2.o(.ARM.Collect$$rtentry$$00000009)
    .ARM.Collect$$rtentry$$0000000A          0x000002ee   Section        4  __rtentry2.o(.ARM.Collect$$rtentry$$0000000A)
    .ARM.Collect$$rtentry$$0000000C          0x000002f2   Section        0  __rtentry2.o(.ARM.Collect$$rtentry$$0000000C)
    .ARM.Collect$$rtentry$$0000000D          0x000002f2   Section        8  __rtentry2.o(.ARM.Collect$$rtentry$$0000000D)
    .ARM.Collect$$rtexit$$00000000           0x000002fa   Section        2  rtexit.o(.ARM.Collect$$rtexit$$00000000)
    .ARM.Collect$$rtexit$$00000002           0x000002fc   Section        0  rtexit2.o(.ARM.Collect$$rtexit$$00000002)
    .ARM.Collect$$rtexit$$00000003           0x000002fc   Section        4  rtexit2.o(.ARM.Collect$$rtexit$$00000003)
    .ARM.Collect$$rtexit$$00000004           0x00000300   Section        6  rtexit2.o(.ARM.Collect$$rtexit$$00000004)
    .text                                    0x00000308   Section      292  startup_tm4c123.o(.text)
    .text                                    0x0000042c   Section        0  heapauxi.o(.text)
    .text                                    0x00000432   Section       74  sys_stackheap_outer.o(.text)
    .text                                    0x0000047c   Section        0  exit.o(.text)
    .text                                    0x00000490   Section        8  libspace.o(.text)
    .text                                    0x00000498   Section        0  sys_exit.o(.text)
    .text                                    0x000004a4   Section        2  use_no_semi.o(.text)
    .text                                    0x000004a6   Section        0  indicate_semi.o(.text)
    i.BSP_Button1_Init                       0x000004a8   Section        0  bsp.o(i.BSP_Button1_Init)
    i.BSP_Button1_Input                      0x00000528   Section        0  bsp.o(i.BSP_Button1_Input)
    i.BSP_Button2_Init                       0x00000534   Section        0  bsp.o(i.BSP_Button2_Init)
    i.BSP_Button2_Input                      0x000005c4   Section        0  bsp.o(i.BSP_Button2_Input)
    i.BSP_Clock_GetFreq                      0x000005d0   Section        0  bsp.o(i.BSP_Clock_GetFreq)
    i.BSP_Clock_InitFastest                  0x000005dc   Section        0  bsp.o(i.BSP_Clock_InitFastest)
    i.BSP_LCD_DrawChar                       0x00000668   Section        0  bsp.o(i.BSP_LCD_DrawChar)
    i.BSP_LCD_DrawString                     0x00000688   Section        0  bsp.o(i.BSP_LCD_DrawString)
    i.BSP_LCD_FillScreen                     0x000006de   Section        0  bsp.o(i.BSP_LCD_FillScreen)
    i.BSP_LCD_Init                           0x000006e0   Section        0  bsp.o(i.BSP_LCD_Init)
    i.BSP_LCD_OutUDec4                       0x00000714   Section        0  bsp.o(i.BSP_LCD_OutUDec4)
    i.BSP_LCD_SetCursor                      0x0000079c   Section        0  bsp.o(i.BSP_LCD_SetCursor)
    i.BSP_Time_Init                          0x0000088c   Section        0  bsp.o(i.BSP_Time_Init)
    i.BSP_UART0_OutChar                      0x000008f8   Section        0  bsp.o(i.BSP_UART0_OutChar)
    i.BSP_UART0_OutString                    0x00000910   Section        0  bsp.o(i.BSP_UART0_OutString)
    i.DisplayDirectory                       0x00000928   Section        0  lab5.o(i.DisplayDirectory)
    i.Encrypt                                0x00000a40   Section        0  texas.o(i.Encrypt)
    Encrypt                                  0x00000a41   Thumb Code    86  texas.o(i.Encrypt)
    i.EraseAddrValid                         0x00000aa8   Section        0  flashprogram.o(i.EraseAddrValid)
    EraseAddrValid                           0x00000aa9   Thumb Code    22  flashprogram.o(i.EraseAddrValid)
    i.Flash_Erase                            0x00000ac0   Section        0  flashprogram.o(i.Flash_Erase)
    i.Flash_FastWrite                        0x00000b24   Section        0  flashprogram.o(i.Flash_FastWrite)
    i.Flash_Write                            0x00000bac   Section        0  flashprogram.o(i.Flash_Write)
    i.Flash_WriteArray                       0x00000c14   Section        0  flashprogram.o(i.Flash_WriteArray)
    i.LogicAnalyzer                          0x00000c44   Section        0  texas.o(i.LogicAnalyzer)
    i.MassWriteAddrValid                     0x00000c58   Section        0  flashprogram.o(i.MassWriteAddrValid)
    MassWriteAddrValid                       0x00000c59   Thumb Code    22  flashprogram.o(i.MassWriteAddrValid)
    i.MountDirectory                         0x00000c70   Section        0  efile.o(i.MountDirectory)
    i.OS_File_Append                         0x00000cc4   Section        0  efile.o(i.OS_File_Append)
    i.OS_File_Flush                          0x00000d00   Section        0  efile.o(i.OS_File_Flush)
    i.OS_File_Format                         0x00000d4c   Section        0  efile.o(i.OS_File_Format)
    i.OS_File_New                            0x00000d84   Section        0  efile.o(i.OS_File_New)
    i.OS_File_Read                           0x00000da4   Section        0  efile.o(i.OS_File_Read)
    i.OS_File_Size                           0x00000de8   Section        0  efile.o(i.OS_File_Size)
    i.PeriodicTask2_Init                     0x00000e18   Section        0  texas.o(i.PeriodicTask2_Init)
    i.Profile_Init                           0x00000ed4   Section        0  profile.o(i.Profile_Init)
    i.ST7735_InitR                           0x000010a8   Section        0  bsp.o(i.ST7735_InitR)
    ST7735_InitR                             0x000010a9   Thumb Code    12  bsp.o(i.ST7735_InitR)
    i.SetGrade                               0x000010b8   Section        0  texas.o(i.SetGrade)
    SetGrade                                 0x000010b9   Thumb Code   196  texas.o(i.SetGrade)
    i.TExaS_Init                             0x00001184   Section        0  texas.o(i.TExaS_Init)
    i.TIMER5A_Handler                        0x00002894   Section        0  texas.o(i.TIMER5A_Handler)
    i.UART_Init                              0x000028ac   Section        0  texas.o(i.UART_Init)
    i.UART_OutChar                           0x00002950   Section        0  texas.o(i.UART_OutChar)
    i.UART_OutString                         0x00002968   Section        0  texas.o(i.UART_OutString)
    i.UART_OutUDec                           0x00002980   Section        0  texas.o(i.UART_OutUDec)
    i.UART_OutUHex                           0x000029aa   Section        0  texas.o(i.UART_OutUHex)
    i.WideTimer3A_Handler                    0x000029e0   Section        0  bsp.o(i.WideTimer3A_Handler)
    i.WideTimer4A_Handler                    0x000029f8   Section        0  bsp.o(i.WideTimer4A_Handler)
    i.WideTimer5A_Handler                    0x00002a10   Section        0  bsp.o(i.WideTimer5A_Handler)
    i.WriteAddrValid                         0x00002a28   Section        0  flashprogram.o(i.WriteAddrValid)
    WriteAddrValid                           0x00002a29   Thumb Code    22  flashprogram.o(i.WriteAddrValid)
    i.appendfat                              0x00002a40   Section        0  efile.o(i.appendfat)
    i.commonInit                             0x00002a74   Section        0  bsp.o(i.commonInit)
    commonInit                               0x00002a75   Thumb Code   118  bsp.o(i.commonInit)
    i.eDisk_Format                           0x00002afc   Section        0  edisk.o(i.eDisk_Format)
    i.eDisk_Init                             0x00002b24   Section        0  edisk.o(i.eDisk_Init)
    i.eDisk_ReadSector                       0x00002b30   Section        0  edisk.o(i.eDisk_ReadSector)
    i.eDisk_WriteSector                      0x00002b62   Section        0  edisk.o(i.eDisk_WriteSector)
    i.fillmessage                            0x00002b9c   Section        0  bsp.o(i.fillmessage)
    fillmessage                              0x00002b9d   Thumb Code    64  bsp.o(i.fillmessage)
    i.fillmessage4                           0x00002be4   Section        0  bsp.o(i.fillmessage4)
    fillmessage4                             0x00002be5   Thumb Code    90  bsp.o(i.fillmessage4)
    i.findfreesector                         0x00002c48   Section        0  efile.o(i.findfreesector)
    i.lastsector                             0x00002c84   Section        0  efile.o(i.lastsector)
    i.main                                   0x00002ca4   Section        0  lab5.o(i.main)
    i.max                                    0x00002fa8   Section        0  efile.o(i.max)
    i.testbuildbuff                          0x00002fb8   Section        0  lab5.o(i.testbuildbuff)
    i.texasbuildbuff                         0x00002fe8   Section        0  texas.o(i.texasbuildbuff)
    texasbuildbuff                           0x00002fe9   Thumb Code    40  texas.o(i.texasbuildbuff)
    i.texascompare                           0x00003010   Section        0  texas.o(i.texascompare)
    texascompare                             0x00003011   Thumb Code    34  texas.o(i.texascompare)
    .constdata                               0x00003032   Section      128  bsp.o(.constdata)
    Rcmd1                                    0x00003032   Data          59  bsp.o(.constdata)
    Rcmd2green                               0x0000306d   Data          13  bsp.o(.constdata)
    Rcmd2red                                 0x0000307a   Data          13  bsp.o(.constdata)
    Rcmd3                                    0x00003087   Data          43  bsp.o(.constdata)
    .constdata                               0x000030b2   Section       18  lab5.o(.constdata)
    .constdata                               0x000030c4   Section       72  texas.o(.constdata)
    .conststring                             0x0000310c   Section     1162  texas.o(.conststring)
    .data                                    0x20000000   Section       92  bsp.o(.data)
    ClockFrequency                           0x20000000   Data           4  bsp.o(.data)
    PWMCycles                                0x20000004   Data           2  bsp.o(.data)
    firstCall                                0x20000050   Data           4  bsp.o(.data)
    x                                        0x20000054   Data           4  bsp.o(.data)
    y                                        0x20000058   Data           4  bsp.o(.data)
    .data                                    0x2000005c   Section        4  efile.o(.data)
    .data                                    0x20000060   Section       24  texas.o(.data)
    .bss                                     0x20000078   Section       12  bsp.o(.bss)
    .bss                                     0x20000084   Section     1024  efile.o(.bss)
    .bss                                     0x20000484   Section     1044  texas.o(.bss)
    .bss                                     0x20000898   Section       96  libspace.o(.bss)
    HEAP                                     0x200008f8   Section        0  startup_tm4c123.o(HEAP)
    STACK                                    0x200008f8   Section     1536  startup_tm4c123.o(STACK)
    Heap_Mem                                 0x200008f8   Data           0  startup_tm4c123.o(HEAP)
    Stack_Mem                                0x200008f8   Data        1536  startup_tm4c123.o(STACK)
    __initial_sp                             0x20000ef8   Data           0  startup_tm4c123.o(STACK)

    Global Symbols

    Symbol Name                              Value     Ov Type        Size  Object(Section)

    BuildAttributes$$THM_ISAv4$E$P$D$K$B$S$7EM$PE$A:L22UL41UL21$X:L11$S22US41US21$IEEE1$IW$USESV6$~STKCKD$USESV7$~SHL$OSPACE$ROPI$EBA8$UX$STANDARDLIB$REQ8$PRES8$EABIv2 0x00000000   Number         0  anon$$obj.o ABSOLUTE
    __ARM_use_no_argv                        0x00000000   Number         0  lab5.o ABSOLUTE
    __Vectors                                0x00000000   Data           4  startup_tm4c123.o(RESET)
    __ARM_exceptions_init                     - Undefined Weak Reference
    __alloca_initialize                       - Undefined Weak Reference
    __arm_preinit_                            - Undefined Weak Reference
    __cpp_initialize__aeabi_                  - Undefined Weak Reference
    __cxa_finalize                            - Undefined Weak Reference
    __rt_locale                               - Undefined Weak Reference
    __sigvec_lookup                           - Undefined Weak Reference
    _atexit_init                              - Undefined Weak Reference
    _call_atexit_fns                          - Undefined Weak Reference
    _clock_init                               - Undefined Weak Reference
    _fp_trap_init                             - Undefined Weak Reference
    _fp_trap_shutdown                         - Undefined Weak Reference
    _get_lc_collate                           - Undefined Weak Reference
    _get_lc_ctype                             - Undefined Weak Reference
    _get_lc_monetary                          - Undefined Weak Reference
    _get_lc_numeric                           - Undefined Weak Reference
    _get_lc_time                              - Undefined Weak Reference
    _getenv_init                              - Undefined Weak Reference
    _handle_redirection                       - Undefined Weak Reference
    _init_alloc                               - Undefined Weak Reference
    _init_user_alloc                          - Undefined Weak Reference
    _initio                                   - Undefined Weak Reference
    _rand_init                                - Undefined Weak Reference
    _signal_finish                            - Undefined Weak Reference
    _signal_init                              - Undefined Weak Reference
    _terminate_alloc                          - Undefined Weak Reference
    _terminate_user_alloc                     - Undefined Weak Reference
    _terminateio                              - Undefined Weak Reference
    __Vectors_End                            0x0000026c   Data           0  startup_tm4c123.o(RESET)
    __Vectors_Size                           0x0000026c   Number         0  startup_tm4c123.o ABSOLUTE
    __main                                   0x0000026d   Thumb Code     8  __main.o(!!!main)
    __scatterload                            0x00000275   Thumb Code     0  __scatter.o(!!!scatter)
    __scatterload_rt2                        0x00000275   Thumb Code    44  __scatter.o(!!!scatter)
    __scatterload_rt2_thumb_only             0x00000275   Thumb Code     0  __scatter.o(!!!scatter)
    __scatterload_null                       0x00000283   Thumb Code     0  __scatter.o(!!!scatter)
    __scatterload_copy                       0x000002a9   Thumb Code    26  __scatter_copy.o(!!handler_copy)
    __scatterload_zeroinit                   0x000002c5   Thumb Code    28  __scatter_zi.o(!!handler_zi)
    __rt_lib_init                            0x000002e1   Thumb Code     0  libinit.o(.ARM.Collect$$libinit$$00000000)
    __rt_lib_init_alloca_1                   0x000002e3   Thumb Code     0  libinit2.o(.ARM.Collect$$libinit$$0000002E)
    __rt_lib_init_argv_1                     0x000002e3   Thumb Code     0  libinit2.o(.ARM.Collect$$libinit$$0000002C)
    __rt_lib_init_atexit_1                   0x000002e3   Thumb Code     0  libinit2.o(.ARM.Collect$$libinit$$0000001B)
    __rt_lib_init_clock_1                    0x000002e3   Thumb Code     0  libinit2.o(.ARM.Collect$$libinit$$00000021)
    __rt_lib_init_cpp_1                      0x000002e3   Thumb Code     0  libinit2.o(.ARM.Collect$$libinit$$00000032)
    __rt_lib_init_exceptions_1               0x000002e3   Thumb Code     0  libinit2.o(.ARM.Collect$$libinit$$00000030)
    __rt_lib_init_fp_1                       0x000002e3   Thumb Code     0  libinit2.o(.ARM.Collect$$libinit$$00000002)
    __rt_lib_init_fp_trap_1                  0x000002e3   Thumb Code     0  libinit2.o(.ARM.Collect$$libinit$$0000001F)
    __rt_lib_init_getenv_1                   0x000002e3   Thumb Code     0  libinit2.o(.ARM.Collect$$libinit$$00000023)
    __rt_lib_init_heap_1                     0x000002e3   Thumb Code     0  libinit2.o(.ARM.Collect$$libinit$$0000000A)
    __rt_lib_init_lc_collate_1               0x000002e3   Thumb Code     0  libinit2.o(.ARM.Collect$$libinit$$00000011)
    __rt_lib_init_lc_ctype_1                 0x000002e3   Thumb Code     0  libinit2.o(.ARM.Collect$$libinit$$00000013)
    __rt_lib_init_lc_monetary_1              0x000002e3   Thumb Code     0  libinit2.o(.ARM.Collect$$libinit$$00000015)
    __rt_lib_init_lc_numeric_1               0x000002e3   Thumb Code     0  libinit2.o(.ARM.Collect$$libinit$$00000017)
    __rt_lib_init_lc_time_1                  0x000002e3   Thumb Code     0  libinit2.o(.ARM.Collect$$libinit$$00000019)
    __rt_lib_init_preinit_1                  0x000002e3   Thumb Code     0  libinit2.o(.ARM.Collect$$libinit$$00000004)
    __rt_lib_init_rand_1                     0x000002e3   Thumb Code     0  libinit2.o(.ARM.Collect$$libinit$$0000000E)
    __rt_lib_init_return                     0x000002e3   Thumb Code     0  libinit2.o(.ARM.Collect$$libinit$$00000033)
    __rt_lib_init_signal_1                   0x000002e3   Thumb Code     0  libinit2.o(.ARM.Collect$$libinit$$0000001D)
    __rt_lib_init_stdio_1                    0x000002e3   Thumb Code     0  libinit2.o(.ARM.Collect$$libinit$$00000025)
    __rt_lib_init_user_alloc_1               0x000002e3   Thumb Code     0  libinit2.o(.ARM.Collect$$libinit$$0000000C)
    __rt_lib_shutdown                        0x000002e5   Thumb Code     0  libshutdown.o(.ARM.Collect$$libshutdown$$00000000)
    __rt_lib_shutdown_cpp_1                  0x000002e7   Thumb Code     0  libshutdown2.o(.ARM.Collect$$libshutdown$$00000002)
    __rt_lib_shutdown_fp_trap_1              0x000002e7   Thumb Code     0  libshutdown2.o(.ARM.Collect$$libshutdown$$00000007)
    __rt_lib_shutdown_heap_1                 0x000002e7   Thumb Code     0  libshutdown2.o(.ARM.Collect$$libshutdown$$0000000F)
    __rt_lib_shutdown_return                 0x000002e7   Thumb Code     0  libshutdown2.o(.ARM.Collect$$libshutdown$$00000010)
    __rt_lib_shutdown_signal_1               0x000002e7   Thumb Code     0  libshutdown2.o(.ARM.Collect$$libshutdown$$0000000A)
    __rt_lib_shutdown_stdio_1                0x000002e7   Thumb Code     0  libshutdown2.o(.ARM.Collect$$libshutdown$$00000004)
    __rt_lib_shutdown_user_alloc_1           0x000002e7   Thumb Code     0  libshutdown2.o(.ARM.Collect$$libshutdown$$0000000C)
    __rt_entry                               0x000002e9   Thumb Code     0  __rtentry.o(.ARM.Collect$$rtentry$$00000000)
    __rt_entry_presh_1                       0x000002e9   Thumb Code     0  __rtentry2.o(.ARM.Collect$$rtentry$$00000002)
    __rt_entry_sh                            0x000002e9   Thumb Code     0  __rtentry4.o(.ARM.Collect$$rtentry$$00000004)
    __rt_entry_li                            0x000002ef   Thumb Code     0  __rtentry2.o(.ARM.Collect$$rtentry$$0000000A)
    __rt_entry_postsh_1                      0x000002ef   Thumb Code     0  __rtentry2.o(.ARM.Collect$$rtentry$$00000009)
    __rt_entry_main                          0x000002f3   Thumb Code     0  __rtentry2.o(.ARM.Collect$$rtentry$$0000000D)
    __rt_entry_postli_1                      0x000002f3   Thumb Code     0  __rtentry2.o(.ARM.Collect$$rtentry$$0000000C)
    __rt_exit                                0x000002fb   Thumb Code     0  rtexit.o(.ARM.Collect$$rtexit$$00000000)
    __rt_exit_ls                             0x000002fd   Thumb Code     0  rtexit2.o(.ARM.Collect$$rtexit$$00000003)
    __rt_exit_prels_1                        0x000002fd   Thumb Code     0  rtexit2.o(.ARM.Collect$$rtexit$$00000002)
    __rt_exit_exit                           0x00000301   Thumb Code     0  rtexit2.o(.ARM.Collect$$rtexit$$00000004)
    Reset_Handler                            0x00000309   Thumb Code     4  startup_tm4c123.o(.text)
    NMI_Handler                              0x0000030d   Thumb Code     2  startup_tm4c123.o(.text)
    HardFault_Handler                        0x0000030f   Thumb Code     2  startup_tm4c123.o(.text)
    MemManage_Handler                        0x00000311   Thumb Code     2  startup_tm4c123.o(.text)
    BusFault_Handler                         0x00000313   Thumb Code     2  startup_tm4c123.o(.text)
    UsageFault_Handler                       0x00000315   Thumb Code     2  startup_tm4c123.o(.text)
    SVC_Handler                              0x00000317   Thumb Code     2  startup_tm4c123.o(.text)
    DebugMon_Handler                         0x00000319   Thumb Code     2  startup_tm4c123.o(.text)
    PendSV_Handler                           0x0000031b   Thumb Code     2  startup_tm4c123.o(.text)
    SysTick_Handler                          0x0000031d   Thumb Code     2  startup_tm4c123.o(.text)
    GPIOPortA_Handler                        0x0000031f   Thumb Code     2  startup_tm4c123.o(.text)
    GPIOPortB_Handler                        0x00000321   Thumb Code     2  startup_tm4c123.o(.text)
    GPIOPortC_Handler                        0x00000323   Thumb Code     2  startup_tm4c123.o(.text)
    GPIOPortD_Handler                        0x00000325   Thumb Code     2  startup_tm4c123.o(.text)
    GPIOPortE_Handler                        0x00000327   Thumb Code     2  startup_tm4c123.o(.text)
    UART0_Handler                            0x00000329   Thumb Code     2  startup_tm4c123.o(.text)
    UART1_Handler                            0x0000032b   Thumb Code     2  startup_tm4c123.o(.text)
    SSI0_Handler                             0x0000032d   Thumb Code     2  startup_tm4c123.o(.text)
    I2C0_Handler                             0x0000032f   Thumb Code     2  startup_tm4c123.o(.text)
    PMW0_FAULT_Handler                       0x00000331   Thumb Code     2  startup_tm4c123.o(.text)
    PWM0Generator0_Handler                   0x00000333   Thumb Code     2  startup_tm4c123.o(.text)
    PWM0Generator1_Handler                   0x00000335   Thumb Code     2  startup_tm4c123.o(.text)
    PWM0Generator2_Handler                   0x00000337   Thumb Code     2  startup_tm4c123.o(.text)
    Quadrature0_Handler                      0x00000339   Thumb Code     2  startup_tm4c123.o(.text)
    ADC0Seq0_Handler                         0x0000033b   Thumb Code     2  startup_tm4c123.o(.text)
    ADC0Seq1_Handler                         0x0000033d   Thumb Code     2  startup_tm4c123.o(.text)
    ADC0Seq2_Handler                         0x0000033f   Thumb Code     2  startup_tm4c123.o(.text)
    ADC0Seq3_Handler                         0x00000341   Thumb Code     2  startup_tm4c123.o(.text)
    WDT_Handler                              0x00000343   Thumb Code     2  startup_tm4c123.o(.text)
    TIMER0A_Handler                          0x00000345   Thumb Code     2  startup_tm4c123.o(.text)
    TIMER0B_Handler                          0x00000347   Thumb Code     2  startup_tm4c123.o(.text)
    TIMER1A_Handler                          0x00000349   Thumb Code     2  startup_tm4c123.o(.text)
    TIMER1B_Handler                          0x0000034b   Thumb Code     2  startup_tm4c123.o(.text)
    TIMER2A_Handler                          0x0000034d   Thumb Code     2  startup_tm4c123.o(.text)
    TIMER2B_Handler                          0x0000034f   Thumb Code     2  startup_tm4c123.o(.text)
    COMP0_Handler                            0x00000351   Thumb Code     2  startup_tm4c123.o(.text)
    COMP1_Handler                            0x00000353   Thumb Code     2  startup_tm4c123.o(.text)
    COMP2_Handler                            0x00000355   Thumb Code     2  startup_tm4c123.o(.text)
    SYSCTL_Handler                           0x00000357   Thumb Code     2  startup_tm4c123.o(.text)
    FlashCtl_Handler                         0x00000359   Thumb Code     2  startup_tm4c123.o(.text)
    GPIOPortF_Handler                        0x0000035b   Thumb Code     2  startup_tm4c123.o(.text)
    GPIOPortG_Handler                        0x0000035d   Thumb Code     2  startup_tm4c123.o(.text)
    GPIOPortH_Handler                        0x0000035f   Thumb Code     2  startup_tm4c123.o(.text)
    UART2_Handler                            0x00000361   Thumb Code     2  startup_tm4c123.o(.text)
    SSI1_Handler                             0x00000363   Thumb Code     2  startup_tm4c123.o(.text)
    TIMER3A_Handler                          0x00000365   Thumb Code     2  startup_tm4c123.o(.text)
    TIMER3B_Handler                          0x00000367   Thumb Code     2  startup_tm4c123.o(.text)
    I2C1_Handler                             0x00000369   Thumb Code     2  startup_tm4c123.o(.text)
    Quadrature1_Handler                      0x0000036b   Thumb Code     2  startup_tm4c123.o(.text)
    CAN0_Handler                             0x0000036d   Thumb Code     2  startup_tm4c123.o(.text)
    CAN1_Handler                             0x0000036f   Thumb Code     2  startup_tm4c123.o(.text)
    CAN2_Handler                             0x00000371   Thumb Code     2  startup_tm4c123.o(.text)
    Hibernate_Handler                        0x00000373   Thumb Code     2  startup_tm4c123.o(.text)
    USB0_Handler                             0x00000375   Thumb Code     2  startup_tm4c123.o(.text)
    PWM0Generator3_Handler                   0x00000377   Thumb Code     2  startup_tm4c123.o(.text)
    UDMA_Handler                             0x00000379   Thumb Code     2  startup_tm4c123.o(.text)
    UDMAERR_Handler                          0x0000037b   Thumb Code     2  startup_tm4c123.o(.text)
    ADC1Seq0_Handler                         0x0000037d   Thumb Code     2  startup_tm4c123.o(.text)
    ADC1Seq1_Handler                         0x0000037f   Thumb Code     2  startup_tm4c123.o(.text)
    ADC1Seq2_Handler                         0x00000381   Thumb Code     2  startup_tm4c123.o(.text)
    ADC1Seq3_Handler                         0x00000383   Thumb Code     2  startup_tm4c123.o(.text)
    GPIOPortJ_Handler                        0x00000385   Thumb Code     2  startup_tm4c123.o(.text)
    GPIOPortK_Handler                        0x00000387   Thumb Code     2  startup_tm4c123.o(.text)
    GPIOPortL_Handler                        0x00000389   Thumb Code     2  startup_tm4c123.o(.text)
    SSI2_Handler                             0x0000038b   Thumb Code     2  startup_tm4c123.o(.text)
    SSI3_Handler                             0x0000038d   Thumb Code     2  startup_tm4c123.o(.text)
    UART3_Handler                            0x0000038f   Thumb Code     2  startup_tm4c123.o(.text)
    UART4_Handler                            0x00000391   Thumb Code     2  startup_tm4c123.o(.text)
    UART5_Handler                            0x00000393   Thumb Code     2  startup_tm4c123.o(.text)
    UART6_Handler                            0x00000395   Thumb Code     2  startup_tm4c123.o(.text)
    UART7_Handler                            0x00000397   Thumb Code     2  startup_tm4c123.o(.text)
    I2C2_Handler                             0x00000399   Thumb Code     2  startup_tm4c123.o(.text)
    I2C3_Handler                             0x0000039b   Thumb Code     2  startup_tm4c123.o(.text)
    TIMER4A_Handler                          0x0000039d   Thumb Code     2  startup_tm4c123.o(.text)
    TIMER4B_Handler                          0x0000039f   Thumb Code     2  startup_tm4c123.o(.text)
    TIMER5B_Handler                          0x000003a3   Thumb Code     2  startup_tm4c123.o(.text)
    WideTimer0A_Handler                      0x000003a5   Thumb Code     2  startup_tm4c123.o(.text)
    WideTimer0B_Handler                      0x000003a7   Thumb Code     2  startup_tm4c123.o(.text)
    WideTimer1A_Handler                      0x000003a9   Thumb Code     2  startup_tm4c123.o(.text)
    WideTimer1B_Handler                      0x000003ab   Thumb Code     2  startup_tm4c123.o(.text)
    WideTimer2A_Handler                      0x000003ad   Thumb Code     2  startup_tm4c123.o(.text)
    WideTimer2B_Handler                      0x000003af   Thumb Code     2  startup_tm4c123.o(.text)
    WideTimer3B_Handler                      0x000003b3   Thumb Code     2  startup_tm4c123.o(.text)
    WideTimer4B_Handler                      0x000003b7   Thumb Code     2  startup_tm4c123.o(.text)
    WideTimer5B_Handler                      0x000003bb   Thumb Code     2  startup_tm4c123.o(.text)
    FPU_Handler                              0x000003bd   Thumb Code     2  startup_tm4c123.o(.text)
    I2C4_Handler                             0x000003bf   Thumb Code     2  startup_tm4c123.o(.text)
    I2C5_Handler                             0x000003c1   Thumb Code     2  startup_tm4c123.o(.text)
    GPIOPortM_Handler                        0x000003c3   Thumb Code     2  startup_tm4c123.o(.text)
    GPIOPortN_Handler                        0x000003c5   Thumb Code     2  startup_tm4c123.o(.text)
    QEI2_Handler                             0x000003c7   Thumb Code     2  startup_tm4c123.o(.text)
    GPIOPortP0_Handler                       0x000003c9   Thumb Code     2  startup_tm4c123.o(.text)
    GPIOPortP1_Handler                       0x000003cb   Thumb Code     2  startup_tm4c123.o(.text)
    GPIOPortP2_Handler                       0x000003cd   Thumb Code     2  startup_tm4c123.o(.text)
    GPIOPortP3_Handler                       0x000003cf   Thumb Code     2  startup_tm4c123.o(.text)
    GPIOPortP4_Handler                       0x000003d1   Thumb Code     2  startup_tm4c123.o(.text)
    GPIOPortP5_Handler                       0x000003d3   Thumb Code     2  startup_tm4c123.o(.text)
    GPIOPortP6_Handler                       0x000003d5   Thumb Code     2  startup_tm4c123.o(.text)
    GPIOPortP7_Handler                       0x000003d7   Thumb Code     2  startup_tm4c123.o(.text)
    GPIOPortQ0_Handler                       0x000003d9   Thumb Code     2  startup_tm4c123.o(.text)
    GPIOPortQ1_Handler                       0x000003db   Thumb Code     2  startup_tm4c123.o(.text)
    GPIOPortQ2_Handler                       0x000003dd   Thumb Code     2  startup_tm4c123.o(.text)
    GPIOPortQ3_Handler                       0x000003df   Thumb Code     2  startup_tm4c123.o(.text)
    GPIOPortQ4_Handler                       0x000003e1   Thumb Code     2  startup_tm4c123.o(.text)
    GPIOPortQ5_Handler                       0x000003e3   Thumb Code     2  startup_tm4c123.o(.text)
    GPIOPortQ6_Handler                       0x000003e5   Thumb Code     2  startup_tm4c123.o(.text)
    GPIOPortQ7_Handler                       0x000003e7   Thumb Code     2  startup_tm4c123.o(.text)
    GPIOPortR_Handler                        0x000003e9   Thumb Code     2  startup_tm4c123.o(.text)
    GPIOPortS_Handler                        0x000003eb   Thumb Code     2  startup_tm4c123.o(.text)
    PWM1Generator0_Handler                   0x000003ed   Thumb Code     2  startup_tm4c123.o(.text)
    PWM1Generator1_Handler                   0x000003ef   Thumb Code     2  startup_tm4c123.o(.text)
    PWM1Generator2_Handler                   0x000003f1   Thumb Code     2  startup_tm4c123.o(.text)
    PWM1Generator3_Handler                   0x000003f3   Thumb Code     2  startup_tm4c123.o(.text)
    PWM1Fault_Handler                        0x000003f5   Thumb Code     2  startup_tm4c123.o(.text)
    DisableInterrupts                        0x000003fd   Thumb Code     0  startup_tm4c123.o(.text)
    EnableInterrupts                         0x00000401   Thumb Code     0  startup_tm4c123.o(.text)
    StartCritical                            0x00000405   Thumb Code     0  startup_tm4c123.o(.text)
    EndCritical                              0x0000040d   Thumb Code     0  startup_tm4c123.o(.text)
    WaitForInterrupt                         0x00000413   Thumb Code     0  startup_tm4c123.o(.text)
    __user_initial_stackheap                 0x00000417   Thumb Code     0  startup_tm4c123.o(.text)
    __use_two_region_memory                  0x0000042d   Thumb Code     2  heapauxi.o(.text)
    __rt_heap_escrow$2region                 0x0000042f   Thumb Code     2  heapauxi.o(.text)
    __rt_heap_expand$2region                 0x00000431   Thumb Code     2  heapauxi.o(.text)
    __user_setup_stackheap                   0x00000433   Thumb Code    74  sys_stackheap_outer.o(.text)
    exit                                     0x0000047d   Thumb Code    18  exit.o(.text)
    __user_libspace                          0x00000491   Thumb Code     8  libspace.o(.text)
    __user_perproc_libspace                  0x00000491   Thumb Code     0  libspace.o(.text)
    __user_perthread_libspace                0x00000491   Thumb Code     0  libspace.o(.text)
    _sys_exit                                0x00000499   Thumb Code     8  sys_exit.o(.text)
    __I$use$semihosting                      0x000004a5   Thumb Code     0  use_no_semi.o(.text)
    __use_no_semihosting_swi                 0x000004a5   Thumb Code     2  use_no_semi.o(.text)
    __semihosting_library_function           0x000004a7   Thumb Code     0  indicate_semi.o(.text)
    BSP_Button1_Init                         0x000004a9   Thumb Code   112  bsp.o(i.BSP_Button1_Init)
    BSP_Button1_Input                        0x00000529   Thumb Code     8  bsp.o(i.BSP_Button1_Input)
    BSP_Button2_Init                         0x00000535   Thumb Code   124  bsp.o(i.BSP_Button2_Init)
    BSP_Button2_Input                        0x000005c5   Thumb Code     8  bsp.o(i.BSP_Button2_Input)
    BSP_Clock_GetFreq                        0x000005d1   Thumb Code     6  bsp.o(i.BSP_Clock_GetFreq)
    BSP_Clock_InitFastest                    0x000005dd   Thumb Code   126  bsp.o(i.BSP_Clock_InitFastest)
    BSP_LCD_DrawChar                         0x00000669   Thumb Code    26  bsp.o(i.BSP_LCD_DrawChar)
    BSP_LCD_DrawString                       0x00000689   Thumb Code    86  bsp.o(i.BSP_LCD_DrawString)
    BSP_LCD_FillScreen                       0x000006df   Thumb Code     2  bsp.o(i.BSP_LCD_FillScreen)
    BSP_LCD_Init                             0x000006e1   Thumb Code    16  bsp.o(i.BSP_LCD_Init)
    BSP_LCD_OutUDec4                         0x00000715   Thumb Code   116  bsp.o(i.BSP_LCD_OutUDec4)
    BSP_LCD_SetCursor                        0x0000079d   Thumb Code   214  bsp.o(i.BSP_LCD_SetCursor)
    BSP_Time_Init                            0x0000088d   Thumb Code    94  bsp.o(i.BSP_Time_Init)
    BSP_UART0_OutChar                        0x000008f9   Thumb Code    20  bsp.o(i.BSP_UART0_OutChar)
    BSP_UART0_OutString                      0x00000911   Thumb Code    24  bsp.o(i.BSP_UART0_OutString)
    DisplayDirectory                         0x00000929   Thumb Code   254  lab5.o(i.DisplayDirectory)
    Flash_Erase                              0x00000ac1   Thumb Code    84  flashprogram.o(i.Flash_Erase)
    Flash_FastWrite                          0x00000b25   Thumb Code   114  flashprogram.o(i.Flash_FastWrite)
    Flash_Write                              0x00000bad   Thumb Code    88  flashprogram.o(i.Flash_Write)
    Flash_WriteArray                         0x00000c15   Thumb Code    46  flashprogram.o(i.Flash_WriteArray)
    LogicAnalyzer                            0x00000c45   Thumb Code    12  texas.o(i.LogicAnalyzer)
    MountDirectory                           0x00000c71   Thumb Code    66  efile.o(i.MountDirectory)
    OS_File_Append                           0x00000cc5   Thumb Code    54  efile.o(i.OS_File_Append)
    OS_File_Flush                            0x00000d01   Thumb Code    58  efile.o(i.OS_File_Flush)
    OS_File_Format                           0x00000d4d   Thumb Code    44  efile.o(i.OS_File_Format)
    OS_File_New                              0x00000d85   Thumb Code    28  efile.o(i.OS_File_New)
    OS_File_Read                             0x00000da5   Thumb Code    58  efile.o(i.OS_File_Read)
    OS_File_Size                             0x00000de9   Thumb Code    40  efile.o(i.OS_File_Size)
    PeriodicTask2_Init                       0x00000e19   Thumb Code   164  texas.o(i.PeriodicTask2_Init)
    Profile_Init                             0x00000ed5   Thumb Code   418  profile.o(i.Profile_Init)
    TExaS_Init                               0x00001185   Thumb Code  5820  texas.o(i.TExaS_Init)
    TIMER5A_Handler                          0x00002895   Thumb Code    16  texas.o(i.TIMER5A_Handler)
    UART_Init                                0x000028ad   Thumb Code   148  texas.o(i.UART_Init)
    UART_OutChar                             0x00002951   Thumb Code    20  texas.o(i.UART_OutChar)
    UART_OutString                           0x00002969   Thumb Code    24  texas.o(i.UART_OutString)
    UART_OutUDec                             0x00002981   Thumb Code    42  texas.o(i.UART_OutUDec)
    UART_OutUHex                             0x000029ab   Thumb Code    52  texas.o(i.UART_OutUHex)
    WideTimer3A_Handler                      0x000029e1   Thumb Code    16  bsp.o(i.WideTimer3A_Handler)
    WideTimer4A_Handler                      0x000029f9   Thumb Code    16  bsp.o(i.WideTimer4A_Handler)
    WideTimer5A_Handler                      0x00002a11   Thumb Code    16  bsp.o(i.WideTimer5A_Handler)
    appendfat                                0x00002a41   Thumb Code    42  efile.o(i.appendfat)
    eDisk_Format                             0x00002afd   Thumb Code    36  edisk.o(i.eDisk_Format)
    eDisk_Init                               0x00002b25   Thumb Code    12  edisk.o(i.eDisk_Init)
    eDisk_ReadSector                         0x00002b31   Thumb Code    50  edisk.o(i.eDisk_ReadSector)
    eDisk_WriteSector                        0x00002b63   Thumb Code    56  edisk.o(i.eDisk_WriteSector)
    findfreesector                           0x00002c49   Thumb Code    54  efile.o(i.findfreesector)
    lastsector                               0x00002c85   Thumb Code    28  efile.o(i.lastsector)
    main                                     0x00002ca5   Thumb Code   534  lab5.o(i.main)
    max                                      0x00002fa9   Thumb Code    14  efile.o(i.max)
    testbuildbuff                            0x00002fb9   Thumb Code    44  lab5.o(i.testbuildbuff)
    ColorArray                               0x000030b2   Data          18  lab5.o(.constdata)
    Key                                      0x000030c4   Data           8  texas.o(.constdata)
    Scramble                                 0x000030cc   Data          32  texas.o(.constdata)
    DeScramble                               0x000030ec   Data          32  texas.o(.constdata)
    Region$$Table$$Base                      0x00003598   Number         0  anon$$obj.o(Region$$Table)
    Region$$Table$$Limit                     0x000035b8   Number         0  anon$$obj.o(Region$$Table)
    StX                                      0x20000008   Data           4  bsp.o(.data)
    StY                                      0x2000000c   Data           4  bsp.o(.data)
    StTextColor                              0x20000010   Data           2  bsp.o(.data)
    Messageindex                             0x20000014   Data           4  bsp.o(.data)
    TimeIndex                                0x20000018   Data           4  bsp.o(.data)
    Ymax                                     0x2000001c   Data           4  bsp.o(.data)
    Ymin                                     0x20000020   Data           4  bsp.o(.data)
    Yrange                                   0x20000024   Data           4  bsp.o(.data)
    PlotBGColor                              0x20000028   Data           2  bsp.o(.data)
    PeriodicTask                             0x2000002c   Data           4  bsp.o(.data)
    PeriodicTaskB                            0x20000030   Data           4  bsp.o(.data)
    PeriodicTaskC                            0x20000034   Data           4  bsp.o(.data)
    LightBusy                                0x20000038   Data           4  bsp.o(.data)
    LightStart                               0x2000003c   Data           4  bsp.o(.data)
    LightCalls                               0x20000040   Data           4  bsp.o(.data)
    TempBusy                                 0x20000044   Data           4  bsp.o(.data)
    TempStart                                0x20000048   Data           4  bsp.o(.data)
    TempCalls                                0x2000004c   Data           4  bsp.o(.data)
    bDirectoryLoaded                         0x2000005c   Data           4  efile.o(.data)
    LogicData                                0x20000060   Data           1  texas.o(.data)
    Id                                       0x20000064   Data           4  texas.o(.data)
    PeriodicTask2                            0x20000068   Data           4  texas.o(.data)
    Messageindexb                            0x2000006c   Data           4  texas.o(.data)
    Messageb                                 0x20000070   Data           8  texas.o(.data)
    Message                                  0x20000078   Data          12  bsp.o(.bss)
    Buff                                     0x20000084   Data         512  efile.o(.bss)
    Directory                                0x20000284   Data         256  efile.o(.bss)
    FAT                                      0x20000384   Data         256  efile.o(.bss)
    MagicCode                                0x20000484   Data          10  texas.o(.bss)
    EncriptedMagicCode                       0x2000048e   Data          10  texas.o(.bss)
    blockBuffer                              0x20000498   Data         512  texas.o(.bss)
    readBuffer                               0x20000698   Data         512  texas.o(.bss)
    __libspace_start                         0x20000898   Data          96  libspace.o(.bss)
    __temporary_stack_top$libspace           0x200008f8   Data           0  libspace.o(.bss)



==============================================================================

Memory Map of the image

  Image Entry point : 0x00000309

  Load Region LR_1 (Base: 0x00000000, Size: 0x00003630, Max: 0xffffffff, ABSOLUTE)

    Execution Region ER_RO (Exec base: 0x00000000, Load base: 0x00000000, Size: 0x000035b8, Max: 0xffffffff, ABSOLUTE)

    Exec Addr    Load Addr    Size         Type   Attr      Idx    E Section Name        Object

    0x00000000   0x00000000   0x0000026c   Data   RO          891    RESET               startup_tm4c123.o
    0x0000026c   0x0000026c   0x00000008   Code   RO          963  * !!!main             c_w.l(__main.o)
    0x00000274   0x00000274   0x00000034   Code   RO         1120    !!!scatter          c_w.l(__scatter.o)
    0x000002a8   0x000002a8   0x0000001a   Code   RO         1122    !!handler_copy      c_w.l(__scatter_copy.o)
    0x000002c2   0x000002c2   0x00000002   PAD
    0x000002c4   0x000002c4   0x0000001c   Code   RO         1124    !!handler_zi        c_w.l(__scatter_zi.o)
    0x000002e0   0x000002e0   0x00000002   Code   RO          990    .ARM.Collect$$libinit$$00000000  c_w.l(libinit.o)
    0x000002e2   0x000002e2   0x00000000   Code   RO          997    .ARM.Collect$$libinit$$00000002  c_w.l(libinit2.o)
    0x000002e2   0x000002e2   0x00000000   Code   RO          999    .ARM.Collect$$libinit$$00000004  c_w.l(libinit2.o)
    0x000002e2   0x000002e2   0x00000000   Code   RO         1002    .ARM.Collect$$libinit$$0000000A  c_w.l(libinit2.o)
    0x000002e2   0x000002e2   0x00000000   Code   RO         1004    .ARM.Collect$$libinit$$0000000C  c_w.l(libinit2.o)
    0x000002e2   0x000002e2   0x00000000   Code   RO         1006    .ARM.Collect$$libinit$$0000000E  c_w.l(libinit2.o)
    0x000002e2   0x000002e2   0x00000000   Code   RO         1009    .ARM.Collect$$libinit$$00000011  c_w.l(libinit2.o)
    0x000002e2   0x000002e2   0x00000000   Code   RO         1011    .ARM.Collect$$libinit$$00000013  c_w.l(libinit2.o)
    0x000002e2   0x000002e2   0x00000000   Code   RO         1013    .ARM.Collect$$libinit$$00000015  c_w.l(libinit2.o)
    0x000002e2   0x000002e2   0x00000000   Code   RO         1015    .ARM.Collect$$libinit$$00000017  c_w.l(libinit2.o)
    0x000002e2   0x000002e2   0x00000000   Code   RO         1017    .ARM.Collect$$libinit$$00000019  c_w.l(libinit2.o)
    0x000002e2   0x000002e2   0x00000000   Code   RO         1019    .ARM.Collect$$libinit$$0000001B  c_w.l(libinit2.o)
    0x000002e2   0x000002e2   0x00000000   Code   RO         1021    .ARM.Collect$$libinit$$0000001D  c_w.l(libinit2.o)
    0x000002e2   0x000002e2   0x00000000   Code   RO         1023    .ARM.Collect$$libinit$$0000001F  c_w.l(libinit2.o)
    0x000002e2   0x000002e2   0x00000000   Code   RO         1025    .ARM.Collect$$libinit$$00000021  c_w.l(libinit2.o)
    0x000002e2   0x000002e2   0x00000000   Code   RO         1027    .ARM.Collect$$libinit$$00000023  c_w.l(libinit2.o)
    0x000002e2   0x000002e2   0x00000000   Code   RO         1029    .ARM.Collect$$libinit$$00000025  c_w.l(libinit2.o)
    0x000002e2   0x000002e2   0x00000000   Code   RO         1033    .ARM.Collect$$libinit$$0000002C  c_w.l(libinit2.o)
    0x000002e2   0x000002e2   0x00000000   Code   RO         1035    .ARM.Collect$$libinit$$0000002E  c_w.l(libinit2.o)
    0x000002e2   0x000002e2   0x00000000   Code   RO         1037    .ARM.Collect$$libinit$$00000030  c_w.l(libinit2.o)
    0x000002e2   0x000002e2   0x00000000   Code   RO         1039    .ARM.Collect$$libinit$$00000032  c_w.l(libinit2.o)
    0x000002e2   0x000002e2   0x00000002   Code   RO         1040    .ARM.Collect$$libinit$$00000033  c_w.l(libinit2.o)
    0x000002e4   0x000002e4   0x00000002   Code   RO         1060    .ARM.Collect$$libshutdown$$00000000  c_w.l(libshutdown.o)
    0x000002e6   0x000002e6   0x00000000   Code   RO         1073    .ARM.Collect$$libshutdown$$00000002  c_w.l(libshutdown2.o)
    0x000002e6   0x000002e6   0x00000000   Code   RO         1075    .ARM.Collect$$libshutdown$$00000004  c_w.l(libshutdown2.o)
    0x000002e6   0x000002e6   0x00000000   Code   RO         1078    .ARM.Collect$$libshutdown$$00000007  c_w.l(libshutdown2.o)
    0x000002e6   0x000002e6   0x00000000   Code   RO         1081    .ARM.Collect$$libshutdown$$0000000A  c_w.l(libshutdown2.o)
    0x000002e6   0x000002e6   0x00000000   Code   RO         1083    .ARM.Collect$$libshutdown$$0000000C  c_w.l(libshutdown2.o)
    0x000002e6   0x000002e6   0x00000000   Code   RO         1086    .ARM.Collect$$libshutdown$$0000000F  c_w.l(libshutdown2.o)
    0x000002e6   0x000002e6   0x00000002   Code   RO         1087    .ARM.Collect$$libshutdown$$00000010  c_w.l(libshutdown2.o)
    0x000002e8   0x000002e8   0x00000000   Code   RO          965    .ARM.Collect$$rtentry$$00000000  c_w.l(__rtentry.o)
    0x000002e8   0x000002e8   0x00000000   Code   RO          967    .ARM.Collect$$rtentry$$00000002  c_w.l(__rtentry2.o)
    0x000002e8   0x000002e8   0x00000006   Code   RO          979    .ARM.Collect$$rtentry$$00000004  c_w.l(__rtentry4.o)
    0x000002ee   0x000002ee   0x00000000   Code   RO          969    .ARM.Collect$$rtentry$$00000009  c_w.l(__rtentry2.o)
    0x000002ee   0x000002ee   0x00000004   Code   RO          970    .ARM.Collect$$rtentry$$0000000A  c_w.l(__rtentry2.o)
    0x000002f2   0x000002f2   0x00000000   Code   RO          972    .ARM.Collect$$rtentry$$0000000C  c_w.l(__rtentry2.o)
    0x000002f2   0x000002f2   0x00000008   Code   RO          973    .ARM.Collect$$rtentry$$0000000D  c_w.l(__rtentry2.o)
    0x000002fa   0x000002fa   0x00000002   Code   RO          994    .ARM.Collect$$rtexit$$00000000  c_w.l(rtexit.o)
    0x000002fc   0x000002fc   0x00000000   Code   RO         1042    .ARM.Collect$$rtexit$$00000002  c_w.l(rtexit2.o)
    0x000002fc   0x000002fc   0x00000004   Code   RO         1043    .ARM.Collect$$rtexit$$00000003  c_w.l(rtexit2.o)
    0x00000300   0x00000300   0x00000006   Code   RO         1044    .ARM.Collect$$rtexit$$00000004  c_w.l(rtexit2.o)
    0x00000306   0x00000306   0x00000002   PAD
    0x00000308   0x00000308   0x00000124   Code   RO          892  * .text               startup_tm4c123.o
    0x0000042c   0x0000042c   0x00000006   Code   RO          961    .text               c_w.l(heapauxi.o)
    0x00000432   0x00000432   0x0000004a   Code   RO          981    .text               c_w.l(sys_stackheap_outer.o)
    0x0000047c   0x0000047c   0x00000012   Code   RO          983    .text               c_w.l(exit.o)
    0x0000048e   0x0000048e   0x00000002   PAD
    0x00000490   0x00000490   0x00000008   Code   RO          991    .text               c_w.l(libspace.o)
    0x00000498   0x00000498   0x0000000c   Code   RO         1052    .text               c_w.l(sys_exit.o)
    0x000004a4   0x000004a4   0x00000002   Code   RO         1063    .text               c_w.l(use_no_semi.o)
    0x000004a6   0x000004a6   0x00000000   Code   RO         1065    .text               c_w.l(indicate_semi.o)
    0x000004a6   0x000004a6   0x00000002   PAD
    0x000004a8   0x000004a8   0x00000080   Code   RO            4    i.BSP_Button1_Init  bsp.o
    0x00000528   0x00000528   0x0000000c   Code   RO            5    i.BSP_Button1_Input  bsp.o
    0x00000534   0x00000534   0x00000090   Code   RO            6    i.BSP_Button2_Init  bsp.o
    0x000005c4   0x000005c4   0x0000000c   Code   RO            7    i.BSP_Button2_Input  bsp.o
    0x000005d0   0x000005d0   0x0000000c   Code   RO           10    i.BSP_Clock_GetFreq  bsp.o
    0x000005dc   0x000005dc   0x0000008c   Code   RO           11    i.BSP_Clock_InitFastest  bsp.o
    0x00000668   0x00000668   0x00000020   Code   RO           17    i.BSP_LCD_DrawChar  bsp.o
    0x00000688   0x00000688   0x00000056   Code   RO           22    i.BSP_LCD_DrawString  bsp.o
    0x000006de   0x000006de   0x00000002   Code   RO           25    i.BSP_LCD_FillScreen  bsp.o
    0x000006e0   0x000006e0   0x00000034   Code   RO           26    i.BSP_LCD_Init      bsp.o
    0x00000714   0x00000714   0x00000088   Code   RO           28    i.BSP_LCD_OutUDec4  bsp.o
    0x0000079c   0x0000079c   0x000000f0   Code   RO           34    i.BSP_LCD_SetCursor  bsp.o
    0x0000088c   0x0000088c   0x0000006c   Code   RO           58    i.BSP_Time_Init     bsp.o
    0x000008f8   0x000008f8   0x00000018   Code   RO           59    i.BSP_UART0_OutChar  bsp.o
    0x00000910   0x00000910   0x00000018   Code   RO           60    i.BSP_UART0_OutString  bsp.o
    0x00000928   0x00000928   0x00000118   Code   RO          532    i.DisplayDirectory  lab5.o
    0x00000a40   0x00000a40   0x00000068   Code   RO          664    i.Encrypt           texas.o
    0x00000aa8   0x00000aa8   0x00000016   Code   RO          481    i.EraseAddrValid    flashprogram.o
    0x00000abe   0x00000abe   0x00000002   PAD
    0x00000ac0   0x00000ac0   0x00000064   Code   RO          482    i.Flash_Erase       flashprogram.o
    0x00000b24   0x00000b24   0x00000088   Code   RO          483    i.Flash_FastWrite   flashprogram.o
    0x00000bac   0x00000bac   0x00000068   Code   RO          485    i.Flash_Write       flashprogram.o
    0x00000c14   0x00000c14   0x0000002e   Code   RO          486    i.Flash_WriteArray  flashprogram.o
    0x00000c42   0x00000c42   0x00000002   PAD
    0x00000c44   0x00000c44   0x00000014   Code   RO          665    i.LogicAnalyzer     texas.o
    0x00000c58   0x00000c58   0x00000016   Code   RO          487    i.MassWriteAddrValid  flashprogram.o
    0x00000c6e   0x00000c6e   0x00000002   PAD
    0x00000c70   0x00000c70   0x00000054   Code   RO          588    i.MountDirectory    efile.o
    0x00000cc4   0x00000cc4   0x0000003c   Code   RO          589    i.OS_File_Append    efile.o
    0x00000d00   0x00000d00   0x0000004c   Code   RO          590    i.OS_File_Flush     efile.o
    0x00000d4c   0x00000d4c   0x00000038   Code   RO          591    i.OS_File_Format    efile.o
    0x00000d84   0x00000d84   0x00000020   Code   RO          592    i.OS_File_New       efile.o
    0x00000da4   0x00000da4   0x00000044   Code   RO          593    i.OS_File_Read      efile.o
    0x00000de8   0x00000de8   0x00000030   Code   RO          594    i.OS_File_Size      efile.o
    0x00000e18   0x00000e18   0x000000bc   Code   RO          666    i.PeriodicTask2_Init  texas.o
    0x00000ed4   0x00000ed4   0x000001d4   Code   RO          571    i.Profile_Init      profile.o
    0x000010a8   0x000010a8   0x00000010   Code   RO           61    i.ST7735_InitR      bsp.o
    0x000010b8   0x000010b8   0x000000cc   Code   RO          668    i.SetGrade          texas.o
    0x00001184   0x00001184   0x00001710   Code   RO          669    i.TExaS_Init        texas.o
    0x00002894   0x00002894   0x00000018   Code   RO          678    i.TIMER5A_Handler   texas.o
    0x000028ac   0x000028ac   0x000000a4   Code   RO          684    i.UART_Init         texas.o
    0x00002950   0x00002950   0x00000018   Code   RO          685    i.UART_OutChar      texas.o
    0x00002968   0x00002968   0x00000018   Code   RO          687    i.UART_OutString    texas.o
    0x00002980   0x00002980   0x0000002a   Code   RO          688    i.UART_OutUDec      texas.o
    0x000029aa   0x000029aa   0x00000034   Code   RO          692    i.UART_OutUHex      texas.o
    0x000029de   0x000029de   0x00000002   PAD
    0x000029e0   0x000029e0   0x00000018   Code   RO           62    i.WideTimer3A_Handler  bsp.o
    0x000029f8   0x000029f8   0x00000018   Code   RO           63    i.WideTimer4A_Handler  bsp.o
    0x00002a10   0x00002a10   0x00000018   Code   RO           64    i.WideTimer5A_Handler  bsp.o
    0x00002a28   0x00002a28   0x00000016   Code   RO          488    i.WriteAddrValid    flashprogram.o
    0x00002a3e   0x00002a3e   0x00000002   PAD
    0x00002a40   0x00002a40   0x00000034   Code   RO          595    i.appendfat         efile.o
    0x00002a74   0x00002a74   0x00000088   Code   RO           66    i.commonInit        bsp.o
    0x00002afc   0x00002afc   0x00000028   Code   RO          445    i.eDisk_Format      edisk.o
    0x00002b24   0x00002b24   0x0000000c   Code   RO          446    i.eDisk_Init        edisk.o
    0x00002b30   0x00002b30   0x00000032   Code   RO          447    i.eDisk_ReadSector  edisk.o
    0x00002b62   0x00002b62   0x00000038   Code   RO          448    i.eDisk_WriteSector  edisk.o
    0x00002b9a   0x00002b9a   0x00000002   PAD
    0x00002b9c   0x00002b9c   0x00000048   Code   RO           67    i.fillmessage       bsp.o
    0x00002be4   0x00002be4   0x00000064   Code   RO           70    i.fillmessage4      bsp.o
    0x00002c48   0x00002c48   0x0000003c   Code   RO          596    i.findfreesector    efile.o
    0x00002c84   0x00002c84   0x00000020   Code   RO          597    i.lastsector        efile.o
    0x00002ca4   0x00002ca4   0x00000304   Code   RO          533    i.main              lab5.o
    0x00002fa8   0x00002fa8   0x0000000e   Code   RO          598    i.max               efile.o
    0x00002fb6   0x00002fb6   0x00000002   PAD
    0x00002fb8   0x00002fb8   0x00000030   Code   RO          534    i.testbuildbuff     lab5.o
    0x00002fe8   0x00002fe8   0x00000028   Code   RO          696    i.texasbuildbuff    texas.o
    0x00003010   0x00003010   0x00000022   Code   RO          697    i.texascompare      texas.o
    0x00003032   0x00003032   0x00000080   Data   RO           74    .constdata          bsp.o
    0x000030b2   0x000030b2   0x00000012   Data   RO          535    .constdata          lab5.o
    0x000030c4   0x000030c4   0x00000048   Data   RO          699    .constdata          texas.o
    0x0000310c   0x0000310c   0x0000048a   Data   RO          700    .conststring        texas.o
    0x00003596   0x00003596   0x00000002   PAD
    0x00003598   0x00003598   0x00000020   Data   RO         1118    Region$$Table       anon$$obj.o


    Execution Region ER_RW (Exec base: 0x20000000, Load base: 0x000035b8, Size: 0x00000078, Max: 0xffffffff, ABSOLUTE)

    Exec Addr    Load Addr    Size         Type   Attr      Idx    E Section Name        Object

    0x20000000   0x000035b8   0x0000005c   Data   RW           75    .data               bsp.o
    0x2000005c   0x00003614   0x00000004   Data   RW          600    .data               efile.o
    0x20000060   0x00003618   0x00000018   Data   RW          701    .data               texas.o


    Execution Region ER_ZI (Exec base: 0x20000078, Load base: 0x00003630, Size: 0x00000e80, Max: 0xffffffff, ABSOLUTE)

    Exec Addr    Load Addr    Size         Type   Attr      Idx    E Section Name        Object

    0x20000078        -       0x0000000c   Zero   RW           73    .bss                bsp.o
    0x20000084        -       0x00000400   Zero   RW          599    .bss                efile.o
    0x20000484        -       0x00000414   Zero   RW          698    .bss                texas.o
    0x20000898        -       0x00000060   Zero   RW          992    .bss                c_w.l(libspace.o)
    0x200008f8        -       0x00000000   Zero   RW          890    HEAP                startup_tm4c123.o
    0x200008f8        -       0x00000600   Zero   RW          889    STACK               startup_tm4c123.o


==============================================================================

Image component sizes


      Code (inc. data)   RO Data    RW Data    ZI Data      Debug   Object Name

      1548        234        128         92         12      18221   bsp.o
       158          4          0          0          0       2991   edisk.o
       582         96          0          4       1024       6573   efile.o
       452         54          0          0          0       4933   flashprogram.o
      1100        268         18          0          0       2952   lab5.o
       468         50          0          0          0        523   profile.o
       292         18        620          0       1536       5660   startup_tm4c123.o
      6824       3174       1234         24       1044      13678   texas.o

    ----------------------------------------------------------------------
     11438       3898       2034        120       3616      55531   Object Totals
         0          0         32          0          0          0   (incl. Generated)
        14          0          2          0          0          0   (incl. Padding)

    ----------------------------------------------------------------------

      Code (inc. data)   RO Data    RW Data    ZI Data      Debug   Library Member Name

         8          0          0          0          0         68   __main.o
         0          0          0          0          0          0   __rtentry.o
        12          0          0          0          0          0   __rtentry2.o
         6          0          0          0          0          0   __rtentry4.o
        52          8          0          0          0          0   __scatter.o
        26          0          0          0          0          0   __scatter_copy.o
        28          0          0          0          0          0   __scatter_zi.o
        18          0          0          0          0         80   exit.o
         6          0          0          0          0        152   heapauxi.o
         0          0          0          0          0          0   indicate_semi.o
         2          0          0          0          0          0   libinit.o
         2          0          0          0          0          0   libinit2.o
         2          0          0          0          0          0   libshutdown.o
         2          0          0          0          0          0   libshutdown2.o
         8          4          0          0         96         68   libspace.o
         2          0          0          0          0          0   rtexit.o
        10          0          0          0          0          0   rtexit2.o
        12          4          0          0          0         68   sys_exit.o
        74          0          0          0          0         80   sys_stackheap_outer.o
         2          0          0          0          0         68   use_no_semi.o

    ----------------------------------------------------------------------
       280         16          0          0         96        584   Library Totals
         8          0          0          0          0          0   (incl. Padding)

    ----------------------------------------------------------------------

      Code (inc. data)   RO Data    RW Data    ZI Data      Debug   Library Name

       272         16          0          0         96        584   c_w.l

    ----------------------------------------------------------------------
       280         16          0          0         96        584   Library Totals

    ----------------------------------------------------------------------

==============================================================================


      Code (inc. data)   RO Data    RW Data    ZI Data      Debug   

     11718       3914       2034        120       3712      52991   Grand Totals
     11718       3914       2034        120       3712      52991   ELF Image Totals
     11718       3914       2034        120          0          0   ROM Totals

==============================================================================

    Total RO  Size (Code + RO Data)                13752 (  13.43kB)
    Total RW  Size (RW Data + ZI Data)              3832 (   3.74kB)
    Total ROM Size (Code + RO Data + RW Data)      13872 (  13.55kB)

==============================================================================

